Component: ARM Compiler 5.05 update 1 (build 106) Tool: armlink [4d0efa]

==============================================================================

Section Cross References

    main.o(.text) refers to misc.o(.text) for NVIC_SetVectorTable
    main.o(.text) refers to sys.o(.text) for NVIC_Configuration
    main.o(.text) refers to data_map.o(.text) for data_map_init
    main.o(.text) refers to delay.o(.text) for delay_init
    main.o(.text) refers to usart3.o(.text) for USART3_Init
    main.o(.text) refers to myiic.o(.text) for IIC_Init
    main.o(.text) refers to usart1.o(.text) for RF_Init
    main.o(.text) refers to interruptdef.o(.text) for time3_init
    main.o(.text) refers to led.o(.text) for LED_Init
    main.o(.text) refers to collect.o(.text) for addressIdinit
    main.o(.text) refers to light.o(.text) for Light_Init
    main.o(.text) refers to key.o(.text) for Key_Init
    main.o(.text) refers to sgp30.o(.text) for sgp_probe
    main.o(.text) refers to wdg.o(.text) for IWDG_Init
    main.o(.text) refers to deal.o(.text) for deal
    system_stm32f10x.o(.text) refers to system_stm32f10x.o(.data) for SystemCoreClock
    startup_stm32f10x_md.o(STACK) refers (Special) to heapauxi.o(.text) for __use_two_region_memory
    startup_stm32f10x_md.o(HEAP) refers (Special) to heapauxi.o(.text) for __use_two_region_memory
    startup_stm32f10x_md.o(RESET) refers (Special) to heapauxi.o(.text) for __use_two_region_memory
    startup_stm32f10x_md.o(RESET) refers to startup_stm32f10x_md.o(STACK) for __initial_sp
    startup_stm32f10x_md.o(RESET) refers to startup_stm32f10x_md.o(.text) for Reset_Handler
    startup_stm32f10x_md.o(RESET) refers to stm32f10x_it.o(.text) for NMI_Handler
    startup_stm32f10x_md.o(RESET) refers to interruptdef.o(.text) for TIM3_IRQHandler
    startup_stm32f10x_md.o(RESET) refers to usart1.o(.text) for USART1_IRQHandler
    startup_stm32f10x_md.o(RESET) refers to usart3.o(.text) for USART3_IRQHandler
    startup_stm32f10x_md.o(RESET) refers to key.o(.text) for EXTI15_10_IRQHandler
    startup_stm32f10x_md.o(.text) refers (Special) to heapauxi.o(.text) for __use_two_region_memory
    startup_stm32f10x_md.o(.text) refers to system_stm32f10x.o(.text) for SystemInit
    startup_stm32f10x_md.o(.text) refers to __main.o(!!!main) for __main
    startup_stm32f10x_md.o(.text) refers to startup_stm32f10x_md.o(HEAP) for Heap_Mem
    startup_stm32f10x_md.o(.text) refers to startup_stm32f10x_md.o(STACK) for Stack_Mem
    stm32f10x_gpio.o(.text) refers to stm32f10x_rcc.o(.text) for RCC_APB2PeriphResetCmd
    stm32f10x_rcc.o(.text) refers to stm32f10x_rcc.o(.data) for APBAHBPrescTable
    stm32f10x_usart.o(.text) refers to stm32f10x_rcc.o(.text) for RCC_APB2PeriphResetCmd
    stm32f10x_tim.o(.text) refers to stm32f10x_rcc.o(.text) for RCC_APB2PeriphResetCmd
    sht21.o(.text) refers to myiic.o(.text) for IIC_Init
    sht21.o(.text) refers to delay.o(.text) for delay_us
    sht21.o(.text) refers to fflt_clz.o(x$fpl$ffltu) for __aeabi_ui2f
    sht21.o(.text) refers to f2d.o(x$fpl$f2d) for __aeabi_f2d
    sht21.o(.text) refers to dmul.o(x$fpl$dmul) for __aeabi_dmul
    sht21.o(.text) refers to daddsub_clz.o(x$fpl$dsub) for __aeabi_dsub
    sht21.o(.text) refers to d2f.o(x$fpl$d2f) for __aeabi_d2f
    sht21.o(.text) refers to sht21.o(.data) for TempAndHumi
    myiic.o(.text) refers to delay.o(.text) for delay_us
    sys.o(.text) refers to misc.o(.text) for NVIC_PriorityGroupConfig
    delay.o(.text) refers to misc.o(.text) for SysTick_CLKSourceConfig
    delay.o(.text) refers to system_stm32f10x.o(.data) for SystemCoreClock
    delay.o(.text) refers to delay.o(.data) for fac_us
    data.o(.text) refers to _printf_pad.o(.text) for _printf_pre_padding
    data.o(.text) refers to _printf_percent.o(.ARM.Collect$$_printf_percent$$00000000) for _printf_percent
    data.o(.text) refers to _printf_x.o(.ARM.Collect$$_printf_percent$$0000000C) for _printf_x
    data.o(.text) refers to _printf_hex_int.o(.text) for _printf_longlong_hex
    data.o(.text) refers to _scanf_int.o(.text) for _scanf_int
    data.o(.text) refers to noretval__2sprintf.o(.text) for __2sprintf
    data.o(.text) refers to __0sscanf.o(.text) for __0sscanf
    collect.o(.text) refers to flash.o(.text) for flash_Read
    collect.o(.text) refers to sht21.o(.text) for Get_TempAmdHumi
    collect.o(.text) refers to kqm2801a.o(.text) for Get_TVOC
    collect.o(.text) refers to usart3.o(.text) for get_data
    collect.o(.text) refers to deal.o(.bss) for dataBuffer
    collect.o(.text) refers to collect.o(.data) for collectId
    collect.o(.text) refers to interruptdef.o(.data) for time3_count
    interruptdef.o(.text) refers to stm32f10x_rcc.o(.text) for RCC_APB1PeriphClockCmd
    interruptdef.o(.text) refers to stm32f10x_tim.o(.text) for TIM_ClearITPendingBit
    interruptdef.o(.text) refers to misc.o(.text) for NVIC_Init
    interruptdef.o(.text) refers to interruptdef.o(.data) for time3_count
[...]
    x$fpl$dsub                               0x080084a0   Section      468  daddsub_clz.o(x$fpl$dsub)
    _dsub1                                   0x080084b1   Thumb Code     0  daddsub_clz.o(x$fpl$dsub)
    x$fpl$f2d                                0x08008674   Section       86  f2d.o(x$fpl$f2d)
    x$fpl$fcmpinf                            0x080086ca   Section       24  fcmpi.o(x$fpl$fcmpinf)
    x$fpl$feqf                               0x080086e4   Section      104  feqf.o(x$fpl$feqf)
    x$fpl$fflt                               0x0800874c   Section       48  fflt_clz.o(x$fpl$fflt)
    x$fpl$ffltu                              0x0800877c   Section       38  fflt_clz.o(x$fpl$ffltu)
    x$fpl$fnaninf                            0x080087a2   Section      140  fnaninf.o(x$fpl$fnaninf)
    x$fpl$fretinf                            0x0800882e   Section       10  fretinf.o(x$fpl$fretinf)
    .constdata                               0x08008838   Section      512  crc8_16.o(.constdata)
    x$fpl$usenofp                            0x08008838   Section        0  usenofp.o(x$fpl$usenofp)
    .constdata                               0x08008a38   Section       24  sgp30.o(.constdata)
    sgp_cmd_get_serial_id                    0x08008a38   Data           2  sgp30.o(.constdata)
    sgp_cmd_get_featureset                   0x08008a3a   Data           2  sgp30.o(.constdata)
    sgp_cmd_measure_test                     0x08008a3c   Data           2  sgp30.o(.constdata)
    sgp_features_unknown                     0x08008a40   Data          16  sgp30.o(.constdata)
    .constdata                               0x08008a50   Section      552  sgp30_featureset.o(.constdata)
    ETHANOL_SIGNAL_FS9                       0x08008a54   Data          36  sgp30_featureset.o(.constdata)
    H2_SIGNAL_FS9                            0x08008a78   Data          36  sgp30_featureset.o(.constdata)
    TVOC_PPB_FS9                             0x08008a9c   Data          36  sgp30_featureset.o(.constdata)
    CO2_EQ_PPM                               0x08008ac0   Data          36  sgp30_featureset.o(.constdata)
    BASELINE_WORD1                           0x08008ae4   Data          36  sgp30_featureset.o(.constdata)
    BASELINE_WORD2                           0x08008b08   Data          36  sgp30_featureset.o(.constdata)
    SGP_PROFILE_IAQ_INIT                     0x08008b2c   Data          48  sgp30_featureset.o(.constdata)
    SGP_PROFILE_IAQ_MEASURE9                 0x08008b5c   Data          48  sgp30_featureset.o(.constdata)
    SGP_PROFILE_IAQ_GET_BASELINE             0x08008b8c   Data          48  sgp30_featureset.o(.constdata)
    SGP_PROFILE_IAQ_SET_BASELINE             0x08008bbc   Data          48  sgp30_featureset.o(.constdata)
    SGP_PROFILE_MEASURE_SIGNALS9             0x08008bec   Data          48  sgp30_featureset.o(.constdata)
    SGP_PROFILE_SET_ABSOLUTE_HUMIDITY        0x08008c1c   Data          48  sgp30_featureset.o(.constdata)
    supported_featureset_versions_fs9        0x08008c4c   Data           2  sgp30_featureset.o(.constdata)
    supported_featureset_versions_fs32       0x08008c4e   Data           2  sgp30_featureset.o(.constdata)
    .constdata                               0x08008c78   Section       40  _printf_hex_int.o(.constdata)
    uc_hextab                                0x08008c78   Data          20  _printf_hex_int.o(.constdata)
    lc_hextab                                0x08008c8c   Data          20  _printf_hex_int.o(.constdata)
    .constdata                               0x08008ca0   Section       17  __printf_flags_wp.o(.constdata)
    maptable                                 0x08008ca0   Data          17  __printf_flags_wp.o(.constdata)
    locale$$data                             0x08008cd4   Section      272  lc_ctype_c.o(locale$$data)
    __lcctype_c_name                         0x08008cd8   Data           2  lc_ctype_c.o(locale$$data)
    __lcctype_c_start                        0x08008ce0   Data           0  lc_ctype_c.o(locale$$data)
    __lcctype_c_end                          0x08008de4   Data           0  lc_ctype_c.o(locale$$data)
    .data                                    0x20000400   Section       20  system_stm32f10x.o(.data)
    .data                                    0x20000414   Section       20  stm32f10x_rcc.o(.data)
    APBAHBPrescTable                         0x20000414   Data          16  stm32f10x_rcc.o(.data)
    ADCPrescTable                            0x20000424   Data           4  stm32f10x_rcc.o(.data)
    .data                                    0x20000428   Section        8  sht21.o(.data)
    .data                                    0x20000430   Section        4  delay.o(.data)
    fac_us                                   0x20000430   Data           1  delay.o(.data)
    fac_ms                                   0x20000432   Data           2  delay.o(.data)
    .data                                    0x20000434   Section        6  collect.o(.data)
    .data                                    0x2000043a   Section        4  interruptdef.o(.data)
    .data                                    0x2000043e   Section       12  kqm2801a.o(.data)
    .data                                    0x2000044c   Section       14  usart3.o(.data)
    err_time                                 0x20000459   Data           1  usart3.o(.data)
    .data                                    0x2000045c   Section       16  usart1.o(.data)
    RX_START                                 0x2000045c   Data           2  usart1.o(.data)
    RET_START                                0x2000045e   Data           2  usart1.o(.data)
    RET_NUM                                  0x20000462   Data           2  usart1.o(.data)
    USART1_IDE                               0x20000464   Data           1  usart1.o(.data)
    .data                                    0x2000046c   Section        1  key.o(.data)
    .data                                    0x20000470   Section       76  sgp30_featureset.o(.data)
    SGP_PROFILE_IAQ_MEASURE_SIGNALS9         0x20000470   Data           8  sgp30_featureset.o(.data)
    SGP_PROFILE_IAQ_GET_BASELINE_SIGNALS     0x20000478   Data           8  sgp30_featureset.o(.data)
    SGP_PROFILE_MEASURE_SIGNALS_SIGNALS9     0x20000480   Data           8  sgp30_featureset.o(.data)
    sgp_profiles9                            0x20000488   Data          20  sgp30_featureset.o(.data)
    sgp_profiles32                           0x2000049c   Data          24  sgp30_featureset.o(.data)
    .bss                                     0x200004bc   Section       40  deal.o(.bss)
    .bss                                     0x200004e4   Section      356  usart3.o(.bss)
    .bss                                     0x20000648   Section      200  usart1.o(.bss)
    .bss                                     0x20000710   Section       48  sgp30.o(.bss)
    client_data                              0x20000710   Data          48  sgp30.o(.bss)
    .bss                                     0x20000740   Section       96  libspace.o(.bss)
    HEAP                                     0x200007a0   Section      512  startup_stm32f10x_md.o(HEAP)
    Heap_Mem                                 0x200007a0   Data         512  startup_stm32f10x_md.o(HEAP)
    STACK                                    0x200009a0   Section     1024  startup_stm32f10x_md.o(STACK)
    Stack_Mem                                0x200009a0   Data        1024  startup_stm32f10x_md.o(STACK)
    __initial_sp                             0x20000da0   Data           0  startup_stm32f10x_md.o(STACK)

    Global Symbols

    Symbol Name                              Value     Ov Type        Size  Object(Section)

    BuildAttributes$$THM_ISAv4$P$D$K$B$S$PE$A:L22UL41UL21$X:L11$S22US41US21$IEEE1$IW$USESV6$~STKCKD$USESV7$~SHL$OTIME$ROPI$EBA8$UX$STANDARDLIB$REQ8$PRES8$EABIv2 0x00000000   Number         0  anon$$obj.o ABSOLUTE
    __ARM_use_no_argv                        0x00000000   Number         0  main.o ABSOLUTE
    _printf_flags                            0x00000000   Number         0  printf_stubs.o ABSOLUTE
    _printf_return_value                     0x00000000   Number         0  printf_stubs.o ABSOLUTE
    _printf_sizespec                         0x00000000   Number         0  printf_stubs.o ABSOLUTE
    _printf_widthprec                        0x00000000   Number         0  printf_stubs.o ABSOLUTE
    __ARM_exceptions_init                     - Undefined Weak Reference
    __alloca_initialize                       - Undefined Weak Reference
    __arm_preinit_                            - Undefined Weak Reference
    __cpp_initialize__aeabi_                  - Undefined Weak Reference
    __cxa_finalize                            - Undefined Weak Reference
    __sigvec_lookup                           - Undefined Weak Reference
    __user_heap_extent                        - Undefined Weak Reference
    _atexit_init                              - Undefined Weak Reference
    _call_atexit_fns                          - Undefined Weak Reference
    _clock_init                               - Undefined Weak Reference
    _fp_trap_init                             - Undefined Weak Reference
    _fp_trap_shutdown                         - Undefined Weak Reference
    _get_lc_collate                           - Undefined Weak Reference
    _get_lc_monetary                          - Undefined Weak Reference
    _get_lc_numeric                           - Undefined Weak Reference
    _get_lc_time                              - Undefined Weak Reference
    _getenv_init                              - Undefined Weak Reference
    _handle_redirection                       - Undefined Weak Reference
    _initio                                   - Undefined Weak Reference
    _mutex_acquire                            - Undefined Weak Reference
    _mutex_free                               - Undefined Weak Reference
    _mutex_release                            - Undefined Weak Reference
    _printf_truncate_unsigned                 - Undefined Weak Reference
    _rand_init                                - Undefined Weak Reference
    _scanf_longlong                           - Undefined Weak Reference
    _scanf_mbtowc                             - Undefined Weak Reference
    _scanf_real                               - Undefined Weak Reference
    _scanf_string                             - Undefined Weak Reference
    _scanf_wctomb                             - Undefined Weak Reference
    _scanf_wstring                            - Undefined Weak Reference
    _signal_finish                            - Undefined Weak Reference
    _signal_init                              - Undefined Weak Reference
    _terminateio                              - Undefined Weak Reference
    __Vectors_Size                           0x000000ec   Number         0  startup_stm32f10x_md.o ABSOLUTE
    __Vectors                                0x08002800   Data           4  startup_stm32f10x_md.o(RESET)
    __Vectors_End                            0x080028ec   Data           0  startup_stm32f10x_md.o(RESET)
    __main                                   0x080028ed   Thumb Code     8  __main.o(!!!main)
    __scatterload                            0x080028f5   Thumb Code     0  __scatter.o(!!!scatter)
    __scatterload_rt2                        0x080028f5   Thumb Code    44  __scatter.o(!!!scatter)
    __scatterload_rt2_thumb_only             0x080028f5   Thumb Code     0  __scatter.o(!!!scatter)
    __scatterload_null                       0x08002903   Thumb Code     0  __scatter.o(!!!scatter)
    __scatterload_copy                       0x08002929   Thumb Code    26  __scatter_copy.o(!!handler_copy)
    __scatterload_zeroinit                   0x08002945   Thumb Code    28  __scatter_zi.o(!!handler_zi)
    _printf_percent                          0x08002961   Thumb Code     0  _printf_percent.o(.ARM.Collect$$_printf_percent$$00000000)
    _printf_x                                0x08002961   Thumb Code     0  _printf_x.o(.ARM.Collect$$_printf_percent$$0000000C)
    _printf_percent_end                      0x08002967   Thumb Code     0  _printf_percent_end.o(.ARM.Collect$$_printf_percent$$00000017)
    __rt_lib_init                            0x0800296b   Thumb Code     0  libinit.o(.ARM.Collect$$libinit$$00000000)
    __rt_lib_init_fp_1                       0x0800296d   Thumb Code     0  libinit2.o(.ARM.Collect$$libinit$$00000002)
    __rt_lib_init_heap_2                     0x0800296d   Thumb Code     0  libinit2.o(.ARM.Collect$$libinit$$00000005)
    __rt_lib_init_preinit_1                  0x0800296d   Thumb Code     0  libinit2.o(.ARM.Collect$$libinit$$00000004)
    __rt_lib_init_heap_1                     0x08002975   Thumb Code     0  libinit2.o(.ARM.Collect$$libinit$$0000000A)
    __rt_lib_init_lc_common                  0x08002975   Thumb Code     0  libinit2.o(.ARM.Collect$$libinit$$0000000F)
    __rt_lib_init_rand_1                     0x08002975   Thumb Code     0  libinit2.o(.ARM.Collect$$libinit$$0000000E)
    __rt_lib_init_user_alloc_1               0x08002975   Thumb Code     0  libinit2.o(.ARM.Collect$$libinit$$0000000C)
    __rt_lib_init_lc_collate_1               0x0800297b   Thumb Code     0  libinit2.o(.ARM.Collect$$libinit$$00000011)
    __rt_lib_init_lc_ctype_2                 0x0800297b   Thumb Code     0  libinit2.o(.ARM.Collect$$libinit$$00000012)
    __rt_lib_init_alloca_1                   0x08002987   Thumb Code     0  libinit2.o(.ARM.Collect$$libinit$$0000002E)
    __rt_lib_init_argv_1                     0x08002987   Thumb Code     0  libinit2.o(.ARM.Collect$$libinit$$0000002C)
    __rt_lib_init_atexit_1                   0x08002987   Thumb Code     0  libinit2.o(.ARM.Collect$$libinit$$0000001B)
    __rt_lib_init_clock_1                    0x08002987   Thumb Code     0  libinit2.o(.ARM.Collect$$libinit$$00000021)
    __rt_lib_init_cpp_1                      0x08002987   Thumb Code     0  libinit2.o(.ARM.Collect$$libinit$$00000032)
    __rt_lib_init_exceptions_1               0x08002987   Thumb Code     0  libinit2.o(.ARM.Collect$$libinit$$00000030)
    __rt_lib_init_fp_trap_1                  0x08002987   Thumb Code     0  libinit2.o(.ARM.Collect$$libinit$$0000001F)
    __rt_lib_init_getenv_1                   0x08002987   Thumb Code     0  libinit2.o(.ARM.Collect$$libinit$$00000023)
    __rt_lib_init_lc_ctype_1                 0x08002987   Thumb Code     0  libinit2.o(.ARM.Collect$$libinit$$00000013)
    __rt_lib_init_lc_monetary_1              0x08002987   Thumb Code     0  libinit2.o(.ARM.Collect$$libinit$$00000015)
    __rt_lib_init_lc_numeric_1               0x08002987   Thumb Code     0  libinit2.o(.ARM.Collect$$libinit$$00000017)
    __rt_lib_init_lc_time_1                  0x08002987   Thumb Code     0  libinit2.o(.ARM.Collect$$libinit$$00000019)
    __rt_lib_init_return                     0x08002987   Thumb Code     0  libinit2.o(.ARM.Collect$$libinit$$00000033)
    __rt_lib_init_signal_1                   0x08002987   Thumb Code     0  libinit2.o(.ARM.Collect$$libinit$$0000001D)
    __rt_lib_init_stdio_1                    0x08002987   Thumb Code     0  libinit2.o(.ARM.Collect$$libinit$$00000025)
    __rt_lib_shutdown                        0x08002989   Thumb Code     0  libshutdown.o(.ARM.Collect$$libshutdown$$00000000)
    __rt_lib_shutdown_fp_trap_1              0x0800298b   Thumb Code     0  libshutdown2.o(.ARM.Collect$$libshutdown$$00000006)
    __rt_lib_shutdown_heap_1                 0x0800298b   Thumb Code     0  libshutdown2.o(.ARM.Collect$$libshutdown$$0000000E)
    __rt_lib_shutdown_return                 0x0800298b   Thumb Code     0  libshutdown2.o(.ARM.Collect$$libshutdown$$0000000F)
    __rt_lib_shutdown_signal_1               0x0800298b   Thumb Code     0  libshutdown2.o(.ARM.Collect$$libshutdown$$00000009)
    __rt_lib_shutdown_stdio_1                0x0800298b   Thumb Code     0  libshutdown2.o(.ARM.Collect$$libshutdown$$00000003)
    __rt_lib_shutdown_user_alloc_1           0x0800298b   Thumb Code     0  libshutdown2.o(.ARM.Collect$$libshutdown$$0000000B)
    __rt_entry                               0x0800298d   Thumb Code     0  __rtentry.o(.ARM.Collect$$rtentry$$00000000)
    __rt_entry_presh_1                       0x0800298d   Thumb Code     0  __rtentry2.o(.ARM.Collect$$rtentry$$00000002)
    __rt_entry_sh                            0x0800298d   Thumb Code     0  __rtentry4.o(.ARM.Collect$$rtentry$$00000004)
    __rt_entry_li                            0x08002993   Thumb Code     0  __rtentry2.o(.ARM.Collect$$rtentry$$0000000A)
    __rt_entry_postsh_1                      0x08002993   Thumb Code     0  __rtentry2.o(.ARM.Collect$$rtentry$$00000009)
    __rt_entry_main                          0x08002997   Thumb Code     0  __rtentry2.o(.ARM.Collect$$rtentry$$0000000D)
    __rt_entry_postli_1                      0x08002997   Thumb Code     0  __rtentry2.o(.ARM.Collect$$rtentry$$0000000C)
    __rt_exit                                0x0800299f   Thumb Code     0  rtexit.o(.ARM.Collect$$rtexit$$00000000)
    __rt_exit_ls                             0x080029a1   Thumb Code     0  rtexit2.o(.ARM.Collect$$rtexit$$00000003)
    __rt_exit_prels_1                        0x080029a1   Thumb Code     0  rtexit2.o(.ARM.Collect$$rtexit$$00000002)
    __rt_exit_exit                           0x080029a5   Thumb Code     0  rtexit2.o(.ARM.Collect$$rtexit$$00000004)
    _maybe_terminate_alloc                   0x080029ad   Thumb Code     0  maybetermalloc1.o(.emb_text)
    main                                     0x080029ad   Thumb Code   134  main.o(.text)
    NMI_Handler                              0x08002a3d   Thumb Code     2  stm32f10x_it.o(.text)
    HardFault_Handler                        0x08002a3f   Thumb Code     4  stm32f10x_it.o(.text)
    MemManage_Handler                        0x08002a43   Thumb Code     4  stm32f10x_it.o(.text)
    BusFault_Handler                         0x08002a47   Thumb Code     4  stm32f10x_it.o(.text)
    UsageFault_Handler                       0x08002a4b   Thumb Code     4  stm32f10x_it.o(.text)
    SVC_Handler                              0x08002a4f   Thumb Code     2  stm32f10x_it.o(.text)
    DebugMon_Handler                         0x08002a51   Thumb Code     2  stm32f10x_it.o(.text)
    PendSV_Handler                           0x08002a53   Thumb Code     2  stm32f10x_it.o(.text)
    SysTick_Handler                          0x08002a55   Thumb Code     2  stm32f10x_it.o(.text)
    SystemInit                               0x08002b37   Thumb Code    78  system_stm32f10x.o(.text)
    SystemCoreClockUpdate                    0x08002b85   Thumb Code   142  system_stm32f10x.o(.text)
    FLASH_SetLatency                         0x08002c39   Thumb Code    18  stm32f10x_flash.o(.text)
    FLASH_HalfCycleAccessCmd                 0x08002c4b   Thumb Code    22  stm32f10x_flash.o(.text)
    FLASH_PrefetchBufferCmd                  0x08002c61   Thumb Code    22  stm32f10x_flash.o(.text)
    FLASH_Unlock                             0x08002c77   Thumb Code    12  stm32f10x_flash.o(.text)
    FLASH_UnlockBank1                        0x08002c83   Thumb Code    12  stm32f10x_flash.o(.text)
    FLASH_Lock                               0x08002c8f   Thumb Code    14  stm32f10x_flash.o(.text)
    FLASH_LockBank1                          0x08002c9d   Thumb Code    14  stm32f10x_flash.o(.text)
    FLASH_GetBank1Status                     0x08002cab   Thumb Code    48  stm32f10x_flash.o(.text)
    FLASH_WaitForLastOperation               0x08002cdb   Thumb Code    38  stm32f10x_flash.o(.text)
    FLASH_ErasePage                          0x08002d01   Thumb Code    72  stm32f10x_flash.o(.text)
    FLASH_EraseAllPages                      0x08002d49   Thumb Code    68  stm32f10x_flash.o(.text)
    FLASH_WaitForLastBank1Operation          0x08002d8d   Thumb Code    38  stm32f10x_flash.o(.text)
    FLASH_EraseAllBank1Pages                 0x08002db3   Thumb Code    68  stm32f10x_flash.o(.text)
    FLASH_GetReadOutProtectionStatus         0x08002df7   Thumb Code    20  stm32f10x_flash.o(.text)
    FLASH_EraseOptionBytes                   0x08002e0b   Thumb Code   150  stm32f10x_flash.o(.text)
    FLASH_ProgramWord                        0x08002ea1   Thumb Code   102  stm32f10x_flash.o(.text)
    FLASH_ProgramHalfWord                    0x08002f07   Thumb Code    60  stm32f10x_flash.o(.text)
    FLASH_ProgramOptionByteData              0x08002f43   Thumb Code    72  stm32f10x_flash.o(.text)
    FLASH_EnableWriteProtection              0x08002f8b   Thumb Code   200  stm32f10x_flash.o(.text)
    FLASH_ReadOutProtection                  0x08003053   Thumb Code   156  stm32f10x_flash.o(.text)
    FLASH_UserOptionByteConfig               0x080030ef   Thumb Code    88  stm32f10x_flash.o(.text)
    FLASH_GetUserOptionByte                  0x08003147   Thumb Code     8  stm32f10x_flash.o(.text)
    FLASH_GetWriteProtectionOptionByte       0x0800314f   Thumb Code     6  stm32f10x_flash.o(.text)
    FLASH_GetPrefetchBufferStatus            0x08003155   Thumb Code    20  stm32f10x_flash.o(.text)
    FLASH_ITConfig                           0x08003169   Thumb Code    26  stm32f10x_flash.o(.text)
    FLASH_GetFlagStatus                      0x08003183   Thumb Code    42  stm32f10x_flash.o(.text)
    FLASH_ClearFlag                          0x080031ad   Thumb Code     6  stm32f10x_flash.o(.text)
    FLASH_GetStatus                          0x080031b3   Thumb Code    48  stm32f10x_flash.o(.text)
    Reset_Handler                            0x080031f5   Thumb Code     8  startup_stm32f10x_md.o(.text)
    ADC1_2_IRQHandler                        0x0800320f   Thumb Code     0  startup_stm32f10x_md.o(.text)
    CAN1_RX1_IRQHandler                      0x0800320f   Thumb Code     0  startup_stm32f10x_md.o(.text)
    CAN1_SCE_IRQHandler                      0x0800320f   Thumb Code     0  startup_stm32f10x_md.o(.text)
    DMA1_Channel1_IRQHandler                 0x0800320f   Thumb Code     0  startup_stm32f10x_md.o(.text)
    DMA1_Channel2_IRQHandler                 0x0800320f   Thumb Code     0  startup_stm32f10x_md.o(.text)
    DMA1_Channel3_IRQHandler                 0x0800320f   Thumb Code     0  startup_stm32f10x_md.o(.text)
    DMA1_Channel4_IRQHandler                 0x0800320f   Thumb Code     0  startup_stm32f10x_md.o(.text)
    DMA1_Channel5_IRQHandler                 0x0800320f   Thumb Code     0  startup_stm32f10x_md.o(.text)
    DMA1_Channel6_IRQHandler                 0x0800320f   Thumb Code     0  startup_stm32f10x_md.o(.text)
    DMA1_Channel7_IRQHandler                 0x0800320f   Thumb Code     0  startup_stm32f10x_md.o(.text)
    EXTI0_IRQHandler                         0x0800320f   Thumb Code     0  startup_stm32f10x_md.o(.text)
    EXTI1_IRQHandler                         0x0800320f   Thumb Code     0  startup_stm32f10x_md.o(.text)
    EXTI2_IRQHandler                         0x0800320f   Thumb Code     0  startup_stm32f10x_md.o(.text)
    EXTI3_IRQHandler                         0x0800320f   Thumb Code     0  startup_stm32f10x_md.o(.text)
    EXTI4_IRQHandler                         0x0800320f   Thumb Code     0  startup_stm32f10x_md.o(.text)
    EXTI9_5_IRQHandler                       0x0800320f   Thumb Code     0  startup_stm32f10x_md.o(.text)
    FLASH_IRQHandler                         0x0800320f   Thumb Code     0  startup_stm32f10x_md.o(.text)
    I2C1_ER_IRQHandler                       0x0800320f   Thumb Code     0  startup_stm32f10x_md.o(.text)
    I2C1_EV_IRQHandler                       0x0800320f   Thumb Code     0  startup_stm32f10x_md.o(.text)
    I2C2_ER_IRQHandler                       0x0800320f   Thumb Code     0  startup_stm32f10x_md.o(.text)
    I2C2_EV_IRQHandler                       0x0800320f   Thumb Code     0  startup_stm32f10x_md.o(.text)
    PVD_IRQHandler                           0x0800320f   Thumb Code     0  startup_stm32f10x_md.o(.text)
    RCC_IRQHandler                           0x0800320f   Thumb Code     0  startup_stm32f10x_md.o(.text)
    RTCAlarm_IRQHandler                      0x0800320f   Thumb Code     0  startup_stm32f10x_md.o(.text)
    RTC_IRQHandler                           0x0800320f   Thumb Code     0  startup_stm32f10x_md.o(.text)
    SPI1_IRQHandler                          0x0800320f   Thumb Code     0  startup_stm32f10x_md.o(.text)
    SPI2_IRQHandler                          0x0800320f   Thumb Code     0  startup_stm32f10x_md.o(.text)
    TAMPER_IRQHandler                        0x0800320f   Thumb Code     0  startup_stm32f10x_md.o(.text)
    TIM1_BRK_IRQHandler                      0x0800320f   Thumb Code     0  startup_stm32f10x_md.o(.text)
    TIM1_CC_IRQHandler                       0x0800320f   Thumb Code     0  startup_stm32f10x_md.o(.text)
    TIM1_TRG_COM_IRQHandler                  0x0800320f   Thumb Code     0  startup_stm32f10x_md.o(.text)
    TIM1_UP_IRQHandler                       0x0800320f   Thumb Code     0  startup_stm32f10x_md.o(.text)
    TIM2_IRQHandler                          0x0800320f   Thumb Code     0  startup_stm32f10x_md.o(.text)
    TIM4_IRQHandler                          0x0800320f   Thumb Code     0  startup_stm32f10x_md.o(.text)
    USART2_IRQHandler                        0x0800320f   Thumb Code     0  startup_stm32f10x_md.o(.text)
    USBWakeUp_IRQHandler                     0x0800320f   Thumb Code     0  startup_stm32f10x_md.o(.text)
    USB_HP_CAN1_TX_IRQHandler                0x0800320f   Thumb Code     0  startup_stm32f10x_md.o(.text)
    USB_LP_CAN1_RX0_IRQHandler               0x0800320f   Thumb Code     0  startup_stm32f10x_md.o(.text)
    WWDG_IRQHandler                          0x0800320f   Thumb Code     0  startup_stm32f10x_md.o(.text)
    __user_initial_stackheap                 0x08003211   Thumb Code     0  startup_stm32f10x_md.o(.text)
    GPIO_DeInit                              0x08003235   Thumb Code   172  stm32f10x_gpio.o(.text)
    GPIO_AFIODeInit                          0x080032e1   Thumb Code    20  stm32f10x_gpio.o(.text)
    GPIO_Init                                0x080032f5   Thumb Code   278  stm32f10x_gpio.o(.text)
    GPIO_StructInit                          0x0800340b   Thumb Code    16  stm32f10x_gpio.o(.text)
    GPIO_ReadInputDataBit                    0x0800341b   Thumb Code    18  stm32f10x_gpio.o(.text)
    GPIO_ReadInputData                       0x0800342d   Thumb Code     8  stm32f10x_gpio.o(.text)
    GPIO_ReadOutputDataBit                   0x08003435   Thumb Code    18  stm32f10x_gpio.o(.text)
    GPIO_ReadOutputData                      0x08003447   Thumb Code     8  stm32f10x_gpio.o(.text)
    GPIO_SetBits                             0x0800344f   Thumb Code     4  stm32f10x_gpio.o(.text)
    GPIO_ResetBits                           0x08003453   Thumb Code     4  stm32f10x_gpio.o(.text)
    GPIO_WriteBit                            0x08003457   Thumb Code    10  stm32f10x_gpio.o(.text)
    GPIO_Write                               0x08003461   Thumb Code     4  stm32f10x_gpio.o(.text)
    GPIO_PinLockConfig                       0x08003465   Thumb Code    18  stm32f10x_gpio.o(.text)
    GPIO_EventOutputConfig                   0x08003477   Thumb Code    26  stm32f10x_gpio.o(.text)
    GPIO_EventOutputCmd                      0x08003491   Thumb Code     6  stm32f10x_gpio.o(.text)
    GPIO_PinRemapConfig                      0x08003497   Thumb Code   138  stm32f10x_gpio.o(.text)
    GPIO_EXTILineConfig                      0x08003521   Thumb Code    66  stm32f10x_gpio.o(.text)
    GPIO_ETH_MediaInterfaceConfig            0x08003563   Thumb Code     8  stm32f10x_gpio.o(.text)
    RCC_DeInit                               0x08003591   Thumb Code    64  stm32f10x_rcc.o(.text)
    RCC_HSEConfig                            0x080035d1   Thumb Code    70  stm32f10x_rcc.o(.text)
    RCC_GetFlagStatus                        0x08003617   Thumb Code    56  stm32f10x_rcc.o(.text)
    RCC_WaitForHSEStartUp                    0x0800364f   Thumb Code    56  stm32f10x_rcc.o(.text)
    RCC_AdjustHSICalibrationValue            0x08003687   Thumb Code    20  stm32f10x_rcc.o(.text)
    RCC_HSICmd                               0x0800369b   Thumb Code     6  stm32f10x_rcc.o(.text)
    RCC_PLLConfig                            0x080036a1   Thumb Code    24  stm32f10x_rcc.o(.text)
    RCC_PLLCmd                               0x080036b9   Thumb Code     6  stm32f10x_rcc.o(.text)
    RCC_SYSCLKConfig                         0x080036bf   Thumb Code    18  stm32f10x_rcc.o(.text)
    RCC_GetSYSCLKSource                      0x080036d1   Thumb Code    10  stm32f10x_rcc.o(.text)
    RCC_HCLKConfig                           0x080036db   Thumb Code    18  stm32f10x_rcc.o(.text)
    RCC_PCLK1Config                          0x080036ed   Thumb Code    18  stm32f10x_rcc.o(.text)
    RCC_PCLK2Config                          0x080036ff   Thumb Code    20  stm32f10x_rcc.o(.text)
    RCC_ITConfig                             0x08003713   Thumb Code    26  stm32f10x_rcc.o(.text)
    RCC_USBCLKConfig                         0x0800372d   Thumb Code     8  stm32f10x_rcc.o(.text)
    RCC_ADCCLKConfig                         0x08003735   Thumb Code    18  stm32f10x_rcc.o(.text)
    RCC_LSEConfig                            0x08003747   Thumb Code    50  stm32f10x_rcc.o(.text)
    RCC_LSICmd                               0x08003779   Thumb Code     6  stm32f10x_rcc.o(.text)
    RCC_RTCCLKConfig                         0x0800377f   Thumb Code    12  stm32f10x_rcc.o(.text)
    RCC_RTCCLKCmd                            0x0800378b   Thumb Code     8  stm32f10x_rcc.o(.text)
    RCC_GetClocksFreq                        0x08003793   Thumb Code   192  stm32f10x_rcc.o(.text)
    RCC_AHBPeriphClockCmd                    0x08003853   Thumb Code    26  stm32f10x_rcc.o(.text)
    RCC_APB2PeriphClockCmd                   0x0800386d   Thumb Code    26  stm32f10x_rcc.o(.text)
    RCC_APB1PeriphClockCmd                   0x08003887   Thumb Code    26  stm32f10x_rcc.o(.text)
    RCC_APB2PeriphResetCmd                   0x080038a1   Thumb Code    26  stm32f10x_rcc.o(.text)
    RCC_APB1PeriphResetCmd                   0x080038bb   Thumb Code    26  stm32f10x_rcc.o(.text)
    RCC_BackupResetCmd                       0x080038d5   Thumb Code     8  stm32f10x_rcc.o(.text)
    RCC_ClockSecuritySystemCmd               0x080038dd   Thumb Code     6  stm32f10x_rcc.o(.text)
    RCC_MCOConfig                            0x080038e3   Thumb Code     6  stm32f10x_rcc.o(.text)
    RCC_ClearFlag                            0x080038e9   Thumb Code    14  stm32f10x_rcc.o(.text)
    RCC_GetITStatus                          0x080038f7   Thumb Code    20  stm32f10x_rcc.o(.text)
    RCC_ClearITPendingBit                    0x0800390b   Thumb Code     6  stm32f10x_rcc.o(.text)
    NVIC_PriorityGroupConfig                 0x08003935   Thumb Code    10  misc.o(.text)
    NVIC_Init                                0x0800393f   Thumb Code   100  misc.o(.text)
    NVIC_SetVectorTable                      0x080039a3   Thumb Code    14  misc.o(.text)
    NVIC_SystemLPConfig                      0x080039b1   Thumb Code    34  misc.o(.text)
    SysTick_CLKSourceConfig                  0x080039d3   Thumb Code    40  misc.o(.text)
    USART_DeInit                             0x08003a11   Thumb Code   134  stm32f10x_usart.o(.text)
    USART_Init                               0x08003a97   Thumb Code   210  stm32f10x_usart.o(.text)
    USART_StructInit                         0x08003b69   Thumb Code    24  stm32f10x_usart.o(.text)
    USART_ClockInit                          0x08003b81   Thumb Code    34  stm32f10x_usart.o(.text)
    USART_ClockStructInit                    0x08003ba3   Thumb Code    12  stm32f10x_usart.o(.text)
    USART_Cmd                                0x08003baf   Thumb Code    24  stm32f10x_usart.o(.text)
    USART_ITConfig                           0x08003bc7   Thumb Code    74  stm32f10x_usart.o(.text)
    USART_DMACmd                             0x08003c11   Thumb Code    18  stm32f10x_usart.o(.text)
    USART_SetAddress                         0x08003c23   Thumb Code    18  stm32f10x_usart.o(.text)
    USART_WakeUpConfig                       0x08003c35   Thumb Code    18  stm32f10x_usart.o(.text)
    USART_ReceiverWakeUpCmd                  0x08003c47   Thumb Code    24  stm32f10x_usart.o(.text)
    USART_LINBreakDetectLengthConfig         0x08003c5f   Thumb Code    18  stm32f10x_usart.o(.text)
    USART_LINCmd                             0x08003c71   Thumb Code    24  stm32f10x_usart.o(.text)
    USART_SendData                           0x08003c89   Thumb Code     8  stm32f10x_usart.o(.text)
    USART_ReceiveData                        0x08003c91   Thumb Code    10  stm32f10x_usart.o(.text)
    USART_SendBreak                          0x08003c9b   Thumb Code    10  stm32f10x_usart.o(.text)
    USART_SetGuardTime                       0x08003ca5   Thumb Code    16  stm32f10x_usart.o(.text)
    USART_SetPrescaler                       0x08003cb5   Thumb Code    16  stm32f10x_usart.o(.text)
    USART_SmartCardCmd                       0x08003cc5   Thumb Code    24  stm32f10x_usart.o(.text)
    USART_SmartCardNACKCmd                   0x08003cdd   Thumb Code    24  stm32f10x_usart.o(.text)
    USART_HalfDuplexCmd                      0x08003cf5   Thumb Code    24  stm32f10x_usart.o(.text)
    USART_OverSampling8Cmd                   0x08003d0d   Thumb Code    22  stm32f10x_usart.o(.text)
    USART_OneBitMethodCmd                    0x08003d23   Thumb Code    24  stm32f10x_usart.o(.text)
    USART_IrDAConfig                         0x08003d3b   Thumb Code    18  stm32f10x_usart.o(.text)
    USART_IrDACmd                            0x08003d4d   Thumb Code    24  stm32f10x_usart.o(.text)
    USART_GetFlagStatus                      0x08003d65   Thumb Code    26  stm32f10x_usart.o(.text)
    USART_ClearFlag                          0x08003d7f   Thumb Code    18  stm32f10x_usart.o(.text)
    USART_GetITStatus                        0x08003d91   Thumb Code    84  stm32f10x_usart.o(.text)
    USART_ClearITPendingBit                  0x08003de5   Thumb Code    52  stm32f10x_usart.o(.text)
    TIM_DeInit                               0x08003e19   Thumb Code   424  stm32f10x_tim.o(.text)
    TIM_TimeBaseInit                         0x08003fc1   Thumb Code   122  stm32f10x_tim.o(.text)
    TIM_OC1Init                              0x0800403b   Thumb Code   132  stm32f10x_tim.o(.text)
    TIM_OC2Init                              0x080040bf   Thumb Code   154  stm32f10x_tim.o(.text)
    TIM_OC3Init                              0x08004159   Thumb Code   150  stm32f10x_tim.o(.text)
    TIM_OC4Init                              0x080041ef   Thumb Code   182  stm32f10x_tim.o(.text)
    TIM_SetIC4Prescaler                      0x080042a5   Thumb Code    26  stm32f10x_tim.o(.text)
    TIM_SetIC3Prescaler                      0x08004341   Thumb Code    18  stm32f10x_tim.o(.text)
    TIM_SetIC2Prescaler                      0x080043cd   Thumb Code    26  stm32f10x_tim.o(.text)
    TIM_SetIC1Prescaler                      0x08004469   Thumb Code    18  stm32f10x_tim.o(.text)
    TIM_ICInit                               0x080044e7   Thumb Code   150  stm32f10x_tim.o(.text)
    TIM_PWMIConfig                           0x0800457d   Thumb Code   124  stm32f10x_tim.o(.text)
    TIM_BDTRConfig                           0x080045f9   Thumb Code    32  stm32f10x_tim.o(.text)
    TIM_TimeBaseStructInit                   0x08004619   Thumb Code    18  stm32f10x_tim.o(.text)
    TIM_OCStructInit                         0x0800462b   Thumb Code    20  stm32f10x_tim.o(.text)
    TIM_ICStructInit                         0x0800463f   Thumb Code    18  stm32f10x_tim.o(.text)
    TIM_BDTRStructInit                       0x08004651   Thumb Code    40  stm32f10x_tim.o(.text)
    TIM_Cmd                                  0x08004679   Thumb Code    24  stm32f10x_tim.o(.text)
    TIM_CtrlPWMOutputs                       0x08004691   Thumb Code    30  stm32f10x_tim.o(.text)
    TIM_ITConfig                             0x080046af   Thumb Code    18  stm32f10x_tim.o(.text)
    TIM_GenerateEvent                        0x080046c1   Thumb Code     4  stm32f10x_tim.o(.text)
    TIM_DMAConfig                            0x080046c5   Thumb Code    10  stm32f10x_tim.o(.text)
    TIM_DMACmd                               0x080046cf   Thumb Code    18  stm32f10x_tim.o(.text)
    TIM_InternalClockConfig                  0x080046e1   Thumb Code    12  stm32f10x_tim.o(.text)
    TIM_SelectInputTrigger                   0x080046ed   Thumb Code    18  stm32f10x_tim.o(.text)
    TIM_ITRxExternalClockConfig              0x080046ff   Thumb Code    24  stm32f10x_tim.o(.text)
    TIM_TIxExternalClockConfig               0x08004717   Thumb Code    62  stm32f10x_tim.o(.text)
    TIM_ETRConfig                            0x08004755   Thumb Code    28  stm32f10x_tim.o(.text)
    TIM_ETRClockMode1Config                  0x08004771   Thumb Code    54  stm32f10x_tim.o(.text)
    TIM_ETRClockMode2Config                  0x080047a7   Thumb Code    32  stm32f10x_tim.o(.text)
    TIM_PrescalerConfig                      0x080047c7   Thumb Code     6  stm32f10x_tim.o(.text)
    TIM_CounterModeConfig                    0x080047cd   Thumb Code    18  stm32f10x_tim.o(.text)
    TIM_EncoderInterfaceConfig               0x080047df   Thumb Code    66  stm32f10x_tim.o(.text)
    TIM_ForcedOC1Config                      0x08004821   Thumb Code    18  stm32f10x_tim.o(.text)
    TIM_ForcedOC2Config                      0x08004833   Thumb Code    26  stm32f10x_tim.o(.text)
    TIM_ForcedOC3Config                      0x0800484d   Thumb Code    18  stm32f10x_tim.o(.text)
    TIM_ForcedOC4Config                      0x0800485f   Thumb Code    26  stm32f10x_tim.o(.text)
    TIM_ARRPreloadConfig                     0x08004879   Thumb Code    24  stm32f10x_tim.o(.text)
    TIM_SelectCOM                            0x08004891   Thumb Code    24  stm32f10x_tim.o(.text)
    TIM_SelectCCDMA                          0x080048a9   Thumb Code    24  stm32f10x_tim.o(.text)
    TIM_CCPreloadControl                     0x080048c1   Thumb Code    24  stm32f10x_tim.o(.text)
    TIM_OC1PreloadConfig                     0x080048d9   Thumb Code    18  stm32f10x_tim.o(.text)
    TIM_OC2PreloadConfig                     0x080048eb   Thumb Code    26  stm32f10x_tim.o(.text)
    TIM_OC3PreloadConfig                     0x08004905   Thumb Code    18  stm32f10x_tim.o(.text)
    TIM_OC4PreloadConfig                     0x08004917   Thumb Code    26  stm32f10x_tim.o(.text)
    TIM_OC1FastConfig                        0x08004931   Thumb Code    18  stm32f10x_tim.o(.text)
    TIM_OC2FastConfig                        0x08004943   Thumb Code    26  stm32f10x_tim.o(.text)
    TIM_OC3FastConfig                        0x0800495d   Thumb Code    18  stm32f10x_tim.o(.text)
    TIM_OC4FastConfig                        0x0800496f   Thumb Code    26  stm32f10x_tim.o(.text)
    TIM_ClearOC1Ref                          0x08004989   Thumb Code    18  stm32f10x_tim.o(.text)
    TIM_ClearOC2Ref                          0x0800499b   Thumb Code    24  stm32f10x_tim.o(.text)
    TIM_ClearOC3Ref                          0x080049b3   Thumb Code    18  stm32f10x_tim.o(.text)
    TIM_ClearOC4Ref                          0x080049c5   Thumb Code    24  stm32f10x_tim.o(.text)
    TIM_OC1PolarityConfig                    0x080049dd   Thumb Code    18  stm32f10x_tim.o(.text)
    TIM_OC1NPolarityConfig                   0x080049ef   Thumb Code    18  stm32f10x_tim.o(.text)
    TIM_OC2PolarityConfig                    0x08004a01   Thumb Code    26  stm32f10x_tim.o(.text)
    TIM_OC2NPolarityConfig                   0x08004a1b   Thumb Code    26  stm32f10x_tim.o(.text)
    TIM_OC3PolarityConfig                    0x08004a35   Thumb Code    26  stm32f10x_tim.o(.text)
    TIM_OC3NPolarityConfig                   0x08004a4f   Thumb Code    26  stm32f10x_tim.o(.text)
    TIM_OC4PolarityConfig                    0x08004a69   Thumb Code    26  stm32f10x_tim.o(.text)
    TIM_CCxCmd                               0x08004a83   Thumb Code    30  stm32f10x_tim.o(.text)
    TIM_CCxNCmd                              0x08004aa1   Thumb Code    30  stm32f10x_tim.o(.text)
    TIM_SelectOCxM                           0x08004abf   Thumb Code    82  stm32f10x_tim.o(.text)
    TIM_UpdateDisableConfig                  0x08004b11   Thumb Code    24  stm32f10x_tim.o(.text)
    TIM_UpdateRequestConfig                  0x08004b29   Thumb Code    24  stm32f10x_tim.o(.text)
    TIM_SelectHallSensor                     0x08004b41   Thumb Code    24  stm32f10x_tim.o(.text)
    TIM_SelectOnePulseMode                   0x08004b59   Thumb Code    18  stm32f10x_tim.o(.text)
    TIM_SelectOutputTrigger                  0x08004b6b   Thumb Code    18  stm32f10x_tim.o(.text)
    TIM_SelectSlaveMode                      0x08004b7d   Thumb Code    18  stm32f10x_tim.o(.text)
    TIM_SelectMasterSlaveMode                0x08004b8f   Thumb Code    18  stm32f10x_tim.o(.text)
    TIM_SetCounter                           0x08004ba1   Thumb Code     4  stm32f10x_tim.o(.text)
    TIM_SetAutoreload                        0x08004ba5   Thumb Code     4  stm32f10x_tim.o(.text)
    TIM_SetCompare1                          0x08004ba9   Thumb Code     4  stm32f10x_tim.o(.text)
    TIM_SetCompare2                          0x08004bad   Thumb Code     4  stm32f10x_tim.o(.text)
    TIM_SetCompare3                          0x08004bb1   Thumb Code     4  stm32f10x_tim.o(.text)
    TIM_SetCompare4                          0x08004bb5   Thumb Code     6  stm32f10x_tim.o(.text)
    TIM_SetClockDivision                     0x08004bbb   Thumb Code    18  stm32f10x_tim.o(.text)
    TIM_GetCapture1                          0x08004bcd   Thumb Code     6  stm32f10x_tim.o(.text)
    TIM_GetCapture2                          0x08004bd3   Thumb Code     6  stm32f10x_tim.o(.text)
    TIM_GetCapture3                          0x08004bd9   Thumb Code     6  stm32f10x_tim.o(.text)
    TIM_GetCapture4                          0x08004bdf   Thumb Code     8  stm32f10x_tim.o(.text)
    TIM_GetCounter                           0x08004be7   Thumb Code     6  stm32f10x_tim.o(.text)
    TIM_GetPrescaler                         0x08004bed   Thumb Code     6  stm32f10x_tim.o(.text)
    TIM_GetFlagStatus                        0x08004bf3   Thumb Code    18  stm32f10x_tim.o(.text)
    TIM_ClearFlag                            0x08004c05   Thumb Code     6  stm32f10x_tim.o(.text)
    TIM_GetITStatus                          0x08004c0b   Thumb Code    34  stm32f10x_tim.o(.text)
    TIM_ClearITPendingBit                    0x08004c2d   Thumb Code     6  stm32f10x_tim.o(.text)
    EXTI_DeInit                              0x08004c35   Thumb Code    28  stm32f10x_exti.o(.text)
    EXTI_Init                                0x08004c51   Thumb Code   142  stm32f10x_exti.o(.text)
    EXTI_StructInit                          0x08004cdf   Thumb Code    16  stm32f10x_exti.o(.text)
    EXTI_GenerateSWInterrupt                 0x08004cef   Thumb Code    16  stm32f10x_exti.o(.text)
    EXTI_GetFlagStatus                       0x08004cff   Thumb Code    22  stm32f10x_exti.o(.text)
    EXTI_ClearFlag                           0x08004d15   Thumb Code     8  stm32f10x_exti.o(.text)
    EXTI_GetITStatus                         0x08004d1d   Thumb Code    34  stm32f10x_exti.o(.text)
    EXTI_ClearITPendingBit                   0x08004d3f   Thumb Code     8  stm32f10x_exti.o(.text)
    IWDG_WriteAccessCmd                      0x08004d51   Thumb Code     6  stm32f10x_iwdg.o(.text)
    IWDG_SetPrescaler                        0x08004d57   Thumb Code     6  stm32f10x_iwdg.o(.text)
    IWDG_SetReload                           0x08004d5d   Thumb Code     6  stm32f10x_iwdg.o(.text)
    IWDG_ReloadCounter                       0x08004d63   Thumb Code    10  stm32f10x_iwdg.o(.text)
    IWDG_Enable                              0x08004d6d   Thumb Code    10  stm32f10x_iwdg.o(.text)
    IWDG_GetFlagStatus                       0x08004d77   Thumb Code    20  stm32f10x_iwdg.o(.text)
    SHT2X_MeasureNHM                         0x08004d91   Thumb Code   248  sht21.o(.text)
    SoftReset                                0x08004e89   Thumb Code    28  sht21.o(.text)
    Set_Resolution                           0x08004ea5   Thumb Code    42  sht21.o(.text)
    Get_TempAmdHumi                          0x08004ecf   Thumb Code    92  sht21.o(.text)
    IIC_Init                                 0x08004f4d   Thumb Code    52  myiic.o(.text)
    IIC_Start                                0x08004f81   Thumb Code    64  myiic.o(.text)
    IIC_Stop                                 0x08004fc1   Thumb Code    66  myiic.o(.text)
    IIC_Wait_Ack                             0x08005003   Thumb Code    90  myiic.o(.text)
    IIC_Ack                                  0x0800505d   Thumb Code    70  myiic.o(.text)
    IIC_NAck                                 0x080050a3   Thumb Code    70  myiic.o(.text)
    IIC_Send_Byte                            0x080050e9   Thumb Code    92  myiic.o(.text)
    IIC_Read_Byte                            0x08005145   Thumb Code   100  myiic.o(.text)
    IIC_CheckDevice                          0x080051a9   Thumb Code    28  myiic.o(.text)
    NVIC_Configuration                       0x080051d5   Thumb Code    12  sys.o(.text)
    _ttywrch                                 0x080051e1   Thumb Code     2  sys.o(.text)
    delay_init                               0x080051e5   Thumb Code    50  delay.o(.text)
    delay_us                                 0x08005217   Thumb Code    72  delay.o(.text)
    delay_ms                                 0x0800525f   Thumb Code    72  delay.o(.text)
    Nothing                                  0x080052b9   Thumb Code    16  collect.o(.text)
    addressIdinit                            0x080052c9   Thumb Code    50  collect.o(.text)
    collectdeal                              0x080052fb   Thumb Code    30  collect.o(.text)
    time3_init                               0x08005329   Thumb Code   108  interruptdef.o(.text)
    TIM3_IRQHandler                          0x08005395   Thumb Code    46  interruptdef.o(.text)
    SYSTIME_STOP                             0x080053c3   Thumb Code    12  interruptdef.o(.text)
    SYSTIME_START                            0x080053cf   Thumb Code    12  interruptdef.o(.text)
    Return_NEW                               0x080053e9   Thumb Code   112  deal.o(.text)
    cmd_0x09                                 0x08005459   Thumb Code    64  deal.o(.text)
    cmd_0x07                                 0x08005499   Thumb Code    68  deal.o(.text)
    cmd_0x06                                 0x080054dd   Thumb Code   150  deal.o(.text)
    cmd_0x04                                 0x08005573   Thumb Code   224  deal.o(.text)
    cmd_0x01                                 0x08005653   Thumb Code   580  deal.o(.text)
    deal                                     0x08005897   Thumb Code   200  deal.o(.text)
    getMemValue                              0x0800595f   Thumb Code    38  deal.o(.text)
    setMemValue                              0x08005985   Thumb Code    38  deal.o(.text)
    Get_Crc16                                0x080059c1   Thumb Code    46  crc8_16.o(.text)
    Get_Crc8                                 0x080059ef   Thumb Code    56  crc8_16.o(.text)
    LED_Init                                 0x08005a31   Thumb Code   262  led.o(.text)
    flash_Write                              0x08005b3d   Thumb Code    64  flash.o(.text)
    flash_Read                               0x08005b7d   Thumb Code    26  flash.o(.text)
    KQM2801_Value                            0x08005b99   Thumb Code   202  kqm2801a.o(.text)
    SoftReset1                               0x08005c63   Thumb Code    28  kqm2801a.o(.text)
    Set_Resolution1                          0x08005c7f   Thumb Code    42  kqm2801a.o(.text)
    Get_TVOC                                 0x08005ca9   Thumb Code   264  kqm2801a.o(.text)
    USART3_Init                              0x08005dcd   Thumb Code   180  usart3.o(.text)
    usart2_sendData                          0x08005e81   Thumb Code    62  usart3.o(.text)
    usart2_receiveData                       0x08005ebf   Thumb Code    76  usart3.o(.text)
    USART3_IRQHandler                        0x08005f0b   Thumb Code    90  usart3.o(.text)
    get_data                                 0x08005f65   Thumb Code   218  usart3.o(.text)
    Myitoa_16_to_10                          0x0800603f   Thumb Code    30  usart3.o(.text)
    PM_Ture                                  0x0800605d   Thumb Code    30  usart3.o(.text)
    something                                0x0800607b   Thumb Code    10  usart3.o(.text)
    _sys_exit                                0x080060c9   Thumb Code     6  usart1.o(.text)
    fputc                                    0x080060cf   Thumb Code    24  usart1.o(.text)
    RF_Init                                  0x080060e7   Thumb Code   304  usart1.o(.text)
    USART1_GetFlag                           0x08006217   Thumb Code     6  usart1.o(.text)
    RF_Get                                   0x080062a5   Thumb Code    56  usart1.o(.text)
    RF_GetCmd                                0x080062dd   Thumb Code   208  usart1.o(.text)
    USART1_IRQHandler                        0x080063ad   Thumb Code   248  usart1.o(.text)
    RF1_tx_bytes                             0x080064a5   Thumb Code   100  usart1.o(.text)
    Light_Init                               0x0800650d   Thumb Code    46  light.o(.text)
    Key_Init                                 0x08006541   Thumb Code   110  key.o(.text)
    EXTI15_10_IRQHandler                     0x080065af   Thumb Code    56  key.o(.text)
    IWDG_Init                                0x080065f1   Thumb Code    36  wdg.o(.text)
    IWDG_Feed                                0x08006615   Thumb Code     8  wdg.o(.text)
    data_map_init                            0x0800661d   Thumb Code    40  data_map.o(.text)
    sensirion_common_generate_crc            0x0800664d   Thumb Code    58  sensirion_common.o(.text)
    sensirion_common_check_crc               0x08006687   Thumb Code    30  sensirion_common.o(.text)
    sensirion_init_pins                      0x080066a5   Thumb Code    46  sensirion_sw_i2c.o(.text)
    SDA_in                                   0x080066d3   Thumb Code    36  sensirion_sw_i2c.o(.text)
    SDA_out                                  0x080066f7   Thumb Code    36  sensirion_sw_i2c.o(.text)
    sensirion_SDA_in                         0x0800671b   Thumb Code    12  sensirion_sw_i2c.o(.text)
    sensirion_SDA_out                        0x08006727   Thumb Code    12  sensirion_sw_i2c.o(.text)
    sensirion_SDA_read                       0x08006733   Thumb Code    12  sensirion_sw_i2c.o(.text)
    sensirion_SCL_in                         0x0800673f   Thumb Code    12  sensirion_sw_i2c.o(.text)
    sensirion_SCL_out                        0x0800674b   Thumb Code    12  sensirion_sw_i2c.o(.text)
    sensirion_sleep_usec                     0x08006757   Thumb Code    12  sensirion_sw_i2c.o(.text)
    sensirion_i2c_write                      0x08006885   Thumb Code    74  sensirion_sw_i2c.o(.text)
    sensirion_i2c_read                       0x080068cf   Thumb Code    72  sensirion_sw_i2c.o(.text)
    sensirion_i2c_init                       0x08006917   Thumb Code     8  sensirion_sw_i2c.o(.text)
    sgp_measure_test                         0x08006c37   Thumb Code    78  sgp30.o(.text)
    sgp_measure_iaq                          0x08006c85   Thumb Code    48  sgp30.o(.text)
    sgp_read_iaq                             0x08006cb5   Thumb Code    58  sgp30.o(.text)
    sgp_measure_iaq_blocking_read            0x08006cef   Thumb Code    42  sgp30.o(.text)
    sgp_measure_tvoc                         0x08006d19   Thumb Code     8  sgp30.o(.text)
    sgp_read_tvoc                            0x08006d21   Thumb Code    14  sgp30.o(.text)
    sgp_measure_tvoc_blocking_read           0x08006d2f   Thumb Code    14  sgp30.o(.text)
    sgp_measure_co2_eq                       0x08006d3d   Thumb Code     8  sgp30.o(.text)
    sgp_read_co2_eq                          0x08006d45   Thumb Code    14  sgp30.o(.text)
    sgp_measure_co2_eq_blocking_read         0x08006d53   Thumb Code    14  sgp30.o(.text)
    sgp_measure_signals_blocking_read        0x08006d61   Thumb Code    44  sgp30.o(.text)
    sgp_measure_signals                      0x08006d8d   Thumb Code    72  sgp30.o(.text)
    sgp_read_signals                         0x08006dd5   Thumb Code    56  sgp30.o(.text)
    sgp_get_iaq_baseline                     0x08006e0d   Thumb Code    48  sgp30.o(.text)
    sgp_set_iaq_baseline                     0x08006e3d   Thumb Code    68  sgp30.o(.text)
    sgp_set_absolute_humidity                0x08006e81   Thumb Code   138  sgp30.o(.text)
    sgp_get_driver_version                   0x08006f0b   Thumb Code     4  sgp30.o(.text)
    sgp_get_configured_address               0x08006f0f   Thumb Code     4  sgp30.o(.text)
    sgp_get_feature_set_version              0x08006f13   Thumb Code    20  sgp30.o(.text)
    sgp_get_serial_id                        0x08006f27   Thumb Code    16  sgp30.o(.text)
    sgp_iaq_init                             0x08006f37   Thumb Code    10  sgp30.o(.text)
    sgp_probe                                0x08006f41   Thumb Code   210  sgp30.o(.text)
    __use_no_semihosting                     0x08007031   Thumb Code     2  use_no_semi_2.o(.text)
    malloc                                   0x08007033   Thumb Code    94  h1_alloc.o(.text)
    free                                     0x08007091   Thumb Code    78  h1_free.o(.text)
    __2sprintf                               0x080070e1   Thumb Code    34  noretval__2sprintf.o(.text)
    _printf_pre_padding                      0x08007109   Thumb Code    44  _printf_pad.o(.text)
    _printf_post_padding                     0x08007135   Thumb Code    34  _printf_pad.o(.text)
    _printf_int_hex                          0x08007159   Thumb Code    84  _printf_hex_int.o(.text)
    _printf_longlong_hex                     0x08007159   Thumb Code     0  _printf_hex_int.o(.text)
    __printf                                 0x080071b1   Thumb Code   308  __printf_flags_wp.o(.text)
    __0sscanf                                0x080072e9   Thumb Code    52  __0sscanf.o(.text)
    _scanf_int                               0x08007325   Thumb Code   332  _scanf_int.o(.text)
    __aeabi_memcpy                           0x08007471   Thumb Code     0  rt_memcpy_v6.o(.text)
    __rt_memcpy                              0x08007471   Thumb Code   138  rt_memcpy_v6.o(.text)
    _memcpy_lastbytes                        0x080074d7   Thumb Code     0  rt_memcpy_v6.o(.text)
    __aeabi_memclr4                          0x080074fb   Thumb Code     0  rt_memclr_w.o(.text)
    __aeabi_memclr8                          0x080074fb   Thumb Code     0  rt_memclr_w.o(.text)
    __rt_memclr_w                            0x080074fb   Thumb Code    78  rt_memclr_w.o(.text)
    _memset_w                                0x080074ff   Thumb Code     0  rt_memclr_w.o(.text)
    __use_two_region_memory                  0x08007549   Thumb Code     2  heapauxi.o(.text)
    __rt_heap_escrow                         0x0800754b   Thumb Code     2  heapauxi.o(.text)
    __rt_heap_expand                         0x0800754d   Thumb Code     2  heapauxi.o(.text)
    __I$use$semihosting                      0x0800754f   Thumb Code     0  use_no_semi.o(.text)
    __use_no_semihosting_swi                 0x0800754f   Thumb Code     2  use_no_semi.o(.text)
    __rt_heap_descriptor                     0x08007551   Thumb Code     8  rt_heap_descriptor_intlibspace.o(.text)
    __use_no_heap                            0x08007559   Thumb Code     2  hguard.o(.text)
    __heap$guard                             0x0800755b   Thumb Code     2  hguard.o(.text)
    _terminate_user_alloc                    0x0800755d   Thumb Code     2  init_alloc.o(.text)
    _init_user_alloc                         0x0800755f   Thumb Code     2  init_alloc.o(.text)
    __Heap_Full                              0x08007561   Thumb Code    34  init_alloc.o(.text)
    __Heap_Broken                            0x08007583   Thumb Code     6  init_alloc.o(.text)
    _init_alloc                              0x08007589   Thumb Code    94  init_alloc.o(.text)
    __Heap_Initialize                        0x080075e7   Thumb Code    10  h1_init.o(.text)
    __Heap_DescSize                          0x080075f1   Thumb Code     4  h1_init.o(.text)
    _printf_int_common                       0x080075f5   Thumb Code   178  _printf_intcommon.o(.text)
    _printf_char_common                      0x080076b3   Thumb Code    32  _printf_char_common.o(.text)
    _sputc                                   0x080076d9   Thumb Code    10  _sputc.o(.text)
    _chval                                   0x080076e3   Thumb Code    28  _chval.o(.text)
    __vfscanf_char                           0x0800770d   Thumb Code    24  scanf_char.o(.text)
    _sgetc                                   0x0800772d   Thumb Code    30  _sgetc.o(.text)
    _sbackspace                              0x0800774b   Thumb Code    34  _sgetc.o(.text)
    __aeabi_memcpy4                          0x0800776d   Thumb Code     0  rt_memcpy_w.o(.text)
    __aeabi_memcpy8                          0x0800776d   Thumb Code     0  rt_memcpy_w.o(.text)
    __rt_memcpy_w                            0x0800776d   Thumb Code   100  rt_memcpy_w.o(.text)
    _memcpy_lastbytes_aligned                0x080077b5   Thumb Code     0  rt_memcpy_w.o(.text)
    __user_libspace                          0x080077d1   Thumb Code     8  libspace.o(.text)
    __user_perproc_libspace                  0x080077d1   Thumb Code     0  libspace.o(.text)
    __user_perthread_libspace                0x080077d1   Thumb Code     0  libspace.o(.text)
    __Heap_ProvideMemory                     0x080077d9   Thumb Code    52  h1_extend.o(.text)
    isspace                                  0x0800780d   Thumb Code    18  isspace.o(.text)
    __vfscanf                                0x08007821   Thumb Code   878  _scanf.o(.text)
    __rt_SIGRTMEM                            0x08007b95   Thumb Code    14  defsig_rtmem_outer.o(.text)
    __user_setup_stackheap                   0x08007ba3   Thumb Code    74  sys_stackheap_outer.o(.text)
    __rt_ctype_table                         0x08007bed   Thumb Code    16  rt_ctype_table.o(.text)
    exit                                     0x08007bfd   Thumb Code    12  exit.o(.text)
    __sig_exit                               0x08007c09   Thumb Code    10  defsig_exit.o(.text)
    __rt_SIGRTMEM_inner                      0x08007c15   Thumb Code    22  defsig_rtmem_inner.o(.text)
    __rt_locale                              0x08007c65   Thumb Code     8  rt_locale_intlibspace.o(.text)
    __default_signal_display                 0x08007c6d   Thumb Code    50  defsig_general.o(.text)
    strcmp                                   0x08007ca1   Thumb Code   128  strcmpv7m.o(.text)
    _is_digit                                0x08007d21   Thumb Code    14  __printf_wp.o(i._is_digit)
    _get_lc_ctype                            0x08007d31   Thumb Code    44  lc_ctype_c.o(locale$$code)
    __aeabi_d2f                              0x08007d5d   Thumb Code     0  d2f.o(x$fpl$d2f)
    _d2f                                     0x08007d5d   Thumb Code    98  d2f.o(x$fpl$d2f)
    __aeabi_dadd                             0x08007dc1   Thumb Code     0  daddsub_clz.o(x$fpl$dadd)
    _dadd                                    0x08007dc1   Thumb Code   332  daddsub_clz.o(x$fpl$dadd)
    __fpl_dcmp_Inf                           0x08007f11   Thumb Code    24  dcmpi.o(x$fpl$dcmpinf)
    __aeabi_ddiv                             0x08007f29   Thumb Code     0  ddiv.o(x$fpl$ddiv)
    _ddiv                                    0x08007f29   Thumb Code   552  ddiv.o(x$fpl$ddiv)
    __aeabi_i2d                              0x080081d9   Thumb Code     0  dflt_clz.o(x$fpl$dflt)
    _dflt                                    0x080081d9   Thumb Code    46  dflt_clz.o(x$fpl$dflt)
    __aeabi_ui2d                             0x08008207   Thumb Code     0  dflt_clz.o(x$fpl$dfltu)
    _dfltu                                   0x08008207   Thumb Code    38  dflt_clz.o(x$fpl$dfltu)
    __aeabi_cdcmple                          0x0800822d   Thumb Code     0  dleqf.o(x$fpl$dleqf)
    _dcmple                                  0x0800822d   Thumb Code   120  dleqf.o(x$fpl$dleqf)
    __fpl_dcmple_InfNaN                      0x0800828f   Thumb Code     0  dleqf.o(x$fpl$dleqf)
    __aeabi_dmul                             0x080082a5   Thumb Code     0  dmul.o(x$fpl$dmul)
    _dmul                                    0x080082a5   Thumb Code   332  dmul.o(x$fpl$dmul)
    __fpl_dnaninf                            0x080083f9   Thumb Code   156  dnaninf.o(x$fpl$dnaninf)
    __fpl_dretinf                            0x08008495   Thumb Code    12  dretinf.o(x$fpl$dretinf)
    __aeabi_dsub                             0x080084a1   Thumb Code     0  daddsub_clz.o(x$fpl$dsub)
    _dsub                                    0x080084a1   Thumb Code   464  daddsub_clz.o(x$fpl$dsub)
    __aeabi_f2d                              0x08008675   Thumb Code     0  f2d.o(x$fpl$f2d)
    _f2d                                     0x08008675   Thumb Code    86  f2d.o(x$fpl$f2d)
    __fpl_fcmp_Inf                           0x080086cb   Thumb Code    24  fcmpi.o(x$fpl$fcmpinf)
    __aeabi_cfcmpeq                          0x080086e5   Thumb Code     0  feqf.o(x$fpl$feqf)
    _fcmpeq                                  0x080086e5   Thumb Code   104  feqf.o(x$fpl$feqf)
    __aeabi_i2f                              0x0800874d   Thumb Code     0  fflt_clz.o(x$fpl$fflt)
    _fflt                                    0x0800874d   Thumb Code    48  fflt_clz.o(x$fpl$fflt)
    __aeabi_ui2f                             0x0800877d   Thumb Code     0  fflt_clz.o(x$fpl$ffltu)
    _ffltu                                   0x0800877d   Thumb Code    38  fflt_clz.o(x$fpl$ffltu)
    __fpl_fnaninf                            0x080087a3   Thumb Code   140  fnaninf.o(x$fpl$fnaninf)
    __fpl_fretinf                            0x0800882f   Thumb Code    10  fretinf.o(x$fpl$fretinf)
    __I$use$fp                               0x08008838   Number         0  usenofp.o(x$fpl$usenofp)
    auchCRCHi                                0x08008838   Data         256  crc8_16.o(.constdata)
    auchCRCLo                                0x08008938   Data         256  crc8_16.o(.constdata)
    PROFILE_NUMBER_MEASURE_SIGNALS           0x08008a50   Data           1  sgp30_featureset.o(.constdata)
    PROFILE_NUMBER_SET_ABSOLUTE_HUMIDITY     0x08008a51   Data           1  sgp30_featureset.o(.constdata)
    sgp_featureset9                          0x08008c50   Data          16  sgp30_featureset.o(.constdata)
    sgp_featureset32                         0x08008c60   Data          16  sgp30_featureset.o(.constdata)
    sgp_supported_featuresets                0x08008c70   Data           8  sgp30_featureset.o(.constdata)
    Region$$Table$$Base                      0x08008cb4   Number         0  anon$$obj.o(Region$$Table)
    Region$$Table$$Limit                     0x08008cd4   Number         0  anon$$obj.o(Region$$Table)
    __ctype                                  0x08008ce1   Data           0  lc_ctype_c.o(locale$$data)
    SystemCoreClock                          0x20000400   Data           4  system_stm32f10x.o(.data)
    AHBPrescTable                            0x20000404   Data          16  system_stm32f10x.o(.data)
    TempAndHumi                              0x20000428   Data           8  sht21.o(.data)
    collectNumber                            0x20000434   Data           1  collect.o(.data)
    centerNumber                             0x20000435   Data           1  collect.o(.data)
    controlNumber                            0x20000436   Data           1  collect.o(.data)
    collectId                                0x20000438   Data           2  collect.o(.data)
    time3_count                              0x2000043a   Data           2  interruptdef.o(.data)
    time3_flag                               0x2000043c   Data           1  interruptdef.o(.data)
    controlId                                0x2000043d   Data           1  interruptdef.o(.data)
    TvocValue                                0x2000043e   Data           4  kqm2801a.o(.data)
    TVOCValue                                0x20000442   Data           4  kqm2801a.o(.data)
    CO2Value                                 0x20000446   Data           4  kqm2801a.o(.data)
    PM2_5_value                              0x2000044c   Data           4  usart3.o(.data)
    usart3_rcv_len                           0x20000450   Data           4  usart3.o(.data)
    buf_len3                                 0x20000454   Data           1  usart3.o(.data)
    flag_rxusart3                            0x20000455   Data           1  usart3.o(.data)
    MaxLenth3                                0x20000456   Data           1  usart3.o(.data)
    Nowcount3                                0x20000457   Data           1  usart3.o(.data)
    USART3_IDE                               0x20000458   Data           1  usart3.o(.data)
    USART_RX_STA                             0x20000460   Data           2  usart1.o(.data)
    __stdout                                 0x20000468   Data           4  usart1.o(.data)
    AllocationFlag                           0x2000046c   Data           1  key.o(.data)
    featuresets                              0x200004b4   Data           8  sgp30_featureset.o(.data)
    dataBuffer                               0x200004bc   Data          40  deal.o(.bss)
    usart3_rcv_buf                           0x200004e4   Data         100  usart3.o(.bss)
    usart3_buf                               0x20000548   Data         256  usart3.o(.bss)
    USART_RX_BUF                             0x20000648   Data         200  usart1.o(.bss)
    __libspace_start                         0x20000740   Data          96  libspace.o(.bss)
    __temporary_stack_top$libspace           0x200007a0   Data           0  libspace.o(.bss)



==============================================================================

Memory Map of the image

  Image Entry point : 0x080028ed

  Load Region LR_IROM1 (Base: 0x08002800, Size: 0x000066a0, Max: 0x0000d800, ABSOLUTE)

    Execution Region ER_IROM1 (Base: 0x08002800, Size: 0x000065e4, Max: 0x0000d800, ABSOLUTE)

    Base Addr    Size         Type   Attr      Idx    E Section Name        Object

    0x08002800   0x000000ec   Data   RO          240    RESET               startup_stm32f10x_md.o
    0x080028ec   0x00000008   Code   RO          945  * !!!main             c_w.l(__main.o)
    0x080028f4   0x00000034   Code   RO         1219    !!!scatter          c_w.l(__scatter.o)
    0x08002928   0x0000001a   Code   RO         1221    !!handler_copy      c_w.l(__scatter_copy.o)
    0x08002942   0x00000002   PAD
    0x08002944   0x0000001c   Code   RO         1223    !!handler_zi        c_w.l(__scatter_zi.o)
    0x08002960   0x00000000   Code   RO          934    .ARM.Collect$$_printf_percent$$00000000  c_w.l(_printf_percent.o)
    0x08002960   0x00000006   Code   RO          933    .ARM.Collect$$_printf_percent$$0000000C  c_w.l(_printf_x.o)
    0x08002966   0x00000004   Code   RO         1015    .ARM.Collect$$_printf_percent$$00000017  c_w.l(_printf_percent_end.o)
    0x0800296a   0x00000002   Code   RO         1153    .ARM.Collect$$libinit$$00000000  c_w.l(libinit.o)
    0x0800296c   0x00000000   Code   RO         1027    .ARM.Collect$$libinit$$00000002  c_w.l(libinit2.o)
    0x0800296c   0x00000000   Code   RO         1029    .ARM.Collect$$libinit$$00000004  c_w.l(libinit2.o)
    0x0800296c   0x00000008   Code   RO         1030    .ARM.Collect$$libinit$$00000005  c_w.l(libinit2.o)
    0x08002974   0x00000000   Code   RO         1032    .ARM.Collect$$libinit$$0000000A  c_w.l(libinit2.o)
    0x08002974   0x00000000   Code   RO         1034    .ARM.Collect$$libinit$$0000000C  c_w.l(libinit2.o)
    0x08002974   0x00000000   Code   RO         1036    .ARM.Collect$$libinit$$0000000E  c_w.l(libinit2.o)
    0x08002974   0x00000006   Code   RO         1037    .ARM.Collect$$libinit$$0000000F  c_w.l(libinit2.o)
    0x0800297a   0x00000000   Code   RO         1039    .ARM.Collect$$libinit$$00000011  c_w.l(libinit2.o)
    0x0800297a   0x0000000c   Code   RO         1040    .ARM.Collect$$libinit$$00000012  c_w.l(libinit2.o)
    0x08002986   0x00000000   Code   RO         1041    .ARM.Collect$$libinit$$00000013  c_w.l(libinit2.o)
    0x08002986   0x00000000   Code   RO         1043    .ARM.Collect$$libinit$$00000015  c_w.l(libinit2.o)
    0x08002986   0x00000000   Code   RO         1045    .ARM.Collect$$libinit$$00000017  c_w.l(libinit2.o)
    0x08002986   0x00000000   Code   RO         1047    .ARM.Collect$$libinit$$00000019  c_w.l(libinit2.o)
    0x08002986   0x00000000   Code   RO         1049    .ARM.Collect$$libinit$$0000001B  c_w.l(libinit2.o)
    0x08002986   0x00000000   Code   RO         1051    .ARM.Collect$$libinit$$0000001D  c_w.l(libinit2.o)
    0x08002986   0x00000000   Code   RO         1053    .ARM.Collect$$libinit$$0000001F  c_w.l(libinit2.o)
    0x08002986   0x00000000   Code   RO         1055    .ARM.Collect$$libinit$$00000021  c_w.l(libinit2.o)
    0x08002986   0x00000000   Code   RO         1057    .ARM.Collect$$libinit$$00000023  c_w.l(libinit2.o)
    0x08002986   0x00000000   Code   RO         1059    .ARM.Collect$$libinit$$00000025  c_w.l(libinit2.o)
    0x08002986   0x00000000   Code   RO         1063    .ARM.Collect$$libinit$$0000002C  c_w.l(libinit2.o)
    0x08002986   0x00000000   Code   RO         1065    .ARM.Collect$$libinit$$0000002E  c_w.l(libinit2.o)
    0x08002986   0x00000000   Code   RO         1067    .ARM.Collect$$libinit$$00000030  c_w.l(libinit2.o)
    0x08002986   0x00000000   Code   RO         1069    .ARM.Collect$$libinit$$00000032  c_w.l(libinit2.o)
    0x08002986   0x00000002   Code   RO         1070    .ARM.Collect$$libinit$$00000033  c_w.l(libinit2.o)
    0x08002988   0x00000002   Code   RO         1216    .ARM.Collect$$libshutdown$$00000000  c_w.l(libshutdown.o)
    0x0800298a   0x00000000   Code   RO         1174    .ARM.Collect$$libshutdown$$00000003  c_w.l(libshutdown2.o)
    0x0800298a   0x00000000   Code   RO         1177    .ARM.Collect$$libshutdown$$00000006  c_w.l(libshutdown2.o)
    0x0800298a   0x00000000   Code   RO         1180    .ARM.Collect$$libshutdown$$00000009  c_w.l(libshutdown2.o)
    0x0800298a   0x00000000   Code   RO         1182    .ARM.Collect$$libshutdown$$0000000B  c_w.l(libshutdown2.o)
    0x0800298a   0x00000000   Code   RO         1185    .ARM.Collect$$libshutdown$$0000000E  c_w.l(libshutdown2.o)
    0x0800298a   0x00000002   Code   RO         1186    .ARM.Collect$$libshutdown$$0000000F  c_w.l(libshutdown2.o)
    0x0800298c   0x00000000   Code   RO          983    .ARM.Collect$$rtentry$$00000000  c_w.l(__rtentry.o)
    0x0800298c   0x00000000   Code   RO         1090    .ARM.Collect$$rtentry$$00000002  c_w.l(__rtentry2.o)
    0x0800298c   0x00000006   Code   RO         1102    .ARM.Collect$$rtentry$$00000004  c_w.l(__rtentry4.o)
    0x08002992   0x00000000   Code   RO         1092    .ARM.Collect$$rtentry$$00000009  c_w.l(__rtentry2.o)
    0x08002992   0x00000004   Code   RO         1093    .ARM.Collect$$rtentry$$0000000A  c_w.l(__rtentry2.o)
    0x08002996   0x00000000   Code   RO         1095    .ARM.Collect$$rtentry$$0000000C  c_w.l(__rtentry2.o)
    0x08002996   0x00000008   Code   RO         1096    .ARM.Collect$$rtentry$$0000000D  c_w.l(__rtentry2.o)
    0x0800299e   0x00000002   Code   RO         1154    .ARM.Collect$$rtexit$$00000000  c_w.l(rtexit.o)
    0x080029a0   0x00000000   Code   RO         1188    .ARM.Collect$$rtexit$$00000002  c_w.l(rtexit2.o)
    0x080029a0   0x00000004   Code   RO         1189    .ARM.Collect$$rtexit$$00000003  c_w.l(rtexit2.o)
    0x080029a4   0x00000006   Code   RO         1190    .ARM.Collect$$rtexit$$00000004  c_w.l(rtexit2.o)
    0x080029aa   0x00000002   PAD
    0x080029ac   0x00000000   Code   RO         1106    .emb_text           c_w.l(maybetermalloc1.o)
    0x080029ac   0x00000090   Code   RO            1    .text               main.o
    0x08002a3c   0x0000001a   Code   RO          163    .text               stm32f10x_it.o
    0x08002a56   0x00000002   PAD
    0x08002a58   0x000001e0   Code   RO          189    .text               system_stm32f10x.o
    0x08002c38   0x000005bc   Code   RO          226    .text               stm32f10x_flash.o
    0x080031f4   0x00000040   Code   RO          241    .text               startup_stm32f10x_md.o
    0x08003234   0x0000035c   Code   RO          245    .text               stm32f10x_gpio.o
    0x08003590   0x000003a4   Code   RO          257    .text               stm32f10x_rcc.o
    0x08003934   0x000000dc   Code   RO          271    .text               misc.o
    0x08003a10   0x00000408   Code   RO          283    .text               stm32f10x_usart.o
    0x08003e18   0x00000e1a   Code   RO          295    .text               stm32f10x_tim.o
    0x08004c32   0x00000002   PAD
    0x08004c34   0x0000011c   Code   RO          307    .text               stm32f10x_exti.o
    0x08004d50   0x00000040   Code   RO          319    .text               stm32f10x_iwdg.o
    0x08004d90   0x000001bc   Code   RO          331    .text               sht21.o
    0x08004f4c   0x00000288   Code   RO          365    .text               myiic.o
    0x080051d4   0x0000000e   Code   RO          377    .text               sys.o
    0x080051e2   0x00000002   PAD
    0x080051e4   0x000000d4   Code   RO          392    .text               delay.o
    0x080052b8   0x00000070   Code   RO          431    .text               collect.o
    0x08005328   0x000000c0   Code   RO          476    .text               interruptdef.o
    0x080053e8   0x000005d8   Code   RO          494    .text               deal.o
    0x080059c0   0x00000070   Code   RO          537    .text               crc8_16.o
    0x08005a30   0x0000010c   Code   RO          573    .text               led.o
    0x08005b3c   0x0000005a   Code   RO          585    .text               flash.o
    0x08005b96   0x00000002   PAD
    0x08005b98   0x00000234   Code   RO          597    .text               kqm2801a.o
    0x08005dcc   0x000002fc   Code   RO          619    .text               usart3.o
    0x080060c8   0x00000444   Code   RO          641    .text               usart1.o
    0x0800650c   0x00000034   Code   RO          661    .text               light.o
    0x08006540   0x000000b0   Code   RO          676    .text               key.o
    0x080065f0   0x0000002c   Code   RO          694    .text               wdg.o
    0x0800661c   0x00000030   Code   RO          709    .text               data_map.o
    0x0800664c   0x00000058   Code   RO          730    .text               sensirion_common.o
    0x080066a4   0x00000280   Code   RO          748    .text               sensirion_sw_i2c.o
    0x08006924   0x0000070c   Code   RO          782    .text               sgp30.o
    0x08007030   0x00000002   Code   RO          820    .text               c_w.l(use_no_semi_2.o)
    0x08007032   0x0000005e   Code   RO          826    .text               c_w.l(h1_alloc.o)
    0x08007090   0x0000004e   Code   RO          828    .text               c_w.l(h1_free.o)
    0x080070de   0x00000002   PAD
    0x080070e0   0x00000028   Code   RO          886    .text               c_w.l(noretval__2sprintf.o)
    0x08007108   0x0000004e   Code   RO          890    .text               c_w.l(_printf_pad.o)
    0x08007156   0x00000002   PAD
    0x08007158   0x00000058   Code   RO          895    .text               c_w.l(_printf_hex_int.o)
    0x080071b0   0x00000138   Code   RO          925    .text               c_w.l(__printf_flags_wp.o)
    0x080072e8   0x0000003c   Code   RO          935    .text               c_w.l(__0sscanf.o)
    0x08007324   0x0000014c   Code   RO          937    .text               c_w.l(_scanf_int.o)
    0x08007470   0x0000008a   Code   RO          939    .text               c_w.l(rt_memcpy_v6.o)
    0x080074fa   0x0000004e   Code   RO          941    .text               c_w.l(rt_memclr_w.o)
    0x08007548   0x00000006   Code   RO          943    .text               c_w.l(heapauxi.o)
    0x0800754e   0x00000002   Code   RO          979    .text               c_w.l(use_no_semi.o)
    0x08007550   0x00000008   Code   RO          987    .text               c_w.l(rt_heap_descriptor_intlibspace.o)
    0x08007558   0x00000004   Code   RO          989    .text               c_w.l(hguard.o)
    0x0800755c   0x0000008a   Code   RO          991    .text               c_w.l(init_alloc.o)
    0x080075e6   0x0000000e   Code   RO          995    .text               c_w.l(h1_init.o)
    0x080075f4   0x000000b2   Code   RO         1009    .text               c_w.l(_printf_intcommon.o)
    0x080076a6   0x00000002   PAD
    0x080076a8   0x00000030   Code   RO         1011    .text               c_w.l(_printf_char_common.o)
    0x080076d8   0x0000000a   Code   RO         1013    .text               c_w.l(_sputc.o)
    0x080076e2   0x0000001c   Code   RO         1016    .text               c_w.l(_chval.o)
    0x080076fe   0x00000002   PAD
    0x08007700   0x0000002c   Code   RO         1018    .text               c_w.l(scanf_char.o)
    0x0800772c   0x00000040   Code   RO         1020    .text               c_w.l(_sgetc.o)
    0x0800776c   0x00000064   Code   RO         1022    .text               c_w.l(rt_memcpy_w.o)
    0x080077d0   0x00000008   Code   RO         1086    .text               c_w.l(libspace.o)
    0x080077d8   0x00000034   Code   RO         1108    .text               c_w.l(h1_extend.o)
    0x0800780c   0x00000012   Code   RO         1112    .text               c_w.l(isspace.o)
    0x0800781e   0x00000002   PAD
    0x08007820   0x00000374   Code   RO         1116    .text               c_w.l(_scanf.o)
    0x08007b94   0x0000000e   Code   RO         1118    .text               c_w.l(defsig_rtmem_outer.o)
    0x08007ba2   0x0000004a   Code   RO         1130    .text               c_w.l(sys_stackheap_outer.o)
    0x08007bec   0x00000010   Code   RO         1132    .text               c_w.l(rt_ctype_table.o)
    0x08007bfc   0x0000000c   Code   RO         1138    .text               c_w.l(exit.o)
    0x08007c08   0x0000000a   Code   RO         1140    .text               c_w.l(defsig_exit.o)
    0x08007c12   0x00000002   PAD
    0x08007c14   0x00000050   Code   RO         1142    .text               c_w.l(defsig_rtmem_inner.o)
    0x08007c64   0x00000008   Code   RO         1159    .text               c_w.l(rt_locale_intlibspace.o)
    0x08007c6c   0x00000032   Code   RO         1170    .text               c_w.l(defsig_general.o)
    0x08007c9e   0x00000002   PAD
    0x08007ca0   0x00000080   Code   RO         1196    .text               c_w.l(strcmpv7m.o)
    0x08007d20   0x0000000e   Code   RO          923    i._is_digit         c_w.l(__printf_wp.o)
    0x08007d2e   0x00000002   PAD
    0x08007d30   0x0000002c   Code   RO         1166    locale$$code        c_w.l(lc_ctype_c.o)
    0x08007d5c   0x00000062   Code   RO          947    x$fpl$d2f           fz_ws.l(d2f.o)
    0x08007dbe   0x00000002   PAD
    0x08007dc0   0x00000150   Code   RO          949    x$fpl$dadd          fz_ws.l(daddsub_clz.o)
    0x08007f10   0x00000018   Code   RO         1071    x$fpl$dcmpinf       fz_ws.l(dcmpi.o)
    0x08007f28   0x000002b0   Code   RO          956    x$fpl$ddiv          fz_ws.l(ddiv.o)
    0x080081d8   0x0000002e   Code   RO          960    x$fpl$dflt          fz_ws.l(dflt_clz.o)
    0x08008206   0x00000026   Code   RO          959    x$fpl$dfltu         fz_ws.l(dflt_clz.o)
    0x0800822c   0x00000078   Code   RO          965    x$fpl$dleqf         fz_ws.l(dleqf.o)
    0x080082a4   0x00000154   Code   RO          967    x$fpl$dmul          fz_ws.l(dmul.o)
    0x080083f8   0x0000009c   Code   RO         1073    x$fpl$dnaninf       fz_ws.l(dnaninf.o)
    0x08008494   0x0000000c   Code   RO         1075    x$fpl$dretinf       fz_ws.l(dretinf.o)
    0x080084a0   0x000001d4   Code   RO          951    x$fpl$dsub          fz_ws.l(daddsub_clz.o)
    0x08008674   0x00000056   Code   RO          969    x$fpl$f2d           fz_ws.l(f2d.o)
    0x080086ca   0x00000018   Code   RO         1077    x$fpl$fcmpinf       fz_ws.l(fcmpi.o)
    0x080086e2   0x00000002   PAD
    0x080086e4   0x00000068   Code   RO          971    x$fpl$feqf          fz_ws.l(feqf.o)
    0x0800874c   0x00000030   Code   RO          974    x$fpl$fflt          fz_ws.l(fflt_clz.o)
    0x0800877c   0x00000026   Code   RO          973    x$fpl$ffltu         fz_ws.l(fflt_clz.o)
    0x080087a2   0x0000008c   Code   RO         1079    x$fpl$fnaninf       fz_ws.l(fnaninf.o)
    0x0800882e   0x0000000a   Code   RO         1081    x$fpl$fretinf       fz_ws.l(fretinf.o)
    0x08008838   0x00000000   Code   RO         1083    x$fpl$usenofp       fz_ws.l(usenofp.o)
    0x08008838   0x00000200   Data   RO          538    .constdata          crc8_16.o
    0x08008a38   0x00000018   Data   RO          784    .constdata          sgp30.o
    0x08008a50   0x00000228   Data   RO          804    .constdata          sgp30_featureset.o
    0x08008c78   0x00000028   Data   RO          896    .constdata          c_w.l(_printf_hex_int.o)
    0x08008ca0   0x00000011   Data   RO          926    .constdata          c_w.l(__printf_flags_wp.o)
    0x08008cb1   0x00000003   PAD
    0x08008cb4   0x00000020   Data   RO         1217    Region$$Table       anon$$obj.o
    0x08008cd4   0x00000110   Data   RO         1165    locale$$data        c_w.l(lc_ctype_c.o)


    Execution Region RW_IRAM1 (Base: 0x20000400, Size: 0x000009a0, Max: 0x00004c00, ABSOLUTE)

    Base Addr    Size         Type   Attr      Idx    E Section Name        Object

    0x20000400   0x00000014   Data   RW          190    .data               system_stm32f10x.o
    0x20000414   0x00000014   Data   RW          258    .data               stm32f10x_rcc.o
    0x20000428   0x00000008   Data   RW          332    .data               sht21.o
    0x20000430   0x00000004   Data   RW          393    .data               delay.o
    0x20000434   0x00000006   Data   RW          433    .data               collect.o
    0x2000043a   0x00000004   Data   RW          477    .data               interruptdef.o
    0x2000043e   0x0000000c   Data   RW          598    .data               kqm2801a.o
    0x2000044a   0x00000002   PAD
    0x2000044c   0x0000000e   Data   RW          621    .data               usart3.o
    0x2000045a   0x00000002   PAD
    0x2000045c   0x00000010   Data   RW          643    .data               usart1.o
    0x2000046c   0x00000001   Data   RW          677    .data               key.o
    0x2000046d   0x00000003   PAD
    0x20000470   0x0000004c   Data   RW          805    .data               sgp30_featureset.o
    0x200004bc   0x00000028   Zero   RW          495    .bss                deal.o
    0x200004e4   0x00000164   Zero   RW          620    .bss                usart3.o
    0x20000648   0x000000c8   Zero   RW          642    .bss                usart1.o
    0x20000710   0x00000030   Zero   RW          783    .bss                sgp30.o
    0x20000740   0x00000060   Zero   RW         1087    .bss                c_w.l(libspace.o)
    0x200007a0   0x00000200   Zero   RW          239    HEAP                startup_stm32f10x_md.o
    0x200009a0   0x00000400   Zero   RW          238    STACK               startup_stm32f10x_md.o


==============================================================================

Image component sizes


      Code (inc. data)   RO Data    RW Data    ZI Data      Debug   Object Name

       112         16          0          6          0       1581   collect.o
         0          0          0          0          0         32   core_cm3.o
       112         10        512          0          0       1347   crc8_16.o
        48          8          0          0          0        424   data_map.o
      1496         68          0          0         40      19374   deal.o
       212         18          0          4          0        903   delay.o
        90          0          0          0          0       1025   flash.o
       192         14          0          4          0       1259   interruptdef.o
       176         10          0          1          0        865   key.o
       564         28          0         12          0       1995   kqm2801a.o
       268          6          0          0          0        551   led.o
        52          6          0          0          0        433   light.o
       144         10          0          0          0     260811   main.o
       220         22          0          0          0       1821   misc.o
       648         16          0          0          0       1960   myiic.o
        88          0          0          0          0       1675   sensirion_common.o
       640          6          0          0          0       3869   sensirion_sw_i2c.o
      1804         54         24          0         48      13020   sgp30.o
         0          0        552         76          0       3665   sgp30_featureset.o
       444         34          0          8          0       2258   sht21.o
        64         26        236          0       1536        764   startup_stm32f10x_md.o
       284         10          0          0          0       2259   stm32f10x_exti.o
      1468         34          0          0          0       8054   stm32f10x_flash.o
       860         38          0          0          0       5665   stm32f10x_gpio.o
        26          0          0          0          0       1166   stm32f10x_it.o
        64          6          0          0          0       1269   stm32f10x_iwdg.o
       932         36          0         20          0       8820   stm32f10x_rcc.o
      3610         88          0          0          0      22156   stm32f10x_tim.o
      1032         22          0          0          0       8392   stm32f10x_usart.o
        14          0          0          0          0        586   sys.o
       480         38          0         20          0       1915   system_stm32f10x.o
      1092         40          0         16        200       5081   usart1.o
       764         68          0         14        356       3719   usart3.o
        44          0          0          0          0        586   wdg.o

    ----------------------------------------------------------------------
     18052        732       1356        188       2180     389300   Object Totals
         0          0         32          0          0          0   (incl. Generated)
         8          0          0          7          0          0   (incl. Padding)

    ----------------------------------------------------------------------

      Code (inc. data)   RO Data    RW Data    ZI Data      Debug   Library Member Name

        60          8          0          0          0         84   __0sscanf.o
         8          0          0          0          0         68   __main.o
       312          4         17          0          0         92   __printf_flags_wp.o
        14          0          0          0          0         68   __printf_wp.o
         0          0          0          0          0          0   __rtentry.o
        12          0          0          0          0          0   __rtentry2.o
         6          0          0          0          0          0   __rtentry4.o
        52          8          0          0          0          0   __scatter.o
        26          0          0          0          0          0   __scatter_copy.o
        28          0          0          0          0          0   __scatter_zi.o
        28          0          0          0          0         68   _chval.o
        48          6          0          0          0         96   _printf_char_common.o
        88          4         40          0          0         88   _printf_hex_int.o
       178          0          0          0          0         88   _printf_intcommon.o
        78          0          0          0          0        108   _printf_pad.o
         0          0          0          0          0          0   _printf_percent.o
         4          0          0          0          0          0   _printf_percent_end.o
         6          0          0          0          0          0   _printf_x.o
       884          6          0          0          0        100   _scanf.o
       332          0          0          0          0         96   _scanf_int.o
        64          0          0          0          0         84   _sgetc.o
        10          0          0          0          0         68   _sputc.o
        10          0          0          0          0         68   defsig_exit.o
        50          0          0          0          0         88   defsig_general.o
        80         58          0          0          0         76   defsig_rtmem_inner.o
        14          0          0          0          0         80   defsig_rtmem_outer.o
        12          0          0          0          0         72   exit.o
        94          0          0          0          0         80   h1_alloc.o
        52          0          0          0          0         68   h1_extend.o
        78          0          0          0          0         80   h1_free.o
        14          0          0          0          0         84   h1_init.o
         6          0          0          0          0        152   heapauxi.o
         4          0          0          0          0        136   hguard.o
       138          0          0          0          0        168   init_alloc.o
        18          0          0          0          0         76   isspace.o
        44         10        272          0          0         76   lc_ctype_c.o
         2          0          0          0          0          0   libinit.o
        28          0          0          0          0          0   libinit2.o
         2          0          0          0          0          0   libshutdown.o
         2          0          0          0          0          0   libshutdown2.o
         8          4          0          0         96         68   libspace.o
         0          0          0          0          0          0   maybetermalloc1.o
        40          6          0          0          0         84   noretval__2sprintf.o
        16          4          0          0          0         76   rt_ctype_table.o
         8          4          0          0          0         68   rt_heap_descriptor_intlibspace.o
         8          4          0          0          0         68   rt_locale_intlibspace.o
        78          0          0          0          0         80   rt_memclr_w.o
       138          0          0          0          0         68   rt_memcpy_v6.o
       100          0          0          0          0         80   rt_memcpy_w.o
         2          0          0          0          0          0   rtexit.o
        10          0          0          0          0          0   rtexit2.o
        44          8          0          0          0         84   scanf_char.o
       128          0          0          0          0         68   strcmpv7m.o
        74          0          0          0          0         80   sys_stackheap_outer.o
         2          0          0          0          0         68   use_no_semi.o
         2          0          0          0          0         68   use_no_semi_2.o
        98          4          0          0          0         92   d2f.o
       804         16          0          0          0        272   daddsub_clz.o
        24          0          0          0          0         68   dcmpi.o
       688        140          0          0          0        208   ddiv.o
        84          0          0          0          0        136   dflt_clz.o
       120          4          0          0          0         92   dleqf.o
       340         12          0          0          0        104   dmul.o
       156          4          0          0          0         92   dnaninf.o
        12          0          0          0          0         68   dretinf.o
        86          4          0          0          0         84   f2d.o
        24          0          0          0          0         68   fcmpi.o
       104          4          0          0          0         84   feqf.o
        86          0          0          0          0        136   fflt_clz.o
       140          4          0          0          0         84   fnaninf.o
        10          0          0          0          0         68   fretinf.o
         0          0          0          0          0          0   usenofp.o

    ----------------------------------------------------------------------
      6344        326        332          0         96       5028   Library Totals
        24          0          3          0          0          0   (incl. Padding)

    ----------------------------------------------------------------------

      Code (inc. data)   RO Data    RW Data    ZI Data      Debug   Library Name

      3544        134        329          0         96       3372   c_w.l
      2776        192          0          0          0       1656   fz_ws.l

    ----------------------------------------------------------------------
      6344        326        332          0         96       5028   Library Totals

    ----------------------------------------------------------------------

==============================================================================


      Code (inc. data)   RO Data    RW Data    ZI Data      Debug   

     24396       1058       1688        188       2276     388916   Grand Totals
     24396       1058       1688        188       2276     388916   ELF Image Totals
     24396       1058       1688        188          0          0   ROM Totals

==============================================================================

    Total RO  Size (Code + RO Data)                26084 (  25.47kB)
    Total RW  Size (RW Data + ZI Data)              2464 (   2.41kB)
    Total ROM Size (Code + RO Data + RW Data)      26272 (  25.66kB)

==============================================================================

