Component: ARM Compiler 5.05 update 1 (build 106) Tool: armlink [4d0efa]

==============================================================================

Section Cross References

    main.o(.text) refers to misc.o(.text) for NVIC_SetVectorTable
    main.o(.text) refers to sys.o(.text) for NVIC_Configuration
    main.o(.text) refers to delay.o(.text) for delay_init
    main.o(.text) refers to usart3.o(.text) for USART3_Init
    main.o(.text) refers to myiic.o(.text) for IIC_Init
    main.o(.text) refers to usart1.o(.text) for RF_Init
    main.o(.text) refers to interruptdef.o(.text) for time3_init
    main.o(.text) refers to led.o(.text) for LED_Init
    main.o(.text) refers to collect.o(.text) for addressIdinit
    main.o(.text) refers to light.o(.text) for Light_Init
    main.o(.text) refers to key.o(.text) for Key_Init
    main.o(.text) refers to sgp30.o(.text) for sgp_probe
    main.o(.text) refers to wdg.o(.text) for IWDG_Init
    main.o(.text) refers to deal.o(.text) for deal
    system_stm32f10x.o(.text) refers to system_stm32f10x.o(.data) for SystemCoreClock
    startup_stm32f10x_md.o(STACK) refers (Special) to heapauxi.o(.text) for __use_two_region_memory
    startup_stm32f10x_md.o(HEAP) refers (Special) to heapauxi.o(.text) for __use_two_region_memory
    startup_stm32f10x_md.o(RESET) refers (Special) to heapauxi.o(.text) for __use_two_region_memory
    startup_stm32f10x_md.o(RESET) refers to startup_stm32f10x_md.o(STACK) for __initial_sp
    startup_stm32f10x_md.o(RESET) refers to startup_stm32f10x_md.o(.text) for Reset_Handler
    startup_stm32f10x_md.o(RESET) refers to stm32f10x_it.o(.text) for NMI_Handler
    startup_stm32f10x_md.o(RESET) refers to interruptdef.o(.text) for TIM3_IRQHandler
    startup_stm32f10x_md.o(RESET) refers to usart1.o(.text) for USART1_IRQHandler
    startup_stm32f10x_md.o(RESET) refers to usart3.o(.text) for USART3_IRQHandler
    startup_stm32f10x_md.o(RESET) refers to key.o(.text) for EXTI15_10_IRQHandler
    startup_stm32f10x_md.o(.text) refers (Special) to heapauxi.o(.text) for __use_two_region_memory
    startup_stm32f10x_md.o(.text) refers to system_stm32f10x.o(.text) for SystemInit
    startup_stm32f10x_md.o(.text) refers to __main.o(!!!main) for __main
    startup_stm32f10x_md.o(.text) refers to startup_stm32f10x_md.o(HEAP) for Heap_Mem
    startup_stm32f10x_md.o(.text) refers to startup_stm32f10x_md.o(STACK) for Stack_Mem
    stm32f10x_gpio.o(.text) refers to stm32f10x_rcc.o(.text) for RCC_APB2PeriphResetCmd
    stm32f10x_rcc.o(.text) refers to stm32f10x_rcc.o(.data) for APBAHBPrescTable
    stm32f10x_usart.o(.text) refers to stm32f10x_rcc.o(.text) for RCC_APB2PeriphResetCmd
    stm32f10x_tim.o(.text) refers to stm32f10x_rcc.o(.text) for RCC_APB2PeriphResetCmd
    sht21.o(.text) refers to myiic.o(.text) for IIC_Init
    sht21.o(.text) refers to delay.o(.text) for delay_us
    sht21.o(.text) refers to fflt_clz.o(x$fpl$ffltu) for __aeabi_ui2f
    sht21.o(.text) refers to f2d.o(x$fpl$f2d) for __aeabi_f2d
    sht21.o(.text) refers to dmul.o(x$fpl$dmul) for __aeabi_dmul
    sht21.o(.text) refers to daddsub_clz.o(x$fpl$dsub) for __aeabi_dsub
    sht21.o(.text) refers to d2f.o(x$fpl$d2f) for __aeabi_d2f
    sht21.o(.text) refers to ffixu.o(x$fpl$ffixu) for __aeabi_f2uiz
    sht21.o(.text) refers to fmul.o(x$fpl$fmul) for __aeabi_fmul
    sht21.o(.text) refers to sht21.o(.data) for TempAndHumi
    myiic.o(.text) refers to delay.o(.text) for delay_us
    sys.o(.text) refers to misc.o(.text) for NVIC_PriorityGroupConfig
    delay.o(.text) refers to misc.o(.text) for SysTick_CLKSourceConfig
    delay.o(.text) refers to system_stm32f10x.o(.data) for SystemCoreClock
    delay.o(.text) refers to delay.o(.data) for fac_us
    data.o(.text) refers to _printf_pad.o(.text) for _printf_pre_padding
    data.o(.text) refers to _printf_percent.o(.ARM.Collect$$_printf_percent$$00000000) for _printf_percent
    data.o(.text) refers to _printf_x.o(.ARM.Collect$$_printf_percent$$0000000C) for _printf_x
    data.o(.text) refers to _printf_hex_int.o(.text) for _printf_longlong_hex
    data.o(.text) refers to _scanf_int.o(.text) for _scanf_int
    data.o(.text) refers to noretval__2sprintf.o(.text) for __2sprintf
    data.o(.text) refers to __0sscanf.o(.text) for __0sscanf
    collect.o(.text) refers to flash.o(.text) for flash_Read
    collect.o(.text) refers to sht21.o(.text) for Get_TempAmdHumi
    collect.o(.text) refers to kqm2801a.o(.text) for Get_TVOC
    collect.o(.text) refers to usart3.o(.text) for get_data
    collect.o(.text) refers to crc8_16.o(.text) for Get_Crc16
    collect.o(.text) refers to deal.o(.bss) for dataBuffer
    collect.o(.text) refers to collect.o(.data) for collectId
    collect.o(.text) refers to interruptdef.o(.data) for time3_count
    collect.o(.text) refers to sht21.o(.data) for TempAndHumi
    collect.o(.text) refers to kqm2801a.o(.data) for TVOCValue
    interruptdef.o(.text) refers to stm32f10x_rcc.o(.text) for RCC_APB1PeriphClockCmd
[...]
    .text                                    0x08007868   Section        0  defsig_rtmem_outer.o(.text)
    .text                                    0x08007876   Section       74  sys_stackheap_outer.o(.text)
    .text                                    0x080078c0   Section       16  rt_ctype_table.o(.text)
    .text                                    0x080078d0   Section        0  exit.o(.text)
    .text                                    0x080078dc   Section        0  defsig_exit.o(.text)
    .text                                    0x080078e8   Section        0  defsig_rtmem_inner.o(.text)
    .text                                    0x08007938   Section        8  rt_locale_intlibspace.o(.text)
    .text                                    0x08007940   Section        0  defsig_general.o(.text)
    .text                                    0x08007974   Section      128  strcmpv7m.o(.text)
    i._is_digit                              0x080079f4   Section        0  __printf_wp.o(i._is_digit)
    locale$$code                             0x08007a04   Section       44  lc_ctype_c.o(locale$$code)
    x$fpl$d2f                                0x08007a30   Section       98  d2f.o(x$fpl$d2f)
    x$fpl$dadd                               0x08007a94   Section      336  daddsub_clz.o(x$fpl$dadd)
    _dadd1                                   0x08007aa5   Thumb Code     0  daddsub_clz.o(x$fpl$dadd)
    x$fpl$dfltu                              0x08007be4   Section       38  dflt_clz.o(x$fpl$dfltu)
    x$fpl$dmul                               0x08007c0c   Section      340  dmul.o(x$fpl$dmul)
    x$fpl$dnaninf                            0x08007d60   Section      156  dnaninf.o(x$fpl$dnaninf)
    x$fpl$dretinf                            0x08007dfc   Section       12  dretinf.o(x$fpl$dretinf)
    x$fpl$dsub                               0x08007e08   Section      468  daddsub_clz.o(x$fpl$dsub)
    _dsub1                                   0x08007e19   Thumb Code     0  daddsub_clz.o(x$fpl$dsub)
    x$fpl$f2d                                0x08007fdc   Section       86  f2d.o(x$fpl$f2d)
    x$fpl$fcmpinf                            0x08008032   Section       24  fcmpi.o(x$fpl$fcmpinf)
    x$fpl$feqf                               0x0800804c   Section      104  feqf.o(x$fpl$feqf)
    x$fpl$ffixu                              0x080080b4   Section       62  ffixu.o(x$fpl$ffixu)
    x$fpl$fflt                               0x080080f4   Section       48  fflt_clz.o(x$fpl$fflt)
    x$fpl$ffltu                              0x08008124   Section       38  fflt_clz.o(x$fpl$ffltu)
    x$fpl$fmul                               0x0800814c   Section      258  fmul.o(x$fpl$fmul)
    x$fpl$fnaninf                            0x0800824e   Section      140  fnaninf.o(x$fpl$fnaninf)
    x$fpl$fretinf                            0x080082da   Section       10  fretinf.o(x$fpl$fretinf)
    .constdata                               0x080082e4   Section      512  crc8_16.o(.constdata)
    x$fpl$usenofp                            0x080082e4   Section        0  usenofp.o(x$fpl$usenofp)
    .constdata                               0x080084e4   Section       24  sgp30.o(.constdata)
    sgp_cmd_get_serial_id                    0x080084e4   Data           2  sgp30.o(.constdata)
    sgp_cmd_get_featureset                   0x080084e6   Data           2  sgp30.o(.constdata)
    sgp_cmd_measure_test                     0x080084e8   Data           2  sgp30.o(.constdata)
    sgp_features_unknown                     0x080084ec   Data          16  sgp30.o(.constdata)
    .constdata                               0x080084fc   Section      552  sgp30_featureset.o(.constdata)
    ETHANOL_SIGNAL_FS9                       0x08008500   Data          36  sgp30_featureset.o(.constdata)
    H2_SIGNAL_FS9                            0x08008524   Data          36  sgp30_featureset.o(.constdata)
    TVOC_PPB_FS9                             0x08008548   Data          36  sgp30_featureset.o(.constdata)
    CO2_EQ_PPM                               0x0800856c   Data          36  sgp30_featureset.o(.constdata)
    BASELINE_WORD1                           0x08008590   Data          36  sgp30_featureset.o(.constdata)
    BASELINE_WORD2                           0x080085b4   Data          36  sgp30_featureset.o(.constdata)
    SGP_PROFILE_IAQ_INIT                     0x080085d8   Data          48  sgp30_featureset.o(.constdata)
    SGP_PROFILE_IAQ_MEASURE9                 0x08008608   Data          48  sgp30_featureset.o(.constdata)
    SGP_PROFILE_IAQ_GET_BASELINE             0x08008638   Data          48  sgp30_featureset.o(.constdata)
    SGP_PROFILE_IAQ_SET_BASELINE             0x08008668   Data          48  sgp30_featureset.o(.constdata)
    SGP_PROFILE_MEASURE_SIGNALS9             0x08008698   Data          48  sgp30_featureset.o(.constdata)
    SGP_PROFILE_SET_ABSOLUTE_HUMIDITY        0x080086c8   Data          48  sgp30_featureset.o(.constdata)
    supported_featureset_versions_fs9        0x080086f8   Data           2  sgp30_featureset.o(.constdata)
    supported_featureset_versions_fs32       0x080086fa   Data           2  sgp30_featureset.o(.constdata)
    .constdata                               0x08008724   Section       40  _printf_hex_int.o(.constdata)
    uc_hextab                                0x08008724   Data          20  _printf_hex_int.o(.constdata)
    lc_hextab                                0x08008738   Data          20  _printf_hex_int.o(.constdata)
    .constdata                               0x0800874c   Section       17  __printf_flags_wp.o(.constdata)
    maptable                                 0x0800874c   Data          17  __printf_flags_wp.o(.constdata)
    locale$$data                             0x08008780   Section      272  lc_ctype_c.o(locale$$data)
    __lcctype_c_name                         0x08008784   Data           2  lc_ctype_c.o(locale$$data)
    __lcctype_c_start                        0x0800878c   Data           0  lc_ctype_c.o(locale$$data)
    __lcctype_c_end                          0x08008890   Data           0  lc_ctype_c.o(locale$$data)
    .data                                    0x20000000   Section       20  system_stm32f10x.o(.data)
    .data                                    0x20000014   Section       20  stm32f10x_rcc.o(.data)
    APBAHBPrescTable                         0x20000014   Data          16  stm32f10x_rcc.o(.data)
    ADCPrescTable                            0x20000024   Data           4  stm32f10x_rcc.o(.data)
    .data                                    0x20000028   Section        4  sht21.o(.data)
    .data                                    0x2000002c   Section        4  delay.o(.data)
    fac_us                                   0x2000002c   Data           1  delay.o(.data)
    fac_ms                                   0x2000002e   Data           2  delay.o(.data)
    .data                                    0x20000030   Section        6  collect.o(.data)
    .data                                    0x20000036   Section        4  interruptdef.o(.data)
    .data                                    0x2000003a   Section        8  kqm2801a.o(.data)
    .data                                    0x20000044   Section       14  usart3.o(.data)
    err_time                                 0x20000051   Data           1  usart3.o(.data)
    .data                                    0x20000054   Section       16  usart1.o(.data)
    RX_START                                 0x20000054   Data           2  usart1.o(.data)
    RET_START                                0x20000056   Data           2  usart1.o(.data)
    RET_NUM                                  0x2000005a   Data           2  usart1.o(.data)
    USART1_IDE                               0x2000005c   Data           1  usart1.o(.data)
    .data                                    0x20000064   Section        1  key.o(.data)
    .data                                    0x20000068   Section       76  sgp30_featureset.o(.data)
    SGP_PROFILE_IAQ_MEASURE_SIGNALS9         0x20000068   Data           8  sgp30_featureset.o(.data)
    SGP_PROFILE_IAQ_GET_BASELINE_SIGNALS     0x20000070   Data           8  sgp30_featureset.o(.data)
    SGP_PROFILE_MEASURE_SIGNALS_SIGNALS9     0x20000078   Data           8  sgp30_featureset.o(.data)
    sgp_profiles9                            0x20000080   Data          20  sgp30_featureset.o(.data)
    sgp_profiles32                           0x20000094   Data          24  sgp30_featureset.o(.data)
    .bss                                     0x200000b4   Section       40  deal.o(.bss)
    .bss                                     0x200000dc   Section      356  usart3.o(.bss)
    .bss                                     0x20000240   Section      200  usart1.o(.bss)
    .bss                                     0x20000308   Section       48  sgp30.o(.bss)
    client_data                              0x20000308   Data          48  sgp30.o(.bss)
    .bss                                     0x20000338   Section       96  libspace.o(.bss)
    HEAP                                     0x20000398   Section      512  startup_stm32f10x_md.o(HEAP)
    Heap_Mem                                 0x20000398   Data         512  startup_stm32f10x_md.o(HEAP)
    STACK                                    0x20000598   Section     1024  startup_stm32f10x_md.o(STACK)
    Stack_Mem                                0x20000598   Data        1024  startup_stm32f10x_md.o(STACK)
    __initial_sp                             0x20000998   Data           0  startup_stm32f10x_md.o(STACK)

    Global Symbols

    Symbol Name                              Value     Ov Type        Size  Object(Section)

    BuildAttributes$$THM_ISAv4$P$D$K$B$S$PE$A:L22UL41UL21$X:L11$S22US41US21$IEEE1$IW$USESV6$~STKCKD$USESV7$~SHL$OTIME$ROPI$EBA8$UX$STANDARDLIB$REQ8$PRES8$EABIv2 0x00000000   Number         0  anon$$obj.o ABSOLUTE
    __ARM_use_no_argv                        0x00000000   Number         0  main.o ABSOLUTE
    _printf_flags                            0x00000000   Number         0  printf_stubs.o ABSOLUTE
    _printf_return_value                     0x00000000   Number         0  printf_stubs.o ABSOLUTE
    _printf_sizespec                         0x00000000   Number         0  printf_stubs.o ABSOLUTE
    _printf_widthprec                        0x00000000   Number         0  printf_stubs.o ABSOLUTE
    __ARM_exceptions_init                     - Undefined Weak Reference
    __alloca_initialize                       - Undefined Weak Reference
    __arm_preinit_                            - Undefined Weak Reference
    __cpp_initialize__aeabi_                  - Undefined Weak Reference
    __cxa_finalize                            - Undefined Weak Reference
    __sigvec_lookup                           - Undefined Weak Reference
    __user_heap_extent                        - Undefined Weak Reference
    _atexit_init                              - Undefined Weak Reference
    _call_atexit_fns                          - Undefined Weak Reference
    _clock_init                               - Undefined Weak Reference
    _fp_trap_init                             - Undefined Weak Reference
    _fp_trap_shutdown                         - Undefined Weak Reference
    _get_lc_collate                           - Undefined Weak Reference
    _get_lc_monetary                          - Undefined Weak Reference
    _get_lc_numeric                           - Undefined Weak Reference
    _get_lc_time                              - Undefined Weak Reference
    _getenv_init                              - Undefined Weak Reference
    _handle_redirection                       - Undefined Weak Reference
    _initio                                   - Undefined Weak Reference
    _mutex_acquire                            - Undefined Weak Reference
    _mutex_free                               - Undefined Weak Reference
    _mutex_release                            - Undefined Weak Reference
    _printf_truncate_unsigned                 - Undefined Weak Reference
    _rand_init                                - Undefined Weak Reference
    _scanf_longlong                           - Undefined Weak Reference
    _scanf_mbtowc                             - Undefined Weak Reference
    _scanf_real                               - Undefined Weak Reference
    _scanf_string                             - Undefined Weak Reference
    _scanf_wctomb                             - Undefined Weak Reference
    _scanf_wstring                            - Undefined Weak Reference
    _signal_finish                            - Undefined Weak Reference
    _signal_init                              - Undefined Weak Reference
    _terminateio                              - Undefined Weak Reference
    __Vectors_Size                           0x000000ec   Number         0  startup_stm32f10x_md.o ABSOLUTE
    __Vectors                                0x08002800   Data           4  startup_stm32f10x_md.o(RESET)
    __Vectors_End                            0x080028ec   Data           0  startup_stm32f10x_md.o(RESET)
    __main                                   0x080028ed   Thumb Code     8  __main.o(!!!main)
    __scatterload                            0x080028f5   Thumb Code     0  __scatter.o(!!!scatter)
    __scatterload_rt2                        0x080028f5   Thumb Code    44  __scatter.o(!!!scatter)
    __scatterload_rt2_thumb_only             0x080028f5   Thumb Code     0  __scatter.o(!!!scatter)
    __scatterload_null                       0x08002903   Thumb Code     0  __scatter.o(!!!scatter)
    __scatterload_copy                       0x08002929   Thumb Code    26  __scatter_copy.o(!!handler_copy)
    __scatterload_zeroinit                   0x08002945   Thumb Code    28  __scatter_zi.o(!!handler_zi)
    _printf_percent                          0x08002961   Thumb Code     0  _printf_percent.o(.ARM.Collect$$_printf_percent$$00000000)
    _printf_x                                0x08002961   Thumb Code     0  _printf_x.o(.ARM.Collect$$_printf_percent$$0000000C)
    _printf_percent_end                      0x08002967   Thumb Code     0  _printf_percent_end.o(.ARM.Collect$$_printf_percent$$00000017)
    __rt_lib_init                            0x0800296b   Thumb Code     0  libinit.o(.ARM.Collect$$libinit$$00000000)
    __rt_lib_init_fp_1                       0x0800296d   Thumb Code     0  libinit2.o(.ARM.Collect$$libinit$$00000002)
    __rt_lib_init_heap_2                     0x0800296d   Thumb Code     0  libinit2.o(.ARM.Collect$$libinit$$00000005)
    __rt_lib_init_preinit_1                  0x0800296d   Thumb Code     0  libinit2.o(.ARM.Collect$$libinit$$00000004)
    __rt_lib_init_heap_1                     0x08002975   Thumb Code     0  libinit2.o(.ARM.Collect$$libinit$$0000000A)
    __rt_lib_init_lc_common                  0x08002975   Thumb Code     0  libinit2.o(.ARM.Collect$$libinit$$0000000F)
    __rt_lib_init_rand_1                     0x08002975   Thumb Code     0  libinit2.o(.ARM.Collect$$libinit$$0000000E)
    __rt_lib_init_user_alloc_1               0x08002975   Thumb Code     0  libinit2.o(.ARM.Collect$$libinit$$0000000C)
    __rt_lib_init_lc_collate_1               0x0800297b   Thumb Code     0  libinit2.o(.ARM.Collect$$libinit$$00000011)
    __rt_lib_init_lc_ctype_2                 0x0800297b   Thumb Code     0  libinit2.o(.ARM.Collect$$libinit$$00000012)
    __rt_lib_init_alloca_1                   0x08002987   Thumb Code     0  libinit2.o(.ARM.Collect$$libinit$$0000002E)
    __rt_lib_init_argv_1                     0x08002987   Thumb Code     0  libinit2.o(.ARM.Collect$$libinit$$0000002C)
    __rt_lib_init_atexit_1                   0x08002987   Thumb Code     0  libinit2.o(.ARM.Collect$$libinit$$0000001B)
    __rt_lib_init_clock_1                    0x08002987   Thumb Code     0  libinit2.o(.ARM.Collect$$libinit$$00000021)
    __rt_lib_init_cpp_1                      0x08002987   Thumb Code     0  libinit2.o(.ARM.Collect$$libinit$$00000032)
    __rt_lib_init_exceptions_1               0x08002987   Thumb Code     0  libinit2.o(.ARM.Collect$$libinit$$00000030)
    __rt_lib_init_fp_trap_1                  0x08002987   Thumb Code     0  libinit2.o(.ARM.Collect$$libinit$$0000001F)
    __rt_lib_init_getenv_1                   0x08002987   Thumb Code     0  libinit2.o(.ARM.Collect$$libinit$$00000023)
    __rt_lib_init_lc_ctype_1                 0x08002987   Thumb Code     0  libinit2.o(.ARM.Collect$$libinit$$00000013)
    __rt_lib_init_lc_monetary_1              0x08002987   Thumb Code     0  libinit2.o(.ARM.Collect$$libinit$$00000015)
    __rt_lib_init_lc_numeric_1               0x08002987   Thumb Code     0  libinit2.o(.ARM.Collect$$libinit$$00000017)
    __rt_lib_init_lc_time_1                  0x08002987   Thumb Code     0  libinit2.o(.ARM.Collect$$libinit$$00000019)
    __rt_lib_init_return                     0x08002987   Thumb Code     0  libinit2.o(.ARM.Collect$$libinit$$00000033)
    __rt_lib_init_signal_1                   0x08002987   Thumb Code     0  libinit2.o(.ARM.Collect$$libinit$$0000001D)
    __rt_lib_init_stdio_1                    0x08002987   Thumb Code     0  libinit2.o(.ARM.Collect$$libinit$$00000025)
    __rt_lib_shutdown                        0x08002989   Thumb Code     0  libshutdown.o(.ARM.Collect$$libshutdown$$00000000)
    __rt_lib_shutdown_fp_trap_1              0x0800298b   Thumb Code     0  libshutdown2.o(.ARM.Collect$$libshutdown$$00000006)
    __rt_lib_shutdown_heap_1                 0x0800298b   Thumb Code     0  libshutdown2.o(.ARM.Collect$$libshutdown$$0000000E)
    __rt_lib_shutdown_return                 0x0800298b   Thumb Code     0  libshutdown2.o(.ARM.Collect$$libshutdown$$0000000F)
    __rt_lib_shutdown_signal_1               0x0800298b   Thumb Code     0  libshutdown2.o(.ARM.Collect$$libshutdown$$00000009)
    __rt_lib_shutdown_stdio_1                0x0800298b   Thumb Code     0  libshutdown2.o(.ARM.Collect$$libshutdown$$00000003)
    __rt_lib_shutdown_user_alloc_1           0x0800298b   Thumb Code     0  libshutdown2.o(.ARM.Collect$$libshutdown$$0000000B)
    __rt_entry                               0x0800298d   Thumb Code     0  __rtentry.o(.ARM.Collect$$rtentry$$00000000)
    __rt_entry_presh_1                       0x0800298d   Thumb Code     0  __rtentry2.o(.ARM.Collect$$rtentry$$00000002)
    __rt_entry_sh                            0x0800298d   Thumb Code     0  __rtentry4.o(.ARM.Collect$$rtentry$$00000004)
    __rt_entry_li                            0x08002993   Thumb Code     0  __rtentry2.o(.ARM.Collect$$rtentry$$0000000A)
    __rt_entry_postsh_1                      0x08002993   Thumb Code     0  __rtentry2.o(.ARM.Collect$$rtentry$$00000009)
    __rt_entry_main                          0x08002997   Thumb Code     0  __rtentry2.o(.ARM.Collect$$rtentry$$0000000D)
    __rt_entry_postli_1                      0x08002997   Thumb Code     0  __rtentry2.o(.ARM.Collect$$rtentry$$0000000C)
    __rt_exit                                0x0800299f   Thumb Code     0  rtexit.o(.ARM.Collect$$rtexit$$00000000)
    __rt_exit_ls                             0x080029a1   Thumb Code     0  rtexit2.o(.ARM.Collect$$rtexit$$00000003)
    __rt_exit_prels_1                        0x080029a1   Thumb Code     0  rtexit2.o(.ARM.Collect$$rtexit$$00000002)
    __rt_exit_exit                           0x080029a5   Thumb Code     0  rtexit2.o(.ARM.Collect$$rtexit$$00000004)
    _maybe_terminate_alloc                   0x080029ad   Thumb Code     0  maybetermalloc1.o(.emb_text)
    main                                     0x080029ad   Thumb Code   130  main.o(.text)
    NMI_Handler                              0x08002a39   Thumb Code     2  stm32f10x_it.o(.text)
    HardFault_Handler                        0x08002a3b   Thumb Code     4  stm32f10x_it.o(.text)
    MemManage_Handler                        0x08002a3f   Thumb Code     4  stm32f10x_it.o(.text)
    BusFault_Handler                         0x08002a43   Thumb Code     4  stm32f10x_it.o(.text)
    UsageFault_Handler                       0x08002a47   Thumb Code     4  stm32f10x_it.o(.text)
    SVC_Handler                              0x08002a4b   Thumb Code     2  stm32f10x_it.o(.text)
    DebugMon_Handler                         0x08002a4d   Thumb Code     2  stm32f10x_it.o(.text)
    PendSV_Handler                           0x08002a4f   Thumb Code     2  stm32f10x_it.o(.text)
    SysTick_Handler                          0x08002a51   Thumb Code     2  stm32f10x_it.o(.text)
    SystemInit                               0x08002b33   Thumb Code    78  system_stm32f10x.o(.text)
    SystemCoreClockUpdate                    0x08002b81   Thumb Code   142  system_stm32f10x.o(.text)
    FLASH_SetLatency                         0x08002c35   Thumb Code    18  stm32f10x_flash.o(.text)
    FLASH_HalfCycleAccessCmd                 0x08002c47   Thumb Code    22  stm32f10x_flash.o(.text)
    FLASH_PrefetchBufferCmd                  0x08002c5d   Thumb Code    22  stm32f10x_flash.o(.text)
    FLASH_Unlock                             0x08002c73   Thumb Code    12  stm32f10x_flash.o(.text)
    FLASH_UnlockBank1                        0x08002c7f   Thumb Code    12  stm32f10x_flash.o(.text)
    FLASH_Lock                               0x08002c8b   Thumb Code    14  stm32f10x_flash.o(.text)
    FLASH_LockBank1                          0x08002c99   Thumb Code    14  stm32f10x_flash.o(.text)
    FLASH_GetBank1Status                     0x08002ca7   Thumb Code    48  stm32f10x_flash.o(.text)
    FLASH_WaitForLastOperation               0x08002cd7   Thumb Code    38  stm32f10x_flash.o(.text)
    FLASH_ErasePage                          0x08002cfd   Thumb Code    72  stm32f10x_flash.o(.text)
    FLASH_EraseAllPages                      0x08002d45   Thumb Code    68  stm32f10x_flash.o(.text)
    FLASH_WaitForLastBank1Operation          0x08002d89   Thumb Code    38  stm32f10x_flash.o(.text)
    FLASH_EraseAllBank1Pages                 0x08002daf   Thumb Code    68  stm32f10x_flash.o(.text)
    FLASH_GetReadOutProtectionStatus         0x08002df3   Thumb Code    20  stm32f10x_flash.o(.text)
    FLASH_EraseOptionBytes                   0x08002e07   Thumb Code   150  stm32f10x_flash.o(.text)
    FLASH_ProgramWord                        0x08002e9d   Thumb Code   102  stm32f10x_flash.o(.text)
    FLASH_ProgramHalfWord                    0x08002f03   Thumb Code    60  stm32f10x_flash.o(.text)
    FLASH_ProgramOptionByteData              0x08002f3f   Thumb Code    72  stm32f10x_flash.o(.text)
    FLASH_EnableWriteProtection              0x08002f87   Thumb Code   200  stm32f10x_flash.o(.text)
    FLASH_ReadOutProtection                  0x0800304f   Thumb Code   156  stm32f10x_flash.o(.text)
    FLASH_UserOptionByteConfig               0x080030eb   Thumb Code    88  stm32f10x_flash.o(.text)
    FLASH_GetUserOptionByte                  0x08003143   Thumb Code     8  stm32f10x_flash.o(.text)
    FLASH_GetWriteProtectionOptionByte       0x0800314b   Thumb Code     6  stm32f10x_flash.o(.text)
    FLASH_GetPrefetchBufferStatus            0x08003151   Thumb Code    20  stm32f10x_flash.o(.text)
    FLASH_ITConfig                           0x08003165   Thumb Code    26  stm32f10x_flash.o(.text)
    FLASH_GetFlagStatus                      0x0800317f   Thumb Code    42  stm32f10x_flash.o(.text)
    FLASH_ClearFlag                          0x080031a9   Thumb Code     6  stm32f10x_flash.o(.text)
    FLASH_GetStatus                          0x080031af   Thumb Code    48  stm32f10x_flash.o(.text)
    Reset_Handler                            0x080031f1   Thumb Code     8  startup_stm32f10x_md.o(.text)
    ADC1_2_IRQHandler                        0x0800320b   Thumb Code     0  startup_stm32f10x_md.o(.text)
    CAN1_RX1_IRQHandler                      0x0800320b   Thumb Code     0  startup_stm32f10x_md.o(.text)
    CAN1_SCE_IRQHandler                      0x0800320b   Thumb Code     0  startup_stm32f10x_md.o(.text)
    DMA1_Channel1_IRQHandler                 0x0800320b   Thumb Code     0  startup_stm32f10x_md.o(.text)
    DMA1_Channel2_IRQHandler                 0x0800320b   Thumb Code     0  startup_stm32f10x_md.o(.text)
    DMA1_Channel3_IRQHandler                 0x0800320b   Thumb Code     0  startup_stm32f10x_md.o(.text)
    DMA1_Channel4_IRQHandler                 0x0800320b   Thumb Code     0  startup_stm32f10x_md.o(.text)
    DMA1_Channel5_IRQHandler                 0x0800320b   Thumb Code     0  startup_stm32f10x_md.o(.text)
    DMA1_Channel6_IRQHandler                 0x0800320b   Thumb Code     0  startup_stm32f10x_md.o(.text)
    DMA1_Channel7_IRQHandler                 0x0800320b   Thumb Code     0  startup_stm32f10x_md.o(.text)
    EXTI0_IRQHandler                         0x0800320b   Thumb Code     0  startup_stm32f10x_md.o(.text)
    EXTI1_IRQHandler                         0x0800320b   Thumb Code     0  startup_stm32f10x_md.o(.text)
    EXTI2_IRQHandler                         0x0800320b   Thumb Code     0  startup_stm32f10x_md.o(.text)
    EXTI3_IRQHandler                         0x0800320b   Thumb Code     0  startup_stm32f10x_md.o(.text)
    EXTI4_IRQHandler                         0x0800320b   Thumb Code     0  startup_stm32f10x_md.o(.text)
    EXTI9_5_IRQHandler                       0x0800320b   Thumb Code     0  startup_stm32f10x_md.o(.text)
    FLASH_IRQHandler                         0x0800320b   Thumb Code     0  startup_stm32f10x_md.o(.text)
    I2C1_ER_IRQHandler                       0x0800320b   Thumb Code     0  startup_stm32f10x_md.o(.text)
    I2C1_EV_IRQHandler                       0x0800320b   Thumb Code     0  startup_stm32f10x_md.o(.text)
    I2C2_ER_IRQHandler                       0x0800320b   Thumb Code     0  startup_stm32f10x_md.o(.text)
    I2C2_EV_IRQHandler                       0x0800320b   Thumb Code     0  startup_stm32f10x_md.o(.text)
    PVD_IRQHandler                           0x0800320b   Thumb Code     0  startup_stm32f10x_md.o(.text)
    RCC_IRQHandler                           0x0800320b   Thumb Code     0  startup_stm32f10x_md.o(.text)
    RTCAlarm_IRQHandler                      0x0800320b   Thumb Code     0  startup_stm32f10x_md.o(.text)
    RTC_IRQHandler                           0x0800320b   Thumb Code     0  startup_stm32f10x_md.o(.text)
    SPI1_IRQHandler                          0x0800320b   Thumb Code     0  startup_stm32f10x_md.o(.text)
    SPI2_IRQHandler                          0x0800320b   Thumb Code     0  startup_stm32f10x_md.o(.text)
    TAMPER_IRQHandler                        0x0800320b   Thumb Code     0  startup_stm32f10x_md.o(.text)
    TIM1_BRK_IRQHandler                      0x0800320b   Thumb Code     0  startup_stm32f10x_md.o(.text)
    TIM1_CC_IRQHandler                       0x0800320b   Thumb Code     0  startup_stm32f10x_md.o(.text)
    TIM1_TRG_COM_IRQHandler                  0x0800320b   Thumb Code     0  startup_stm32f10x_md.o(.text)
    TIM1_UP_IRQHandler                       0x0800320b   Thumb Code     0  startup_stm32f10x_md.o(.text)
    TIM2_IRQHandler                          0x0800320b   Thumb Code     0  startup_stm32f10x_md.o(.text)
    TIM4_IRQHandler                          0x0800320b   Thumb Code     0  startup_stm32f10x_md.o(.text)
    USART2_IRQHandler                        0x0800320b   Thumb Code     0  startup_stm32f10x_md.o(.text)
    USBWakeUp_IRQHandler                     0x0800320b   Thumb Code     0  startup_stm32f10x_md.o(.text)
    USB_HP_CAN1_TX_IRQHandler                0x0800320b   Thumb Code     0  startup_stm32f10x_md.o(.text)
    USB_LP_CAN1_RX0_IRQHandler               0x0800320b   Thumb Code     0  startup_stm32f10x_md.o(.text)
    WWDG_IRQHandler                          0x0800320b   Thumb Code     0  startup_stm32f10x_md.o(.text)
    __user_initial_stackheap                 0x0800320d   Thumb Code     0  startup_stm32f10x_md.o(.text)
    GPIO_DeInit                              0x08003231   Thumb Code   172  stm32f10x_gpio.o(.text)
    GPIO_AFIODeInit                          0x080032dd   Thumb Code    20  stm32f10x_gpio.o(.text)
    GPIO_Init                                0x080032f1   Thumb Code   278  stm32f10x_gpio.o(.text)
    GPIO_StructInit                          0x08003407   Thumb Code    16  stm32f10x_gpio.o(.text)
    GPIO_ReadInputDataBit                    0x08003417   Thumb Code    18  stm32f10x_gpio.o(.text)
    GPIO_ReadInputData                       0x08003429   Thumb Code     8  stm32f10x_gpio.o(.text)
    GPIO_ReadOutputDataBit                   0x08003431   Thumb Code    18  stm32f10x_gpio.o(.text)
    GPIO_ReadOutputData                      0x08003443   Thumb Code     8  stm32f10x_gpio.o(.text)
    GPIO_SetBits                             0x0800344b   Thumb Code     4  stm32f10x_gpio.o(.text)
    GPIO_ResetBits                           0x0800344f   Thumb Code     4  stm32f10x_gpio.o(.text)
    GPIO_WriteBit                            0x08003453   Thumb Code    10  stm32f10x_gpio.o(.text)
    GPIO_Write                               0x0800345d   Thumb Code     4  stm32f10x_gpio.o(.text)
    GPIO_PinLockConfig                       0x08003461   Thumb Code    18  stm32f10x_gpio.o(.text)
    GPIO_EventOutputConfig                   0x08003473   Thumb Code    26  stm32f10x_gpio.o(.text)
    GPIO_EventOutputCmd                      0x0800348d   Thumb Code     6  stm32f10x_gpio.o(.text)
    GPIO_PinRemapConfig                      0x08003493   Thumb Code   138  stm32f10x_gpio.o(.text)
    GPIO_EXTILineConfig                      0x0800351d   Thumb Code    66  stm32f10x_gpio.o(.text)
    GPIO_ETH_MediaInterfaceConfig            0x0800355f   Thumb Code     8  stm32f10x_gpio.o(.text)
    RCC_DeInit                               0x0800358d   Thumb Code    64  stm32f10x_rcc.o(.text)
    RCC_HSEConfig                            0x080035cd   Thumb Code    70  stm32f10x_rcc.o(.text)
    RCC_GetFlagStatus                        0x08003613   Thumb Code    56  stm32f10x_rcc.o(.text)
    RCC_WaitForHSEStartUp                    0x0800364b   Thumb Code    56  stm32f10x_rcc.o(.text)
    RCC_AdjustHSICalibrationValue            0x08003683   Thumb Code    20  stm32f10x_rcc.o(.text)
    RCC_HSICmd                               0x08003697   Thumb Code     6  stm32f10x_rcc.o(.text)
    RCC_PLLConfig                            0x0800369d   Thumb Code    24  stm32f10x_rcc.o(.text)
    RCC_PLLCmd                               0x080036b5   Thumb Code     6  stm32f10x_rcc.o(.text)
    RCC_SYSCLKConfig                         0x080036bb   Thumb Code    18  stm32f10x_rcc.o(.text)
    RCC_GetSYSCLKSource                      0x080036cd   Thumb Code    10  stm32f10x_rcc.o(.text)
    RCC_HCLKConfig                           0x080036d7   Thumb Code    18  stm32f10x_rcc.o(.text)
    RCC_PCLK1Config                          0x080036e9   Thumb Code    18  stm32f10x_rcc.o(.text)
    RCC_PCLK2Config                          0x080036fb   Thumb Code    20  stm32f10x_rcc.o(.text)
    RCC_ITConfig                             0x0800370f   Thumb Code    26  stm32f10x_rcc.o(.text)
    RCC_USBCLKConfig                         0x08003729   Thumb Code     8  stm32f10x_rcc.o(.text)
    RCC_ADCCLKConfig                         0x08003731   Thumb Code    18  stm32f10x_rcc.o(.text)
    RCC_LSEConfig                            0x08003743   Thumb Code    50  stm32f10x_rcc.o(.text)
    RCC_LSICmd                               0x08003775   Thumb Code     6  stm32f10x_rcc.o(.text)
    RCC_RTCCLKConfig                         0x0800377b   Thumb Code    12  stm32f10x_rcc.o(.text)
    RCC_RTCCLKCmd                            0x08003787   Thumb Code     8  stm32f10x_rcc.o(.text)
    RCC_GetClocksFreq                        0x0800378f   Thumb Code   192  stm32f10x_rcc.o(.text)
    RCC_AHBPeriphClockCmd                    0x0800384f   Thumb Code    26  stm32f10x_rcc.o(.text)
    RCC_APB2PeriphClockCmd                   0x08003869   Thumb Code    26  stm32f10x_rcc.o(.text)
    RCC_APB1PeriphClockCmd                   0x08003883   Thumb Code    26  stm32f10x_rcc.o(.text)
    RCC_APB2PeriphResetCmd                   0x0800389d   Thumb Code    26  stm32f10x_rcc.o(.text)
    RCC_APB1PeriphResetCmd                   0x080038b7   Thumb Code    26  stm32f10x_rcc.o(.text)
    RCC_BackupResetCmd                       0x080038d1   Thumb Code     8  stm32f10x_rcc.o(.text)
    RCC_ClockSecuritySystemCmd               0x080038d9   Thumb Code     6  stm32f10x_rcc.o(.text)
    RCC_MCOConfig                            0x080038df   Thumb Code     6  stm32f10x_rcc.o(.text)
    RCC_ClearFlag                            0x080038e5   Thumb Code    14  stm32f10x_rcc.o(.text)
    RCC_GetITStatus                          0x080038f3   Thumb Code    20  stm32f10x_rcc.o(.text)
    RCC_ClearITPendingBit                    0x08003907   Thumb Code     6  stm32f10x_rcc.o(.text)
    NVIC_PriorityGroupConfig                 0x08003931   Thumb Code    10  misc.o(.text)
    NVIC_Init                                0x0800393b   Thumb Code   100  misc.o(.text)
    NVIC_SetVectorTable                      0x0800399f   Thumb Code    14  misc.o(.text)
    NVIC_SystemLPConfig                      0x080039ad   Thumb Code    34  misc.o(.text)
    SysTick_CLKSourceConfig                  0x080039cf   Thumb Code    40  misc.o(.text)
    USART_DeInit                             0x08003a0d   Thumb Code   134  stm32f10x_usart.o(.text)
    USART_Init                               0x08003a93   Thumb Code   210  stm32f10x_usart.o(.text)
    USART_StructInit                         0x08003b65   Thumb Code    24  stm32f10x_usart.o(.text)
    USART_ClockInit                          0x08003b7d   Thumb Code    34  stm32f10x_usart.o(.text)
    USART_ClockStructInit                    0x08003b9f   Thumb Code    12  stm32f10x_usart.o(.text)
    USART_Cmd                                0x08003bab   Thumb Code    24  stm32f10x_usart.o(.text)
    USART_ITConfig                           0x08003bc3   Thumb Code    74  stm32f10x_usart.o(.text)
    USART_DMACmd                             0x08003c0d   Thumb Code    18  stm32f10x_usart.o(.text)
    USART_SetAddress                         0x08003c1f   Thumb Code    18  stm32f10x_usart.o(.text)
    USART_WakeUpConfig                       0x08003c31   Thumb Code    18  stm32f10x_usart.o(.text)
    USART_ReceiverWakeUpCmd                  0x08003c43   Thumb Code    24  stm32f10x_usart.o(.text)
    USART_LINBreakDetectLengthConfig         0x08003c5b   Thumb Code    18  stm32f10x_usart.o(.text)
    USART_LINCmd                             0x08003c6d   Thumb Code    24  stm32f10x_usart.o(.text)
    USART_SendData                           0x08003c85   Thumb Code     8  stm32f10x_usart.o(.text)
    USART_ReceiveData                        0x08003c8d   Thumb Code    10  stm32f10x_usart.o(.text)
    USART_SendBreak                          0x08003c97   Thumb Code    10  stm32f10x_usart.o(.text)
    USART_SetGuardTime                       0x08003ca1   Thumb Code    16  stm32f10x_usart.o(.text)
    USART_SetPrescaler                       0x08003cb1   Thumb Code    16  stm32f10x_usart.o(.text)
    USART_SmartCardCmd                       0x08003cc1   Thumb Code    24  stm32f10x_usart.o(.text)
    USART_SmartCardNACKCmd                   0x08003cd9   Thumb Code    24  stm32f10x_usart.o(.text)
    USART_HalfDuplexCmd                      0x08003cf1   Thumb Code    24  stm32f10x_usart.o(.text)
    USART_OverSampling8Cmd                   0x08003d09   Thumb Code    22  stm32f10x_usart.o(.text)
    USART_OneBitMethodCmd                    0x08003d1f   Thumb Code    24  stm32f10x_usart.o(.text)
    USART_IrDAConfig                         0x08003d37   Thumb Code    18  stm32f10x_usart.o(.text)
    USART_IrDACmd                            0x08003d49   Thumb Code    24  stm32f10x_usart.o(.text)
    USART_GetFlagStatus                      0x08003d61   Thumb Code    26  stm32f10x_usart.o(.text)
    USART_ClearFlag                          0x08003d7b   Thumb Code    18  stm32f10x_usart.o(.text)
    USART_GetITStatus                        0x08003d8d   Thumb Code    84  stm32f10x_usart.o(.text)
    USART_ClearITPendingBit                  0x08003de1   Thumb Code    52  stm32f10x_usart.o(.text)
    TIM_DeInit                               0x08003e15   Thumb Code   424  stm32f10x_tim.o(.text)
    TIM_TimeBaseInit                         0x08003fbd   Thumb Code   122  stm32f10x_tim.o(.text)
    TIM_OC1Init                              0x08004037   Thumb Code   132  stm32f10x_tim.o(.text)
    TIM_OC2Init                              0x080040bb   Thumb Code   154  stm32f10x_tim.o(.text)
    TIM_OC3Init                              0x08004155   Thumb Code   150  stm32f10x_tim.o(.text)
    TIM_OC4Init                              0x080041eb   Thumb Code   182  stm32f10x_tim.o(.text)
    TIM_SetIC4Prescaler                      0x080042a1   Thumb Code    26  stm32f10x_tim.o(.text)
    TIM_SetIC3Prescaler                      0x0800433d   Thumb Code    18  stm32f10x_tim.o(.text)
    TIM_SetIC2Prescaler                      0x080043c9   Thumb Code    26  stm32f10x_tim.o(.text)
    TIM_SetIC1Prescaler                      0x08004465   Thumb Code    18  stm32f10x_tim.o(.text)
    TIM_ICInit                               0x080044e3   Thumb Code   150  stm32f10x_tim.o(.text)
    TIM_PWMIConfig                           0x08004579   Thumb Code   124  stm32f10x_tim.o(.text)
    TIM_BDTRConfig                           0x080045f5   Thumb Code    32  stm32f10x_tim.o(.text)
    TIM_TimeBaseStructInit                   0x08004615   Thumb Code    18  stm32f10x_tim.o(.text)
    TIM_OCStructInit                         0x08004627   Thumb Code    20  stm32f10x_tim.o(.text)
    TIM_ICStructInit                         0x0800463b   Thumb Code    18  stm32f10x_tim.o(.text)
    TIM_BDTRStructInit                       0x0800464d   Thumb Code    40  stm32f10x_tim.o(.text)
    TIM_Cmd                                  0x08004675   Thumb Code    24  stm32f10x_tim.o(.text)
    TIM_CtrlPWMOutputs                       0x0800468d   Thumb Code    30  stm32f10x_tim.o(.text)
    TIM_ITConfig                             0x080046ab   Thumb Code    18  stm32f10x_tim.o(.text)
    TIM_GenerateEvent                        0x080046bd   Thumb Code     4  stm32f10x_tim.o(.text)
    TIM_DMAConfig                            0x080046c1   Thumb Code    10  stm32f10x_tim.o(.text)
    TIM_DMACmd                               0x080046cb   Thumb Code    18  stm32f10x_tim.o(.text)
    TIM_InternalClockConfig                  0x080046dd   Thumb Code    12  stm32f10x_tim.o(.text)
    TIM_SelectInputTrigger                   0x080046e9   Thumb Code    18  stm32f10x_tim.o(.text)
    TIM_ITRxExternalClockConfig              0x080046fb   Thumb Code    24  stm32f10x_tim.o(.text)
    TIM_TIxExternalClockConfig               0x08004713   Thumb Code    62  stm32f10x_tim.o(.text)
    TIM_ETRConfig                            0x08004751   Thumb Code    28  stm32f10x_tim.o(.text)
    TIM_ETRClockMode1Config                  0x0800476d   Thumb Code    54  stm32f10x_tim.o(.text)
    TIM_ETRClockMode2Config                  0x080047a3   Thumb Code    32  stm32f10x_tim.o(.text)
    TIM_PrescalerConfig                      0x080047c3   Thumb Code     6  stm32f10x_tim.o(.text)
    TIM_CounterModeConfig                    0x080047c9   Thumb Code    18  stm32f10x_tim.o(.text)
    TIM_EncoderInterfaceConfig               0x080047db   Thumb Code    66  stm32f10x_tim.o(.text)
    TIM_ForcedOC1Config                      0x0800481d   Thumb Code    18  stm32f10x_tim.o(.text)
    TIM_ForcedOC2Config                      0x0800482f   Thumb Code    26  stm32f10x_tim.o(.text)
    TIM_ForcedOC3Config                      0x08004849   Thumb Code    18  stm32f10x_tim.o(.text)
    TIM_ForcedOC4Config                      0x0800485b   Thumb Code    26  stm32f10x_tim.o(.text)
    TIM_ARRPreloadConfig                     0x08004875   Thumb Code    24  stm32f10x_tim.o(.text)
    TIM_SelectCOM                            0x0800488d   Thumb Code    24  stm32f10x_tim.o(.text)
    TIM_SelectCCDMA                          0x080048a5   Thumb Code    24  stm32f10x_tim.o(.text)
    TIM_CCPreloadControl                     0x080048bd   Thumb Code    24  stm32f10x_tim.o(.text)
    TIM_OC1PreloadConfig                     0x080048d5   Thumb Code    18  stm32f10x_tim.o(.text)
    TIM_OC2PreloadConfig                     0x080048e7   Thumb Code    26  stm32f10x_tim.o(.text)
    TIM_OC3PreloadConfig                     0x08004901   Thumb Code    18  stm32f10x_tim.o(.text)
    TIM_OC4PreloadConfig                     0x08004913   Thumb Code    26  stm32f10x_tim.o(.text)
    TIM_OC1FastConfig                        0x0800492d   Thumb Code    18  stm32f10x_tim.o(.text)
    TIM_OC2FastConfig                        0x0800493f   Thumb Code    26  stm32f10x_tim.o(.text)
    TIM_OC3FastConfig                        0x08004959   Thumb Code    18  stm32f10x_tim.o(.text)
    TIM_OC4FastConfig                        0x0800496b   Thumb Code    26  stm32f10x_tim.o(.text)
    TIM_ClearOC1Ref                          0x08004985   Thumb Code    18  stm32f10x_tim.o(.text)
    TIM_ClearOC2Ref                          0x08004997   Thumb Code    24  stm32f10x_tim.o(.text)
    TIM_ClearOC3Ref                          0x080049af   Thumb Code    18  stm32f10x_tim.o(.text)
    TIM_ClearOC4Ref                          0x080049c1   Thumb Code    24  stm32f10x_tim.o(.text)
    TIM_OC1PolarityConfig                    0x080049d9   Thumb Code    18  stm32f10x_tim.o(.text)
    TIM_OC1NPolarityConfig                   0x080049eb   Thumb Code    18  stm32f10x_tim.o(.text)
    TIM_OC2PolarityConfig                    0x080049fd   Thumb Code    26  stm32f10x_tim.o(.text)
    TIM_OC2NPolarityConfig                   0x08004a17   Thumb Code    26  stm32f10x_tim.o(.text)
    TIM_OC3PolarityConfig                    0x08004a31   Thumb Code    26  stm32f10x_tim.o(.text)
    TIM_OC3NPolarityConfig                   0x08004a4b   Thumb Code    26  stm32f10x_tim.o(.text)
    TIM_OC4PolarityConfig                    0x08004a65   Thumb Code    26  stm32f10x_tim.o(.text)
    TIM_CCxCmd                               0x08004a7f   Thumb Code    30  stm32f10x_tim.o(.text)
    TIM_CCxNCmd                              0x08004a9d   Thumb Code    30  stm32f10x_tim.o(.text)
    TIM_SelectOCxM                           0x08004abb   Thumb Code    82  stm32f10x_tim.o(.text)
    TIM_UpdateDisableConfig                  0x08004b0d   Thumb Code    24  stm32f10x_tim.o(.text)
    TIM_UpdateRequestConfig                  0x08004b25   Thumb Code    24  stm32f10x_tim.o(.text)
    TIM_SelectHallSensor                     0x08004b3d   Thumb Code    24  stm32f10x_tim.o(.text)
    TIM_SelectOnePulseMode                   0x08004b55   Thumb Code    18  stm32f10x_tim.o(.text)
    TIM_SelectOutputTrigger                  0x08004b67   Thumb Code    18  stm32f10x_tim.o(.text)
    TIM_SelectSlaveMode                      0x08004b79   Thumb Code    18  stm32f10x_tim.o(.text)
    TIM_SelectMasterSlaveMode                0x08004b8b   Thumb Code    18  stm32f10x_tim.o(.text)
    TIM_SetCounter                           0x08004b9d   Thumb Code     4  stm32f10x_tim.o(.text)
    TIM_SetAutoreload                        0x08004ba1   Thumb Code     4  stm32f10x_tim.o(.text)
    TIM_SetCompare1                          0x08004ba5   Thumb Code     4  stm32f10x_tim.o(.text)
    TIM_SetCompare2                          0x08004ba9   Thumb Code     4  stm32f10x_tim.o(.text)
    TIM_SetCompare3                          0x08004bad   Thumb Code     4  stm32f10x_tim.o(.text)
    TIM_SetCompare4                          0x08004bb1   Thumb Code     6  stm32f10x_tim.o(.text)
    TIM_SetClockDivision                     0x08004bb7   Thumb Code    18  stm32f10x_tim.o(.text)
    TIM_GetCapture1                          0x08004bc9   Thumb Code     6  stm32f10x_tim.o(.text)
    TIM_GetCapture2                          0x08004bcf   Thumb Code     6  stm32f10x_tim.o(.text)
    TIM_GetCapture3                          0x08004bd5   Thumb Code     6  stm32f10x_tim.o(.text)
    TIM_GetCapture4                          0x08004bdb   Thumb Code     8  stm32f10x_tim.o(.text)
    TIM_GetCounter                           0x08004be3   Thumb Code     6  stm32f10x_tim.o(.text)
    TIM_GetPrescaler                         0x08004be9   Thumb Code     6  stm32f10x_tim.o(.text)
    TIM_GetFlagStatus                        0x08004bef   Thumb Code    18  stm32f10x_tim.o(.text)
    TIM_ClearFlag                            0x08004c01   Thumb Code     6  stm32f10x_tim.o(.text)
    TIM_GetITStatus                          0x08004c07   Thumb Code    34  stm32f10x_tim.o(.text)
    TIM_ClearITPendingBit                    0x08004c29   Thumb Code     6  stm32f10x_tim.o(.text)
    EXTI_DeInit                              0x08004c31   Thumb Code    28  stm32f10x_exti.o(.text)
    EXTI_Init                                0x08004c4d   Thumb Code   142  stm32f10x_exti.o(.text)
    EXTI_StructInit                          0x08004cdb   Thumb Code    16  stm32f10x_exti.o(.text)
    EXTI_GenerateSWInterrupt                 0x08004ceb   Thumb Code    16  stm32f10x_exti.o(.text)
    EXTI_GetFlagStatus                       0x08004cfb   Thumb Code    22  stm32f10x_exti.o(.text)
    EXTI_ClearFlag                           0x08004d11   Thumb Code     8  stm32f10x_exti.o(.text)
    EXTI_GetITStatus                         0x08004d19   Thumb Code    34  stm32f10x_exti.o(.text)
    EXTI_ClearITPendingBit                   0x08004d3b   Thumb Code     8  stm32f10x_exti.o(.text)
    IWDG_WriteAccessCmd                      0x08004d4d   Thumb Code     6  stm32f10x_iwdg.o(.text)
    IWDG_SetPrescaler                        0x08004d53   Thumb Code     6  stm32f10x_iwdg.o(.text)
    IWDG_SetReload                           0x08004d59   Thumb Code     6  stm32f10x_iwdg.o(.text)
    IWDG_ReloadCounter                       0x08004d5f   Thumb Code    10  stm32f10x_iwdg.o(.text)
    IWDG_Enable                              0x08004d69   Thumb Code    10  stm32f10x_iwdg.o(.text)
    IWDG_GetFlagStatus                       0x08004d73   Thumb Code    20  stm32f10x_iwdg.o(.text)
    SHT2X_MeasureNHM                         0x08004d8d   Thumb Code   248  sht21.o(.text)
    SoftReset                                0x08004e85   Thumb Code    28  sht21.o(.text)
    Set_Resolution                           0x08004ea1   Thumb Code    42  sht21.o(.text)
    Get_TempAmdHumi                          0x08004ecb   Thumb Code   102  sht21.o(.text)
    IIC_Init                                 0x08004f55   Thumb Code    52  myiic.o(.text)
    IIC_Start                                0x08004f89   Thumb Code    64  myiic.o(.text)
    IIC_Stop                                 0x08004fc9   Thumb Code    66  myiic.o(.text)
    IIC_Wait_Ack                             0x0800500b   Thumb Code    90  myiic.o(.text)
    IIC_Ack                                  0x08005065   Thumb Code    70  myiic.o(.text)
    IIC_NAck                                 0x080050ab   Thumb Code    70  myiic.o(.text)
    IIC_Send_Byte                            0x080050f1   Thumb Code    92  myiic.o(.text)
    IIC_Read_Byte                            0x0800514d   Thumb Code   100  myiic.o(.text)
    IIC_CheckDevice                          0x080051b1   Thumb Code    28  myiic.o(.text)
    NVIC_Configuration                       0x080051dd   Thumb Code    12  sys.o(.text)
    _ttywrch                                 0x080051e9   Thumb Code     2  sys.o(.text)
    delay_init                               0x080051ed   Thumb Code    50  delay.o(.text)
    delay_us                                 0x0800521f   Thumb Code    72  delay.o(.text)
    delay_ms                                 0x08005267   Thumb Code    72  delay.o(.text)
    Nothing                                  0x080052c1   Thumb Code    16  collect.o(.text)
    addressIdinit                            0x080052d1   Thumb Code    40  collect.o(.text)
    collectdeal                              0x080052f9   Thumb Code    30  collect.o(.text)
    returnEnvironmentData                    0x08005317   Thumb Code   136  collect.o(.text)
    time3_init                               0x080053b9   Thumb Code   108  interruptdef.o(.text)
    TIM3_IRQHandler                          0x08005425   Thumb Code    32  interruptdef.o(.text)
    SYSTIME_STOP                             0x08005445   Thumb Code    12  interruptdef.o(.text)
    SYSTIME_START                            0x08005451   Thumb Code    12  interruptdef.o(.text)
    Return_NEW                               0x08005469   Thumb Code   112  deal.o(.text)
    cmd_0x09                                 0x080054d9   Thumb Code    64  deal.o(.text)
    cmd_0x07                                 0x08005519   Thumb Code    68  deal.o(.text)
    cmd_0x06                                 0x0800555d   Thumb Code   150  deal.o(.text)
    cmd_0x01                                 0x080055f3   Thumb Code   366  deal.o(.text)
    deal                                     0x08005761   Thumb Code   192  deal.o(.text)
    Get_Crc16                                0x08005849   Thumb Code    46  crc8_16.o(.text)
    Get_Crc8                                 0x08005877   Thumb Code    56  crc8_16.o(.text)
    LED_Init                                 0x080058b9   Thumb Code   262  led.o(.text)
    flash_Write                              0x080059c5   Thumb Code    64  flash.o(.text)
    flash_Read                               0x08005a05   Thumb Code    26  flash.o(.text)
    KQM2801_Value                            0x08005a21   Thumb Code   202  kqm2801a.o(.text)
    SoftReset1                               0x08005aeb   Thumb Code    28  kqm2801a.o(.text)
    Set_Resolution1                          0x08005b07   Thumb Code    42  kqm2801a.o(.text)
    Get_TVOC                                 0x08005b31   Thumb Code   178  kqm2801a.o(.text)
    USART3_Init                              0x08005bfd   Thumb Code   180  usart3.o(.text)
    usart2_sendData                          0x08005cb1   Thumb Code    62  usart3.o(.text)
    usart2_receiveData                       0x08005cef   Thumb Code    76  usart3.o(.text)
    USART3_IRQHandler                        0x08005d3b   Thumb Code    90  usart3.o(.text)
    get_data                                 0x08005d95   Thumb Code   156  usart3.o(.text)
    Myitoa_16_to_10                          0x08005e31   Thumb Code    30  usart3.o(.text)
    PM_Ture                                  0x08005e4f   Thumb Code    30  usart3.o(.text)
    something                                0x08005e6d   Thumb Code    10  usart3.o(.text)
    _sys_exit                                0x08005eb9   Thumb Code     6  usart1.o(.text)
    fputc                                    0x08005ebf   Thumb Code    24  usart1.o(.text)
    RF_Init                                  0x08005ed7   Thumb Code   304  usart1.o(.text)
    USART1_GetFlag                           0x08006007   Thumb Code     6  usart1.o(.text)
    RF_Get                                   0x08006095   Thumb Code    56  usart1.o(.text)
    RF_GetCmd                                0x080060cd   Thumb Code   208  usart1.o(.text)
    USART1_IRQHandler                        0x0800619d   Thumb Code   248  usart1.o(.text)
    RF1_tx_bytes                             0x08006295   Thumb Code   100  usart1.o(.text)
    Light_Init                               0x080062fd   Thumb Code    46  light.o(.text)
    Key_Init                                 0x08006331   Thumb Code   110  key.o(.text)
    EXTI15_10_IRQHandler                     0x0800639f   Thumb Code    56  key.o(.text)
    IWDG_Init                                0x080063e1   Thumb Code    36  wdg.o(.text)
    IWDG_Feed                                0x08006405   Thumb Code     8  wdg.o(.text)
    sensirion_common_generate_crc            0x0800640d   Thumb Code    58  sensirion_common.o(.text)
    sensirion_common_check_crc               0x08006447   Thumb Code    30  sensirion_common.o(.text)
    sensirion_init_pins                      0x08006465   Thumb Code    46  sensirion_sw_i2c.o(.text)
    SDA_in                                   0x08006493   Thumb Code    36  sensirion_sw_i2c.o(.text)
    SDA_out                                  0x080064b7   Thumb Code    36  sensirion_sw_i2c.o(.text)
    sensirion_SDA_in                         0x080064db   Thumb Code    12  sensirion_sw_i2c.o(.text)
    sensirion_SDA_out                        0x080064e7   Thumb Code    12  sensirion_sw_i2c.o(.text)
    sensirion_SDA_read                       0x080064f3   Thumb Code    12  sensirion_sw_i2c.o(.text)
    sensirion_SCL_in                         0x080064ff   Thumb Code    12  sensirion_sw_i2c.o(.text)
    sensirion_SCL_out                        0x0800650b   Thumb Code    12  sensirion_sw_i2c.o(.text)
    sensirion_sleep_usec                     0x08006517   Thumb Code    12  sensirion_sw_i2c.o(.text)
    sensirion_i2c_write                      0x08006645   Thumb Code    74  sensirion_sw_i2c.o(.text)
    sensirion_i2c_read                       0x0800668f   Thumb Code    72  sensirion_sw_i2c.o(.text)
    sensirion_i2c_init                       0x080066d7   Thumb Code     8  sensirion_sw_i2c.o(.text)
    sgp_measure_test                         0x080069f7   Thumb Code    78  sgp30.o(.text)
    sgp_measure_iaq                          0x08006a45   Thumb Code    48  sgp30.o(.text)
    sgp_read_iaq                             0x08006a75   Thumb Code    58  sgp30.o(.text)
    sgp_measure_iaq_blocking_read            0x08006aaf   Thumb Code    42  sgp30.o(.text)
    sgp_measure_tvoc                         0x08006ad9   Thumb Code     8  sgp30.o(.text)
    sgp_read_tvoc                            0x08006ae1   Thumb Code    14  sgp30.o(.text)
    sgp_measure_tvoc_blocking_read           0x08006aef   Thumb Code    14  sgp30.o(.text)
    sgp_measure_co2_eq                       0x08006afd   Thumb Code     8  sgp30.o(.text)
    sgp_read_co2_eq                          0x08006b05   Thumb Code    14  sgp30.o(.text)
    sgp_measure_co2_eq_blocking_read         0x08006b13   Thumb Code    14  sgp30.o(.text)
    sgp_measure_signals_blocking_read        0x08006b21   Thumb Code    44  sgp30.o(.text)
    sgp_measure_signals                      0x08006b4d   Thumb Code    72  sgp30.o(.text)
    sgp_read_signals                         0x08006b95   Thumb Code    56  sgp30.o(.text)
    sgp_get_iaq_baseline                     0x08006bcd   Thumb Code    48  sgp30.o(.text)
    sgp_set_iaq_baseline                     0x08006bfd   Thumb Code    68  sgp30.o(.text)
    sgp_set_absolute_humidity                0x08006c41   Thumb Code   138  sgp30.o(.text)
    sgp_get_driver_version                   0x08006ccb   Thumb Code     4  sgp30.o(.text)
    sgp_get_configured_address               0x08006ccf   Thumb Code     4  sgp30.o(.text)
    sgp_get_feature_set_version              0x08006cd3   Thumb Code    20  sgp30.o(.text)
    sgp_get_serial_id                        0x08006ce7   Thumb Code    16  sgp30.o(.text)
    sgp_iaq_init                             0x08006cf7   Thumb Code    10  sgp30.o(.text)
    sgp_probe                                0x08006d01   Thumb Code   210  sgp30.o(.text)
    __use_no_semihosting                     0x08006df1   Thumb Code     2  use_no_semi_2.o(.text)
    malloc                                   0x08006df3   Thumb Code    94  h1_alloc.o(.text)
    free                                     0x08006e51   Thumb Code    78  h1_free.o(.text)
    __2sprintf                               0x08006ea1   Thumb Code    34  noretval__2sprintf.o(.text)
    _printf_pre_padding                      0x08006ec9   Thumb Code    44  _printf_pad.o(.text)
    _printf_post_padding                     0x08006ef5   Thumb Code    34  _printf_pad.o(.text)
    _printf_int_hex                          0x08006f19   Thumb Code    84  _printf_hex_int.o(.text)
    _printf_longlong_hex                     0x08006f19   Thumb Code     0  _printf_hex_int.o(.text)
    __printf                                 0x08006f71   Thumb Code   308  __printf_flags_wp.o(.text)
    __0sscanf                                0x080070a9   Thumb Code    52  __0sscanf.o(.text)
    _scanf_int                               0x080070e5   Thumb Code   332  _scanf_int.o(.text)
    __aeabi_memclr4                          0x08007231   Thumb Code     0  rt_memclr_w.o(.text)
    __aeabi_memclr8                          0x08007231   Thumb Code     0  rt_memclr_w.o(.text)
    __rt_memclr_w                            0x08007231   Thumb Code    78  rt_memclr_w.o(.text)
    _memset_w                                0x08007235   Thumb Code     0  rt_memclr_w.o(.text)
    __use_two_region_memory                  0x0800727f   Thumb Code     2  heapauxi.o(.text)
    __rt_heap_escrow                         0x08007281   Thumb Code     2  heapauxi.o(.text)
    __rt_heap_expand                         0x08007283   Thumb Code     2  heapauxi.o(.text)
    __I$use$semihosting                      0x08007285   Thumb Code     0  use_no_semi.o(.text)
    __use_no_semihosting_swi                 0x08007285   Thumb Code     2  use_no_semi.o(.text)
    __rt_heap_descriptor                     0x08007289   Thumb Code     8  rt_heap_descriptor_intlibspace.o(.text)
    __use_no_heap                            0x08007291   Thumb Code     2  hguard.o(.text)
    __heap$guard                             0x08007293   Thumb Code     2  hguard.o(.text)
    _terminate_user_alloc                    0x08007295   Thumb Code     2  init_alloc.o(.text)
    _init_user_alloc                         0x08007297   Thumb Code     2  init_alloc.o(.text)
    __Heap_Full                              0x08007299   Thumb Code    34  init_alloc.o(.text)
    __Heap_Broken                            0x080072bb   Thumb Code     6  init_alloc.o(.text)
    _init_alloc                              0x080072c1   Thumb Code    94  init_alloc.o(.text)
    __Heap_Initialize                        0x0800731f   Thumb Code    10  h1_init.o(.text)
    __Heap_DescSize                          0x08007329   Thumb Code     4  h1_init.o(.text)
    _printf_int_common                       0x0800732d   Thumb Code   178  _printf_intcommon.o(.text)
    _printf_char_common                      0x080073eb   Thumb Code    32  _printf_char_common.o(.text)
    _sputc                                   0x08007411   Thumb Code    10  _sputc.o(.text)
    _chval                                   0x0800741b   Thumb Code    28  _chval.o(.text)
    __vfscanf_char                           0x08007445   Thumb Code    24  scanf_char.o(.text)
    _sgetc                                   0x08007465   Thumb Code    30  _sgetc.o(.text)
    _sbackspace                              0x08007483   Thumb Code    34  _sgetc.o(.text)
    __user_libspace                          0x080074a5   Thumb Code     8  libspace.o(.text)
    __user_perproc_libspace                  0x080074a5   Thumb Code     0  libspace.o(.text)
    __user_perthread_libspace                0x080074a5   Thumb Code     0  libspace.o(.text)
    __Heap_ProvideMemory                     0x080074ad   Thumb Code    52  h1_extend.o(.text)
    isspace                                  0x080074e1   Thumb Code    18  isspace.o(.text)
    __vfscanf                                0x080074f5   Thumb Code   878  _scanf.o(.text)
    __rt_SIGRTMEM                            0x08007869   Thumb Code    14  defsig_rtmem_outer.o(.text)
    __user_setup_stackheap                   0x08007877   Thumb Code    74  sys_stackheap_outer.o(.text)
    __rt_ctype_table                         0x080078c1   Thumb Code    16  rt_ctype_table.o(.text)
    exit                                     0x080078d1   Thumb Code    12  exit.o(.text)
    __sig_exit                               0x080078dd   Thumb Code    10  defsig_exit.o(.text)
    __rt_SIGRTMEM_inner                      0x080078e9   Thumb Code    22  defsig_rtmem_inner.o(.text)
    __rt_locale                              0x08007939   Thumb Code     8  rt_locale_intlibspace.o(.text)
    __default_signal_display                 0x08007941   Thumb Code    50  defsig_general.o(.text)
    strcmp                                   0x08007975   Thumb Code   128  strcmpv7m.o(.text)
    _is_digit                                0x080079f5   Thumb Code    14  __printf_wp.o(i._is_digit)
    _get_lc_ctype                            0x08007a05   Thumb Code    44  lc_ctype_c.o(locale$$code)
    __aeabi_d2f                              0x08007a31   Thumb Code     0  d2f.o(x$fpl$d2f)
    _d2f                                     0x08007a31   Thumb Code    98  d2f.o(x$fpl$d2f)
    __aeabi_dadd                             0x08007a95   Thumb Code     0  daddsub_clz.o(x$fpl$dadd)
    _dadd                                    0x08007a95   Thumb Code   332  daddsub_clz.o(x$fpl$dadd)
    __aeabi_ui2d                             0x08007be5   Thumb Code     0  dflt_clz.o(x$fpl$dfltu)
    _dfltu                                   0x08007be5   Thumb Code    38  dflt_clz.o(x$fpl$dfltu)
    __aeabi_dmul                             0x08007c0d   Thumb Code     0  dmul.o(x$fpl$dmul)
    _dmul                                    0x08007c0d   Thumb Code   332  dmul.o(x$fpl$dmul)
    __fpl_dnaninf                            0x08007d61   Thumb Code   156  dnaninf.o(x$fpl$dnaninf)
    __fpl_dretinf                            0x08007dfd   Thumb Code    12  dretinf.o(x$fpl$dretinf)
    __aeabi_dsub                             0x08007e09   Thumb Code     0  daddsub_clz.o(x$fpl$dsub)
    _dsub                                    0x08007e09   Thumb Code   464  daddsub_clz.o(x$fpl$dsub)
    __aeabi_f2d                              0x08007fdd   Thumb Code     0  f2d.o(x$fpl$f2d)
    _f2d                                     0x08007fdd   Thumb Code    86  f2d.o(x$fpl$f2d)
    __fpl_fcmp_Inf                           0x08008033   Thumb Code    24  fcmpi.o(x$fpl$fcmpinf)
    __aeabi_cfcmpeq                          0x0800804d   Thumb Code     0  feqf.o(x$fpl$feqf)
    _fcmpeq                                  0x0800804d   Thumb Code   104  feqf.o(x$fpl$feqf)
    __aeabi_f2uiz                            0x080080b5   Thumb Code     0  ffixu.o(x$fpl$ffixu)
    _ffixu                                   0x080080b5   Thumb Code    62  ffixu.o(x$fpl$ffixu)
    __aeabi_i2f                              0x080080f5   Thumb Code     0  fflt_clz.o(x$fpl$fflt)
    _fflt                                    0x080080f5   Thumb Code    48  fflt_clz.o(x$fpl$fflt)
    __aeabi_ui2f                             0x08008125   Thumb Code     0  fflt_clz.o(x$fpl$ffltu)
    _ffltu                                   0x08008125   Thumb Code    38  fflt_clz.o(x$fpl$ffltu)
    __aeabi_fmul                             0x0800814d   Thumb Code     0  fmul.o(x$fpl$fmul)
    _fmul                                    0x0800814d   Thumb Code   258  fmul.o(x$fpl$fmul)
    __fpl_fnaninf                            0x0800824f   Thumb Code   140  fnaninf.o(x$fpl$fnaninf)
    __fpl_fretinf                            0x080082db   Thumb Code    10  fretinf.o(x$fpl$fretinf)
    __I$use$fp                               0x080082e4   Number         0  usenofp.o(x$fpl$usenofp)
    auchCRCHi                                0x080082e4   Data         256  crc8_16.o(.constdata)
    auchCRCLo                                0x080083e4   Data         256  crc8_16.o(.constdata)
    PROFILE_NUMBER_MEASURE_SIGNALS           0x080084fc   Data           1  sgp30_featureset.o(.constdata)
    PROFILE_NUMBER_SET_ABSOLUTE_HUMIDITY     0x080084fd   Data           1  sgp30_featureset.o(.constdata)
    sgp_featureset9                          0x080086fc   Data          16  sgp30_featureset.o(.constdata)
    sgp_featureset32                         0x0800870c   Data          16  sgp30_featureset.o(.constdata)
    sgp_supported_featuresets                0x0800871c   Data           8  sgp30_featureset.o(.constdata)
    Region$$Table$$Base                      0x08008760   Number         0  anon$$obj.o(Region$$Table)
    Region$$Table$$Limit                     0x08008780   Number         0  anon$$obj.o(Region$$Table)
    __ctype                                  0x0800878d   Data           0  lc_ctype_c.o(locale$$data)
    SystemCoreClock                          0x20000000   Data           4  system_stm32f10x.o(.data)
    AHBPrescTable                            0x20000004   Data          16  system_stm32f10x.o(.data)
    TempAndHumi                              0x20000028   Data           4  sht21.o(.data)
    collectNumber                            0x20000030   Data           1  collect.o(.data)
    centerNumber                             0x20000031   Data           1  collect.o(.data)
    controlNumber                            0x20000032   Data           1  collect.o(.data)
    collectId                                0x20000034   Data           2  collect.o(.data)
    time3_count                              0x20000036   Data           2  interruptdef.o(.data)
    time3_flag                               0x20000038   Data           1  interruptdef.o(.data)
    controlId                                0x20000039   Data           1  interruptdef.o(.data)
    TvocValue                                0x2000003a   Data           4  kqm2801a.o(.data)
    TVOCValue                                0x2000003e   Data           2  kqm2801a.o(.data)
    CO2Value                                 0x20000040   Data           2  kqm2801a.o(.data)
    PM2_5_value                              0x20000044   Data           2  usart3.o(.data)
    usart3_rcv_len                           0x20000048   Data           4  usart3.o(.data)
    buf_len3                                 0x2000004c   Data           1  usart3.o(.data)
    flag_rxusart3                            0x2000004d   Data           1  usart3.o(.data)
    MaxLenth3                                0x2000004e   Data           1  usart3.o(.data)
    Nowcount3                                0x2000004f   Data           1  usart3.o(.data)
    USART3_IDE                               0x20000050   Data           1  usart3.o(.data)
    USART_RX_STA                             0x20000058   Data           2  usart1.o(.data)
    __stdout                                 0x20000060   Data           4  usart1.o(.data)
    AllocationFlag                           0x20000064   Data           1  key.o(.data)
    featuresets                              0x200000ac   Data           8  sgp30_featureset.o(.data)
    dataBuffer                               0x200000b4   Data          40  deal.o(.bss)
    usart3_rcv_buf                           0x200000dc   Data         100  usart3.o(.bss)
    usart3_buf                               0x20000140   Data         256  usart3.o(.bss)
    USART_RX_BUF                             0x20000240   Data         200  usart1.o(.bss)
    __libspace_start                         0x20000338   Data          96  libspace.o(.bss)
    __temporary_stack_top$libspace           0x20000398   Data           0  libspace.o(.bss)



==============================================================================

Memory Map of the image

  Image Entry point : 0x080028ed

  Load Region LR_IROM1 (Base: 0x08002800, Size: 0x00006144, Max: 0x0000d800, ABSOLUTE)

    Execution Region ER_IROM1 (Base: 0x08002800, Size: 0x00006090, Max: 0x0000d800, ABSOLUTE)

    Base Addr    Size         Type   Attr      Idx    E Section Name        Object

    0x08002800   0x000000ec   Data   RO          237    RESET               startup_stm32f10x_md.o
    0x080028ec   0x00000008   Code   RO          909  * !!!main             c_w.l(__main.o)
    0x080028f4   0x00000034   Code   RO         1181    !!!scatter          c_w.l(__scatter.o)
    0x08002928   0x0000001a   Code   RO         1183    !!handler_copy      c_w.l(__scatter_copy.o)
    0x08002942   0x00000002   PAD
    0x08002944   0x0000001c   Code   RO         1185    !!handler_zi        c_w.l(__scatter_zi.o)
    0x08002960   0x00000000   Code   RO          900    .ARM.Collect$$_printf_percent$$00000000  c_w.l(_printf_percent.o)
    0x08002960   0x00000006   Code   RO          899    .ARM.Collect$$_printf_percent$$0000000C  c_w.l(_printf_x.o)
    0x08002966   0x00000004   Code   RO          979    .ARM.Collect$$_printf_percent$$00000017  c_w.l(_printf_percent_end.o)
    0x0800296a   0x00000002   Code   RO         1115    .ARM.Collect$$libinit$$00000000  c_w.l(libinit.o)
    0x0800296c   0x00000000   Code   RO          991    .ARM.Collect$$libinit$$00000002  c_w.l(libinit2.o)
    0x0800296c   0x00000000   Code   RO          993    .ARM.Collect$$libinit$$00000004  c_w.l(libinit2.o)
    0x0800296c   0x00000008   Code   RO          994    .ARM.Collect$$libinit$$00000005  c_w.l(libinit2.o)
    0x08002974   0x00000000   Code   RO          996    .ARM.Collect$$libinit$$0000000A  c_w.l(libinit2.o)
    0x08002974   0x00000000   Code   RO          998    .ARM.Collect$$libinit$$0000000C  c_w.l(libinit2.o)
    0x08002974   0x00000000   Code   RO         1000    .ARM.Collect$$libinit$$0000000E  c_w.l(libinit2.o)
    0x08002974   0x00000006   Code   RO         1001    .ARM.Collect$$libinit$$0000000F  c_w.l(libinit2.o)
    0x0800297a   0x00000000   Code   RO         1003    .ARM.Collect$$libinit$$00000011  c_w.l(libinit2.o)
    0x0800297a   0x0000000c   Code   RO         1004    .ARM.Collect$$libinit$$00000012  c_w.l(libinit2.o)
    0x08002986   0x00000000   Code   RO         1005    .ARM.Collect$$libinit$$00000013  c_w.l(libinit2.o)
    0x08002986   0x00000000   Code   RO         1007    .ARM.Collect$$libinit$$00000015  c_w.l(libinit2.o)
    0x08002986   0x00000000   Code   RO         1009    .ARM.Collect$$libinit$$00000017  c_w.l(libinit2.o)
    0x08002986   0x00000000   Code   RO         1011    .ARM.Collect$$libinit$$00000019  c_w.l(libinit2.o)
    0x08002986   0x00000000   Code   RO         1013    .ARM.Collect$$libinit$$0000001B  c_w.l(libinit2.o)
    0x08002986   0x00000000   Code   RO         1015    .ARM.Collect$$libinit$$0000001D  c_w.l(libinit2.o)
    0x08002986   0x00000000   Code   RO         1017    .ARM.Collect$$libinit$$0000001F  c_w.l(libinit2.o)
    0x08002986   0x00000000   Code   RO         1019    .ARM.Collect$$libinit$$00000021  c_w.l(libinit2.o)
    0x08002986   0x00000000   Code   RO         1021    .ARM.Collect$$libinit$$00000023  c_w.l(libinit2.o)
    0x08002986   0x00000000   Code   RO         1023    .ARM.Collect$$libinit$$00000025  c_w.l(libinit2.o)
    0x08002986   0x00000000   Code   RO         1027    .ARM.Collect$$libinit$$0000002C  c_w.l(libinit2.o)
    0x08002986   0x00000000   Code   RO         1029    .ARM.Collect$$libinit$$0000002E  c_w.l(libinit2.o)
    0x08002986   0x00000000   Code   RO         1031    .ARM.Collect$$libinit$$00000030  c_w.l(libinit2.o)
    0x08002986   0x00000000   Code   RO         1033    .ARM.Collect$$libinit$$00000032  c_w.l(libinit2.o)
    0x08002986   0x00000002   Code   RO         1034    .ARM.Collect$$libinit$$00000033  c_w.l(libinit2.o)
    0x08002988   0x00000002   Code   RO         1178    .ARM.Collect$$libshutdown$$00000000  c_w.l(libshutdown.o)
    0x0800298a   0x00000000   Code   RO         1136    .ARM.Collect$$libshutdown$$00000003  c_w.l(libshutdown2.o)
    0x0800298a   0x00000000   Code   RO         1139    .ARM.Collect$$libshutdown$$00000006  c_w.l(libshutdown2.o)
    0x0800298a   0x00000000   Code   RO         1142    .ARM.Collect$$libshutdown$$00000009  c_w.l(libshutdown2.o)
    0x0800298a   0x00000000   Code   RO         1144    .ARM.Collect$$libshutdown$$0000000B  c_w.l(libshutdown2.o)
    0x0800298a   0x00000000   Code   RO         1147    .ARM.Collect$$libshutdown$$0000000E  c_w.l(libshutdown2.o)
    0x0800298a   0x00000002   Code   RO         1148    .ARM.Collect$$libshutdown$$0000000F  c_w.l(libshutdown2.o)
    0x0800298c   0x00000000   Code   RO          947    .ARM.Collect$$rtentry$$00000000  c_w.l(__rtentry.o)
    0x0800298c   0x00000000   Code   RO         1052    .ARM.Collect$$rtentry$$00000002  c_w.l(__rtentry2.o)
    0x0800298c   0x00000006   Code   RO         1064    .ARM.Collect$$rtentry$$00000004  c_w.l(__rtentry4.o)
    0x08002992   0x00000000   Code   RO         1054    .ARM.Collect$$rtentry$$00000009  c_w.l(__rtentry2.o)
    0x08002992   0x00000004   Code   RO         1055    .ARM.Collect$$rtentry$$0000000A  c_w.l(__rtentry2.o)
    0x08002996   0x00000000   Code   RO         1057    .ARM.Collect$$rtentry$$0000000C  c_w.l(__rtentry2.o)
    0x08002996   0x00000008   Code   RO         1058    .ARM.Collect$$rtentry$$0000000D  c_w.l(__rtentry2.o)
    0x0800299e   0x00000002   Code   RO         1116    .ARM.Collect$$rtexit$$00000000  c_w.l(rtexit.o)
    0x080029a0   0x00000000   Code   RO         1150    .ARM.Collect$$rtexit$$00000002  c_w.l(rtexit2.o)
    0x080029a0   0x00000004   Code   RO         1151    .ARM.Collect$$rtexit$$00000003  c_w.l(rtexit2.o)
    0x080029a4   0x00000006   Code   RO         1152    .ARM.Collect$$rtexit$$00000004  c_w.l(rtexit2.o)
    0x080029aa   0x00000002   PAD
    0x080029ac   0x00000000   Code   RO         1068    .emb_text           c_w.l(maybetermalloc1.o)
    0x080029ac   0x0000008c   Code   RO            1    .text               main.o
    0x08002a38   0x0000001a   Code   RO          160    .text               stm32f10x_it.o
    0x08002a52   0x00000002   PAD
    0x08002a54   0x000001e0   Code   RO          186    .text               system_stm32f10x.o
    0x08002c34   0x000005bc   Code   RO          223    .text               stm32f10x_flash.o
    0x080031f0   0x00000040   Code   RO          238    .text               startup_stm32f10x_md.o
    0x08003230   0x0000035c   Code   RO          242    .text               stm32f10x_gpio.o
    0x0800358c   0x000003a4   Code   RO          254    .text               stm32f10x_rcc.o
    0x08003930   0x000000dc   Code   RO          268    .text               misc.o
    0x08003a0c   0x00000408   Code   RO          280    .text               stm32f10x_usart.o
    0x08003e14   0x00000e1a   Code   RO          292    .text               stm32f10x_tim.o
    0x08004c2e   0x00000002   PAD
    0x08004c30   0x0000011c   Code   RO          304    .text               stm32f10x_exti.o
    0x08004d4c   0x00000040   Code   RO          316    .text               stm32f10x_iwdg.o
    0x08004d8c   0x000001c8   Code   RO          328    .text               sht21.o
    0x08004f54   0x00000288   Code   RO          349    .text               myiic.o
    0x080051dc   0x0000000e   Code   RO          361    .text               sys.o
    0x080051ea   0x00000002   PAD
    0x080051ec   0x000000d4   Code   RO          376    .text               delay.o
    0x080052c0   0x000000f8   Code   RO          422    .text               collect.o
    0x080053b8   0x000000b0   Code   RO          470    .text               interruptdef.o
    0x08005468   0x000003e0   Code   RO          488    .text               deal.o
    0x08005848   0x00000070   Code   RO          531    .text               crc8_16.o
    0x080058b8   0x0000010c   Code   RO          567    .text               led.o
    0x080059c4   0x0000005a   Code   RO          579    .text               flash.o
    0x08005a1e   0x00000002   PAD
    0x08005a20   0x000001dc   Code   RO          591    .text               kqm2801a.o
    0x08005bfc   0x000002bc   Code   RO          612    .text               usart3.o
    0x08005eb8   0x00000444   Code   RO          628    .text               usart1.o
    0x080062fc   0x00000034   Code   RO          648    .text               light.o
    0x08006330   0x000000b0   Code   RO          663    .text               key.o
    0x080063e0   0x0000002c   Code   RO          681    .text               wdg.o
    0x0800640c   0x00000058   Code   RO          696    .text               sensirion_common.o
    0x08006464   0x00000280   Code   RO          714    .text               sensirion_sw_i2c.o
    0x080066e4   0x0000070c   Code   RO          748    .text               sgp30.o
    0x08006df0   0x00000002   Code   RO          786    .text               c_w.l(use_no_semi_2.o)
    0x08006df2   0x0000005e   Code   RO          792    .text               c_w.l(h1_alloc.o)
    0x08006e50   0x0000004e   Code   RO          794    .text               c_w.l(h1_free.o)
    0x08006e9e   0x00000002   PAD
    0x08006ea0   0x00000028   Code   RO          852    .text               c_w.l(noretval__2sprintf.o)
    0x08006ec8   0x0000004e   Code   RO          856    .text               c_w.l(_printf_pad.o)
    0x08006f16   0x00000002   PAD
    0x08006f18   0x00000058   Code   RO          861    .text               c_w.l(_printf_hex_int.o)
    0x08006f70   0x00000138   Code   RO          891    .text               c_w.l(__printf_flags_wp.o)
    0x080070a8   0x0000003c   Code   RO          901    .text               c_w.l(__0sscanf.o)
    0x080070e4   0x0000014c   Code   RO          903    .text               c_w.l(_scanf_int.o)
    0x08007230   0x0000004e   Code   RO          905    .text               c_w.l(rt_memclr_w.o)
    0x0800727e   0x00000006   Code   RO          907    .text               c_w.l(heapauxi.o)
    0x08007284   0x00000002   Code   RO          943    .text               c_w.l(use_no_semi.o)
    0x08007286   0x00000002   PAD
    0x08007288   0x00000008   Code   RO          951    .text               c_w.l(rt_heap_descriptor_intlibspace.o)
    0x08007290   0x00000004   Code   RO          953    .text               c_w.l(hguard.o)
    0x08007294   0x0000008a   Code   RO          955    .text               c_w.l(init_alloc.o)
    0x0800731e   0x0000000e   Code   RO          959    .text               c_w.l(h1_init.o)
    0x0800732c   0x000000b2   Code   RO          973    .text               c_w.l(_printf_intcommon.o)
    0x080073de   0x00000002   PAD
    0x080073e0   0x00000030   Code   RO          975    .text               c_w.l(_printf_char_common.o)
    0x08007410   0x0000000a   Code   RO          977    .text               c_w.l(_sputc.o)
    0x0800741a   0x0000001c   Code   RO          980    .text               c_w.l(_chval.o)
    0x08007436   0x00000002   PAD
    0x08007438   0x0000002c   Code   RO          982    .text               c_w.l(scanf_char.o)
    0x08007464   0x00000040   Code   RO          984    .text               c_w.l(_sgetc.o)
    0x080074a4   0x00000008   Code   RO         1048    .text               c_w.l(libspace.o)
    0x080074ac   0x00000034   Code   RO         1070    .text               c_w.l(h1_extend.o)
    0x080074e0   0x00000012   Code   RO         1074    .text               c_w.l(isspace.o)
    0x080074f2   0x00000002   PAD
    0x080074f4   0x00000374   Code   RO         1078    .text               c_w.l(_scanf.o)
    0x08007868   0x0000000e   Code   RO         1080    .text               c_w.l(defsig_rtmem_outer.o)
    0x08007876   0x0000004a   Code   RO         1092    .text               c_w.l(sys_stackheap_outer.o)
    0x080078c0   0x00000010   Code   RO         1094    .text               c_w.l(rt_ctype_table.o)
    0x080078d0   0x0000000c   Code   RO         1100    .text               c_w.l(exit.o)
    0x080078dc   0x0000000a   Code   RO         1102    .text               c_w.l(defsig_exit.o)
    0x080078e6   0x00000002   PAD
    0x080078e8   0x00000050   Code   RO         1104    .text               c_w.l(defsig_rtmem_inner.o)
    0x08007938   0x00000008   Code   RO         1121    .text               c_w.l(rt_locale_intlibspace.o)
    0x08007940   0x00000032   Code   RO         1132    .text               c_w.l(defsig_general.o)
    0x08007972   0x00000002   PAD
    0x08007974   0x00000080   Code   RO         1158    .text               c_w.l(strcmpv7m.o)
    0x080079f4   0x0000000e   Code   RO          889    i._is_digit         c_w.l(__printf_wp.o)
    0x08007a02   0x00000002   PAD
    0x08007a04   0x0000002c   Code   RO         1128    locale$$code        c_w.l(lc_ctype_c.o)
    0x08007a30   0x00000062   Code   RO          911    x$fpl$d2f           fz_ws.l(d2f.o)
    0x08007a92   0x00000002   PAD
    0x08007a94   0x00000150   Code   RO          913    x$fpl$dadd          fz_ws.l(daddsub_clz.o)
    0x08007be4   0x00000026   Code   RO          919    x$fpl$dfltu         fz_ws.l(dflt_clz.o)
    0x08007c0a   0x00000002   PAD
    0x08007c0c   0x00000154   Code   RO          925    x$fpl$dmul          fz_ws.l(dmul.o)
    0x08007d60   0x0000009c   Code   RO         1035    x$fpl$dnaninf       fz_ws.l(dnaninf.o)
    0x08007dfc   0x0000000c   Code   RO         1037    x$fpl$dretinf       fz_ws.l(dretinf.o)
    0x08007e08   0x000001d4   Code   RO          915    x$fpl$dsub          fz_ws.l(daddsub_clz.o)
    0x08007fdc   0x00000056   Code   RO          927    x$fpl$f2d           fz_ws.l(f2d.o)
    0x08008032   0x00000018   Code   RO         1039    x$fpl$fcmpinf       fz_ws.l(fcmpi.o)
    0x0800804a   0x00000002   PAD
    0x0800804c   0x00000068   Code   RO          929    x$fpl$feqf          fz_ws.l(feqf.o)
    0x080080b4   0x0000003e   Code   RO          931    x$fpl$ffixu         fz_ws.l(ffixu.o)
    0x080080f2   0x00000002   PAD
    0x080080f4   0x00000030   Code   RO          936    x$fpl$fflt          fz_ws.l(fflt_clz.o)
    0x08008124   0x00000026   Code   RO          935    x$fpl$ffltu         fz_ws.l(fflt_clz.o)
    0x0800814a   0x00000002   PAD
    0x0800814c   0x00000102   Code   RO          941    x$fpl$fmul          fz_ws.l(fmul.o)
    0x0800824e   0x0000008c   Code   RO         1041    x$fpl$fnaninf       fz_ws.l(fnaninf.o)
    0x080082da   0x0000000a   Code   RO         1043    x$fpl$fretinf       fz_ws.l(fretinf.o)
    0x080082e4   0x00000000   Code   RO         1045    x$fpl$usenofp       fz_ws.l(usenofp.o)
    0x080082e4   0x00000200   Data   RO          532    .constdata          crc8_16.o
    0x080084e4   0x00000018   Data   RO          750    .constdata          sgp30.o
    0x080084fc   0x00000228   Data   RO          770    .constdata          sgp30_featureset.o
    0x08008724   0x00000028   Data   RO          862    .constdata          c_w.l(_printf_hex_int.o)
    0x0800874c   0x00000011   Data   RO          892    .constdata          c_w.l(__printf_flags_wp.o)
    0x0800875d   0x00000003   PAD
    0x08008760   0x00000020   Data   RO         1179    Region$$Table       anon$$obj.o
    0x08008780   0x00000110   Data   RO         1127    locale$$data        c_w.l(lc_ctype_c.o)


    Execution Region RW_IRAM1 (Base: 0x20000000, Size: 0x00000998, Max: 0x00005000, ABSOLUTE)

    Base Addr    Size         Type   Attr      Idx    E Section Name        Object

    0x20000000   0x00000014   Data   RW          187    .data               system_stm32f10x.o
    0x20000014   0x00000014   Data   RW          255    .data               stm32f10x_rcc.o
    0x20000028   0x00000004   Data   RW          329    .data               sht21.o
    0x2000002c   0x00000004   Data   RW          377    .data               delay.o
    0x20000030   0x00000006   Data   RW          424    .data               collect.o
    0x20000036   0x00000004   Data   RW          471    .data               interruptdef.o
    0x2000003a   0x00000008   Data   RW          592    .data               kqm2801a.o
    0x20000042   0x00000002   PAD
    0x20000044   0x0000000e   Data   RW          614    .data               usart3.o
    0x20000052   0x00000002   PAD
    0x20000054   0x00000010   Data   RW          630    .data               usart1.o
    0x20000064   0x00000001   Data   RW          664    .data               key.o
    0x20000065   0x00000003   PAD
    0x20000068   0x0000004c   Data   RW          771    .data               sgp30_featureset.o
    0x200000b4   0x00000028   Zero   RW          489    .bss                deal.o
    0x200000dc   0x00000164   Zero   RW          613    .bss                usart3.o
    0x20000240   0x000000c8   Zero   RW          629    .bss                usart1.o
    0x20000308   0x00000030   Zero   RW          749    .bss                sgp30.o
    0x20000338   0x00000060   Zero   RW         1049    .bss                c_w.l(libspace.o)
    0x20000398   0x00000200   Zero   RW          236    HEAP                startup_stm32f10x_md.o
    0x20000598   0x00000400   Zero   RW          235    STACK               startup_stm32f10x_md.o


==============================================================================

Image component sizes


      Code (inc. data)   RO Data    RW Data    ZI Data      Debug   Object Name

       248         26          0          6          0       1879   collect.o
         0          0          0          0          0         32   core_cm3.o
       112         10        512          0          0       1347   crc8_16.o
       992         40          0          0         40      17981   deal.o
       212         18          0          4          0        903   delay.o
        90          0          0          0          0       1025   flash.o
       176         12          0          4          0       1255   interruptdef.o
       176         10          0          1          0        865   key.o
       476         26          0          8          0       1879   kqm2801a.o
       268          6          0          0          0        551   led.o
        52          6          0          0          0        433   light.o
       140         10          0          0          0     260807   main.o
       220         22          0          0          0       1821   misc.o
       648         16          0          0          0       1960   myiic.o
        88          0          0          0          0       1675   sensirion_common.o
       640          6          0          0          0       3869   sensirion_sw_i2c.o
      1804         54         24          0         48      13020   sgp30.o
         0          0        552         76          0       3665   sgp30_featureset.o
       456         36          0          4          0       1774   sht21.o
        64         26        236          0       1536        764   startup_stm32f10x_md.o
       284         10          0          0          0       2259   stm32f10x_exti.o
      1468         34          0          0          0       8054   stm32f10x_flash.o
       860         38          0          0          0       5665   stm32f10x_gpio.o
        26          0          0          0          0       1166   stm32f10x_it.o
        64          6          0          0          0       1269   stm32f10x_iwdg.o
       932         36          0         20          0       8820   stm32f10x_rcc.o
      3610         88          0          0          0      22156   stm32f10x_tim.o
      1032         22          0          0          0       8392   stm32f10x_usart.o
        14          0          0          0          0        586   sys.o
       480         38          0         20          0       1915   system_stm32f10x.o
      1092         40          0         16        200       5081   usart1.o
       700         66          0         14        356       3179   usart3.o
        44          0          0          0          0        586   wdg.o

    ----------------------------------------------------------------------
     17476        702       1356        180       2180     386633   Object Totals
         0          0         32          0          0          0   (incl. Generated)
         8          0          0          7          0          0   (incl. Padding)

    ----------------------------------------------------------------------

      Code (inc. data)   RO Data    RW Data    ZI Data      Debug   Library Member Name

        60          8          0          0          0         84   __0sscanf.o
         8          0          0          0          0         68   __main.o
       312          4         17          0          0         92   __printf_flags_wp.o
        14          0          0          0          0         68   __printf_wp.o
         0          0          0          0          0          0   __rtentry.o
        12          0          0          0          0          0   __rtentry2.o
         6          0          0          0          0          0   __rtentry4.o
        52          8          0          0          0          0   __scatter.o
        26          0          0          0          0          0   __scatter_copy.o
        28          0          0          0          0          0   __scatter_zi.o
        28          0          0          0          0         68   _chval.o
        48          6          0          0          0         96   _printf_char_common.o
        88          4         40          0          0         88   _printf_hex_int.o
       178          0          0          0          0         88   _printf_intcommon.o
        78          0          0          0          0        108   _printf_pad.o
         0          0          0          0          0          0   _printf_percent.o
         4          0          0          0          0          0   _printf_percent_end.o
         6          0          0          0          0          0   _printf_x.o
       884          6          0          0          0        100   _scanf.o
       332          0          0          0          0         96   _scanf_int.o
        64          0          0          0          0         84   _sgetc.o
        10          0          0          0          0         68   _sputc.o
        10          0          0          0          0         68   defsig_exit.o
        50          0          0          0          0         88   defsig_general.o
        80         58          0          0          0         76   defsig_rtmem_inner.o
        14          0          0          0          0         80   defsig_rtmem_outer.o
        12          0          0          0          0         72   exit.o
        94          0          0          0          0         80   h1_alloc.o
        52          0          0          0          0         68   h1_extend.o
        78          0          0          0          0         80   h1_free.o
        14          0          0          0          0         84   h1_init.o
         6          0          0          0          0        152   heapauxi.o
         4          0          0          0          0        136   hguard.o
       138          0          0          0          0        168   init_alloc.o
        18          0          0          0          0         76   isspace.o
        44         10        272          0          0         76   lc_ctype_c.o
         2          0          0          0          0          0   libinit.o
        28          0          0          0          0          0   libinit2.o
         2          0          0          0          0          0   libshutdown.o
         2          0          0          0          0          0   libshutdown2.o
         8          4          0          0         96         68   libspace.o
         0          0          0          0          0          0   maybetermalloc1.o
        40          6          0          0          0         84   noretval__2sprintf.o
        16          4          0          0          0         76   rt_ctype_table.o
         8          4          0          0          0         68   rt_heap_descriptor_intlibspace.o
         8          4          0          0          0         68   rt_locale_intlibspace.o
        78          0          0          0          0         80   rt_memclr_w.o
         2          0          0          0          0          0   rtexit.o
        10          0          0          0          0          0   rtexit2.o
        44          8          0          0          0         84   scanf_char.o
       128          0          0          0          0         68   strcmpv7m.o
        74          0          0          0          0         80   sys_stackheap_outer.o
         2          0          0          0          0         68   use_no_semi.o
         2          0          0          0          0         68   use_no_semi_2.o
        98          4          0          0          0         92   d2f.o
       804         16          0          0          0        272   daddsub_clz.o
        38          0          0          0          0         68   dflt_clz.o
       340         12          0          0          0        104   dmul.o
       156          4          0          0          0         92   dnaninf.o
        12          0          0          0          0         68   dretinf.o
        86          4          0          0          0         84   f2d.o
        24          0          0          0          0         68   fcmpi.o
       104          4          0          0          0         84   feqf.o
        62          4          0          0          0         84   ffixu.o
        86          0          0          0          0        136   fflt_clz.o
       258          4          0          0          0         84   fmul.o
       140          4          0          0          0         84   fnaninf.o
        10          0          0          0          0         68   fretinf.o
         0          0          0          0          0          0   usenofp.o

    ----------------------------------------------------------------------
      5556        190        332          0         96       4612   Library Totals
        32          0          3          0          0          0   (incl. Padding)

    ----------------------------------------------------------------------

      Code (inc. data)   RO Data    RW Data    ZI Data      Debug   Library Name

      3306        134        329          0         96       3224   c_w.l
      2218         56          0          0          0       1388   fz_ws.l

    ----------------------------------------------------------------------
      5556        190        332          0         96       4612   Library Totals

    ----------------------------------------------------------------------

==============================================================================


      Code (inc. data)   RO Data    RW Data    ZI Data      Debug   

     23032        892       1688        180       2276     386093   Grand Totals
     23032        892       1688        180       2276     386093   ELF Image Totals
     23032        892       1688        180          0          0   ROM Totals

==============================================================================

    Total RO  Size (Code + RO Data)                24720 (  24.14kB)
    Total RW  Size (RW Data + ZI Data)              2456 (   2.40kB)
    Total ROM Size (Code + RO Data + RW Data)      24900 (  24.32kB)

==============================================================================

